Adafruit_GFX.cpp:206:6:virtual void Adafruit_GFX::drawLine(int16_t, int16_t, int16_t, int16_t, uint16_t)	56	static
Adafruit_GFX.cpp:248:6:virtual void Adafruit_GFX::drawRect(int16_t, int16_t, int16_t, int16_t, uint16_t)	40	static
Adafruit_GFX.cpp:257:6:virtual void Adafruit_GFX::drawFastVLine(int16_t, int16_t, int16_t, uint16_t)	24	static
Adafruit_GFX.cpp:263:6:virtual void Adafruit_GFX::drawFastHLine(int16_t, int16_t, int16_t, uint16_t)	24	static
Adafruit_GFX.cpp:269:6:virtual void Adafruit_GFX::fillRect(int16_t, int16_t, int16_t, int16_t, uint16_t)	40	static
Adafruit_GFX.cpp:277:6:virtual void Adafruit_GFX::fillScreen(uint16_t)	16	static
Adafruit_GFX.cpp:515:6:virtual void Adafruit_GFX::invertDisplay(bool)	0	static
Adafruit_GFX.cpp:39:6:void Adafruit_GFX::drawMoon(int16_t, int16_t, int16_t, uint16_t)	96	static
Adafruit_GFX.cpp:85:1:Adafruit_GFX::Adafruit_GFX(int16_t, int16_t)	12	static
Adafruit_GFX.cpp:98:6:void Adafruit_GFX::drawCircle(int16_t, int16_t, int16_t, uint16_t)	80	static
Adafruit_GFX.cpp:132:6:void Adafruit_GFX::drawCircleHelper(int16_t, int16_t, int16_t, uint8_t, uint16_t)	64	static
Adafruit_GFX.cpp:175:6:void Adafruit_GFX::fillCircleHelper(int16_t, int16_t, int16_t, uint8_t, int16_t, uint16_t)	88	static
Adafruit_GFX.cpp:168:6:void Adafruit_GFX::fillCircle(int16_t, int16_t, int16_t, uint16_t)	48	static
Adafruit_GFX.cpp:67:6:void Adafruit_GFX::drawSun(int16_t, int16_t, int16_t, uint16_t)	64	static
Adafruit_GFX.cpp:282:6:void Adafruit_GFX::drawRoundRect(int16_t, int16_t, int16_t, int16_t, int16_t, uint16_t)	72	static
Adafruit_GFX.cpp:297:6:void Adafruit_GFX::fillRoundRect(int16_t, int16_t, int16_t, int16_t, int16_t, uint16_t)	72	static
Adafruit_GFX.cpp:308:6:void Adafruit_GFX::drawTriangle(int16_t, int16_t, int16_t, int16_t, int16_t, int16_t, uint16_t)	56	static
Adafruit_GFX.cpp:317:6:void Adafruit_GFX::fillTriangle(int16_t, int16_t, int16_t, int16_t, int16_t, int16_t, uint16_t)	88	static
Adafruit_GFX.cpp:394:6:void Adafruit_GFX::drawBitmap(int16_t, int16_t, const uint8_t*, int16_t, int16_t, uint16_t)	64	static
Adafruit_GFX.cpp:428:6:void Adafruit_GFX::drawChar(int16_t, int16_t, unsigned char, uint16_t, uint16_t, uint8_t)	96	static
Adafruit_GFX.cpp:410:8:virtual size_t Adafruit_GFX::write(uint8_t)	32	static
Adafruit_GFX.cpp:462:6:void Adafruit_GFX::setCursor(int16_t, int16_t)	0	static
Adafruit_GFX.cpp:467:6:void Adafruit_GFX::setTextSize(uint8_t)	0	static
Adafruit_GFX.cpp:471:6:void Adafruit_GFX::setTextColor(uint16_t)	0	static
Adafruit_GFX.cpp:477:6:void Adafruit_GFX::setTextColor(uint16_t, uint16_t)	0	static
Adafruit_GFX.cpp:482:6:void Adafruit_GFX::setTextWrap(bool)	0	static
Adafruit_GFX.cpp:486:9:uint8_t Adafruit_GFX::getRotation()	0	static
Adafruit_GFX.cpp:490:6:void Adafruit_GFX::setRotation(uint8_t)	0	static
Adafruit_GFX.cpp:507:9:int16_t Adafruit_GFX::width()	0	static
Adafruit_GFX.cpp:511:9:int16_t Adafruit_GFX::height()	0	static
