Archive member included to satisfy reference by file (symbol)

/home/chuong/workspace/tools/gcc-arm-none-eabi-5_4-2016q3/arm-none-eabi/lib/armv7-m/libc.a(lib_a-atof.o)
                              build_arm_cortex_m3_base_application_stm32l/WString.o (atof)
/home/chuong/workspace/tools/gcc-arm-none-eabi-5_4-2016q3/arm-none-eabi/lib/armv7-m/libc.a(lib_a-atol.o)
                              build_arm_cortex_m3_base_application_stm32l/WString.o (atol)
/home/chuong/workspace/tools/gcc-arm-none-eabi-5_4-2016q3/arm-none-eabi/lib/armv7-m/libc.a(lib_a-isspace.o)
                              build_arm_cortex_m3_base_application_stm32l/WString.o (isspace)
/home/chuong/workspace/tools/gcc-arm-none-eabi-5_4-2016q3/arm-none-eabi/lib/armv7-m/libc.a(lib_a-locale.o)
                              /home/chuong/workspace/tools/gcc-arm-none-eabi-5_4-2016q3/arm-none-eabi/lib/armv7-m/libc.a(lib_a-isspace.o) (__locale_ctype_ptr)
/home/chuong/workspace/tools/gcc-arm-none-eabi-5_4-2016q3/arm-none-eabi/lib/armv7-m/libc.a(lib_a-malloc.o)
                              build_arm_cortex_m3_base_application_stm32l/message.o (malloc)
/home/chuong/workspace/tools/gcc-arm-none-eabi-5_4-2016q3/arm-none-eabi/lib/armv7-m/libc.a(lib_a-mallocr.o)
                              /home/chuong/workspace/tools/gcc-arm-none-eabi-5_4-2016q3/arm-none-eabi/lib/armv7-m/libc.a(lib_a-malloc.o) (_malloc_r)
/home/chuong/workspace/tools/gcc-arm-none-eabi-5_4-2016q3/arm-none-eabi/lib/armv7-m/libc.a(lib_a-mbtowc_r.o)
                              /home/chuong/workspace/tools/gcc-arm-none-eabi-5_4-2016q3/arm-none-eabi/lib/armv7-m/libc.a(lib_a-locale.o) (__ascii_mbtowc)
/home/chuong/workspace/tools/gcc-arm-none-eabi-5_4-2016q3/arm-none-eabi/lib/armv7-m/libc.a(lib_a-memcmp.o)
                              build_arm_cortex_m3_base_application_stm32l/task_fw.o (memcmp)
/home/chuong/workspace/tools/gcc-arm-none-eabi-5_4-2016q3/arm-none-eabi/lib/armv7-m/libc.a(lib_a-memcpy.o)
                              build_arm_cortex_m3_base_application_stm32l/message.o (memcpy)
/home/chuong/workspace/tools/gcc-arm-none-eabi-5_4-2016q3/arm-none-eabi/lib/armv7-m/libc.a(lib_a-memmove.o)
                              build_arm_cortex_m3_base_application_stm32l/WString.o (memmove)
/home/chuong/workspace/tools/gcc-arm-none-eabi-5_4-2016q3/arm-none-eabi/lib/armv7-m/libc.a(lib_a-memset.o)
                              build_arm_cortex_m3_base_application_stm32l/task.o (memset)
/home/chuong/workspace/tools/gcc-arm-none-eabi-5_4-2016q3/arm-none-eabi/lib/armv7-m/libc.a(lib_a-mlock.o)
                              /home/chuong/workspace/tools/gcc-arm-none-eabi-5_4-2016q3/arm-none-eabi/lib/armv7-m/libc.a(lib_a-mallocr.o) (__malloc_lock)
/home/chuong/workspace/tools/gcc-arm-none-eabi-5_4-2016q3/arm-none-eabi/lib/armv7-m/libc.a(lib_a-rand.o)
                              build_arm_cortex_m3_base_application_stm32l/WMath.o (srand)
/home/chuong/workspace/tools/gcc-arm-none-eabi-5_4-2016q3/arm-none-eabi/lib/armv7-m/libc.a(lib_a-realloc.o)
                              build_arm_cortex_m3_base_application_stm32l/MPU6050.o (realloc)
/home/chuong/workspace/tools/gcc-arm-none-eabi-5_4-2016q3/arm-none-eabi/lib/armv7-m/libc.a(lib_a-reallocr.o)
                              /home/chuong/workspace/tools/gcc-arm-none-eabi-5_4-2016q3/arm-none-eabi/lib/armv7-m/libc.a(lib_a-realloc.o) (_realloc_r)
/home/chuong/workspace/tools/gcc-arm-none-eabi-5_4-2016q3/arm-none-eabi/lib/armv7-m/libc.a(lib_a-sbrkr.o)
                              /home/chuong/workspace/tools/gcc-arm-none-eabi-5_4-2016q3/arm-none-eabi/lib/armv7-m/libc.a(lib_a-mallocr.o) (_sbrk_r)
/home/chuong/workspace/tools/gcc-arm-none-eabi-5_4-2016q3/arm-none-eabi/lib/armv7-m/libc.a(lib_a-strcat.o)
                              build_arm_cortex_m3_base_application_stm32l/dtostrf.o (strcat)
/home/chuong/workspace/tools/gcc-arm-none-eabi-5_4-2016q3/arm-none-eabi/lib/armv7-m/libc.a(lib_a-strchr.o)
                              build_arm_cortex_m3_base_application_stm32l/WString.o (strchr)
/home/chuong/workspace/tools/gcc-arm-none-eabi-5_4-2016q3/arm-none-eabi/lib/armv7-m/libc.a(lib_a-strcmp.o)
                              build_arm_cortex_m3_base_application_stm32l/cmd_line.o (strcmp)
/home/chuong/workspace/tools/gcc-arm-none-eabi-5_4-2016q3/arm-none-eabi/lib/armv7-m/libc.a(lib_a-strcpy.o)
                              build_arm_cortex_m3_base_application_stm32l/sys_dbg.o (strcpy)
/home/chuong/workspace/tools/gcc-arm-none-eabi-5_4-2016q3/arm-none-eabi/lib/armv7-m/libc.a(lib_a-strlen-stub.o)
                              build_arm_cortex_m3_base_application_stm32l/dtostrf.o (strlen)
/home/chuong/workspace/tools/gcc-arm-none-eabi-5_4-2016q3/arm-none-eabi/lib/armv7-m/libc.a(lib_a-strncmp.o)
                              build_arm_cortex_m3_base_application_stm32l/WString.o (strncmp)
/home/chuong/workspace/tools/gcc-arm-none-eabi-5_4-2016q3/arm-none-eabi/lib/armv7-m/libc.a(lib_a-strncpy.o)
[...]
Memory Configuration

Name             Origin             Length             Attributes
FLASH            0x08000000         0x0000d000         xr
SRAM             0x20000000         0x00004000         xrw
*default*        0x00000000         0xffffffff

Linker script and memory map

                0x00000800                HEAP_SIZE = 0x800

.start_flash    0x08000000        0x0
                0x08000000                _start_flash = .

.isr_vector     0x08000000       0xf4
 *(.isr_vector)
 .isr_vector    0x08000000       0xf4 build_arm_cortex_m3_base_application_stm32l/system.o
                0x08000000                isr_vector
                0x080000f4                . = ALIGN (0x4)

.text           0x080000f8     0xa588
                0x080000f8                . = ALIGN (0x4)
 *(.text)
 .text          0x080000f8       0xec /home/chuong/workspace/tools/gcc-arm-none-eabi-5_4-2016q3/arm-none-eabi/lib/armv7-m/libc.a(lib_a-memcpy.o)
                0x080000f8                memcpy
 .text          0x080001e4      0x1bc /home/chuong/workspace/tools/gcc-arm-none-eabi-5_4-2016q3/arm-none-eabi/lib/armv7-m/libc.a(lib_a-strcmp.o)
                0x080001e4                strcmp
 .text          0x080003a0      0x370 /home/chuong/workspace/tools/gcc-arm-none-eabi-5_4-2016q3/lib/gcc/arm-none-eabi/5.4.1/armv7-m/libgcc.a(_arm_addsubdf3.o)
                0x080003a0                __aeabi_drsub
                0x080003a8                __aeabi_dsub
                0x080003a8                __subdf3
                0x080003ac                __adddf3
                0x080003ac                __aeabi_dadd
                0x08000624                __aeabi_ui2d
                0x08000624                __floatunsidf
                0x08000644                __floatsidf
                0x08000644                __aeabi_i2d
                0x08000668                __extendsfdf2
                0x08000668                __aeabi_f2d
                0x080006a4                __aeabi_ul2d
                0x080006a4                __floatundidf
                0x080006b4                __floatdidf
                0x080006b4                __aeabi_l2d
 .text          0x08000710      0x424 /home/chuong/workspace/tools/gcc-arm-none-eabi-5_4-2016q3/lib/gcc/arm-none-eabi/5.4.1/armv7-m/libgcc.a(_arm_muldivdf3.o)
                0x08000710                __aeabi_dmul
                0x08000710                __muldf3
                0x08000964                __aeabi_ddiv
                0x08000964                __divdf3
 .text          0x08000b34      0x110 /home/chuong/workspace/tools/gcc-arm-none-eabi-5_4-2016q3/lib/gcc/arm-none-eabi/5.4.1/armv7-m/libgcc.a(_arm_cmpdf2.o)
                0x08000b34                __gtdf2
                0x08000b34                __gedf2
                0x08000b3c                __ltdf2
                0x08000b3c                __ledf2
                0x08000b44                __cmpdf2
                0x08000b44                __eqdf2
                0x08000b44                __nedf2
                0x08000bc0                __aeabi_cdrcmple
                0x08000bd0                __aeabi_cdcmple
                0x08000bd0                __aeabi_cdcmpeq
                0x08000be0                __aeabi_dcmpeq
                0x08000bf4                __aeabi_dcmplt
                0x08000c08                __aeabi_dcmple
                0x08000c1c                __aeabi_dcmpge
                0x08000c30                __aeabi_dcmpgt
 .text          0x08000c44       0x2c /home/chuong/workspace/tools/gcc-arm-none-eabi-5_4-2016q3/lib/gcc/arm-none-eabi/5.4.1/armv7-m/libgcc.a(_arm_unorddf2.o)
                0x08000c44                __aeabi_dcmpun
                0x08000c44                __unorddf2
 .text          0x08000c70       0x50 /home/chuong/workspace/tools/gcc-arm-none-eabi-5_4-2016q3/lib/gcc/arm-none-eabi/5.4.1/armv7-m/libgcc.a(_arm_fixdfsi.o)
                0x08000c70                __fixdfsi
                0x08000c70                __aeabi_d2iz
 .text          0x08000cc0       0x40 /home/chuong/workspace/tools/gcc-arm-none-eabi-5_4-2016q3/lib/gcc/arm-none-eabi/5.4.1/armv7-m/libgcc.a(_arm_fixunsdfsi.o)
                0x08000cc0                __fixunsdfsi
                0x08000cc0                __aeabi_d2uiz
 .text          0x08000d00       0xa0 /home/chuong/workspace/tools/gcc-arm-none-eabi-5_4-2016q3/lib/gcc/arm-none-eabi/5.4.1/armv7-m/libgcc.a(_arm_truncdfsf2.o)
                0x08000d00                __aeabi_d2f
                0x08000d00                __truncdfsf2
 .text          0x08000da0      0x21c /home/chuong/workspace/tools/gcc-arm-none-eabi-5_4-2016q3/lib/gcc/arm-none-eabi/5.4.1/armv7-m/libgcc.a(_arm_addsubsf3.o)
                0x08000da0                __aeabi_frsub
                0x08000da8                __subsf3
                0x08000da8                __aeabi_fsub
                0x08000dac                __aeabi_fadd
                0x08000dac                __addsf3
                0x08000f0c                __aeabi_ui2f
                0x08000f0c                __floatunsisf
                0x08000f14                __aeabi_i2f
                0x08000f14                __floatsisf
                0x08000f30                __floatundisf
                0x08000f30                __aeabi_ul2f
                0x08000f40                __floatdisf
                0x08000f40                __aeabi_l2f
 .text          0x08000fbc       0x40 /home/chuong/workspace/tools/gcc-arm-none-eabi-5_4-2016q3/lib/gcc/arm-none-eabi/5.4.1/armv7-m/libgcc.a(_arm_fixunssfsi.o)
                0x08000fbc                __aeabi_f2uiz
                0x08000fbc                __fixunssfsi
 *(.text*)
 .text.msg_init
                0x08000ffc       0xf8 build_arm_cortex_m3_base_application_stm32l/message.o
                0x08000ffc                msg_init
 .text.msg_inc_ref_count
                0x080010f4       0x28 build_arm_cortex_m3_base_application_stm32l/message.o
                0x080010f4                msg_inc_ref_count
 .text.msg_dec_ref_count
                0x0800111c       0x24 build_arm_cortex_m3_base_application_stm32l/message.o
                0x0800111c                msg_dec_ref_count
 .text.msg_free
                0x08001140       0x98 build_arm_cortex_m3_base_application_stm32l/message.o
                0x08001140                msg_free
 .text.ak_malloc
                0x080011d8       0x48 build_arm_cortex_m3_base_application_stm32l/message.o
                0x080011d8                ak_malloc
 .text.ak_free  0x08001220        0x4 build_arm_cortex_m3_base_application_stm32l/message.o
                0x08001220                ak_free
 .text.get_common_msg
                0x08001224       0x50 build_arm_cortex_m3_base_application_stm32l/message.o
                0x08001224                get_common_msg
 .text.set_data_common_msg
                0x08001274       0x44 build_arm_cortex_m3_base_application_stm32l/message.o
                0x08001274                set_data_common_msg
 .text.get_data_common_msg
                0x080012b8       0x30 build_arm_cortex_m3_base_application_stm32l/message.o
                0x080012b8                get_data_common_msg
 .text.get_data_len_common_msg
                0x080012e8       0x20 build_arm_cortex_m3_base_application_stm32l/message.o
                0x080012e8                get_data_len_common_msg
 .text.get_pure_msg
                0x08001308       0x50 build_arm_cortex_m3_base_application_stm32l/message.o
                0x08001308                get_pure_msg
 .text.get_dynamic_msg
                0x08001358       0x54 build_arm_cortex_m3_base_application_stm32l/message.o
                0x08001358                get_dynamic_msg
 .text.set_data_dynamic_msg
                0x080013ac       0xb0 build_arm_cortex_m3_base_application_stm32l/message.o
                0x080013ac                set_data_dynamic_msg
 .text.get_data_dynamic_msg
                0x0800145c       0x68 build_arm_cortex_m3_base_application_stm32l/message.o
                0x0800145c                get_data_dynamic_msg
 .text.get_data_len_dynamic_msg
                0x080014c4        0x4 build_arm_cortex_m3_base_application_stm32l/message.o
                0x080014c4                get_data_len_dynamic_msg
 .text.fsm_dispatch
                0x080014c8        0x6 build_arm_cortex_m3_base_application_stm32l/fsm.o
                0x080014c8                fsm_dispatch
 *fill*         0x080014ce        0x2 
 .text.task_create
                0x080014d0       0x38 build_arm_cortex_m3_base_application_stm32l/task.o
                0x080014d0                task_create
 .text.task_post
                0x08001508       0x80 build_arm_cortex_m3_base_application_stm32l/task.o
                0x08001508                task_post
 .text.task_remove_msg
                0x08001588       0x98 build_arm_cortex_m3_base_application_stm32l/task.o
                0x08001588                task_remove_msg
 .text.task_post_pure_msg
                0x08001620       0x18 build_arm_cortex_m3_base_application_stm32l/task.o
                0x08001620                task_post_pure_msg
 .text.task_post_common_msg
                0x08001638       0x2a build_arm_cortex_m3_base_application_stm32l/task.o
                0x08001638                task_post_common_msg
 *fill*         0x08001662        0x2 
 .text.task_entry_interrupt
                0x08001664       0x1c build_arm_cortex_m3_base_application_stm32l/task.o
                0x08001664                task_entry_interrupt
 .text.task_exit_interrupt
                0x08001680       0x24 build_arm_cortex_m3_base_application_stm32l/task.o
                0x08001680                task_exit_interrupt
 .text.task_init
                0x080016a4       0x40 build_arm_cortex_m3_base_application_stm32l/task.o
                0x080016a4                task_init
 .text.task_run
                0x080016e4      0x110 build_arm_cortex_m3_base_application_stm32l/task.o
                0x080016e4                task_run
 .text.get_current_task_id
                0x080017f4        0xc build_arm_cortex_m3_base_application_stm32l/task.o
                0x080017f4                get_current_task_id
 .text.get_current_task_info
                0x08001800        0x8 build_arm_cortex_m3_base_application_stm32l/task.o
                0x08001800                get_current_task_info
 .text.get_current_active_object
                0x08001808        0x8 build_arm_cortex_m3_base_application_stm32l/task.o
                0x08001808                get_current_active_object
 .text.timer_remove_msg
                0x08001810       0x58 build_arm_cortex_m3_base_application_stm32l/timer.o
 .text.task_timer_tick
                0x08001868       0x7c build_arm_cortex_m3_base_application_stm32l/timer.o
                0x08001868                task_timer_tick
 .text.timer_init
                0x080018e4       0x48 build_arm_cortex_m3_base_application_stm32l/timer.o
                0x080018e4                timer_init
 .text.timer_tick
                0x0800192c       0x40 build_arm_cortex_m3_base_application_stm32l/timer.o
                0x0800192c                timer_tick
 .text.timer_set
                0x0800196c       0xa0 build_arm_cortex_m3_base_application_stm32l/timer.o
                0x0800196c                timer_set
 .text.timer_remove_attr
                0x08001a0c       0x18 build_arm_cortex_m3_base_application_stm32l/timer.o
                0x08001a0c                timer_remove_attr
 .text.xputc    0x08001a24       0x24 build_arm_cortex_m3_base_application_stm32l/xprintf.o
                0x08001a24                xputc
 .text.sxputc   0x08001a48       0x10 build_arm_cortex_m3_base_application_stm32l/xprintf.o
                0x08001a48                sxputc
 .text.xstream  0x08001a58      0x124 build_arm_cortex_m3_base_application_stm32l/xprintf.o
                0x08001a58                xstream
 .text.xprintf  0x08001b7c       0x24 build_arm_cortex_m3_base_application_stm32l/xprintf.o
                0x08001b7c                xprintf
 .text.set_dymc_output_type
                0x08001ba0       0x14 build_arm_cortex_m3_base_application_stm32l/xprintf.o
                0x08001ba0                set_dymc_output_type
 .text.xdymcprintf
                0x08001bb4       0x6c build_arm_cortex_m3_base_application_stm32l/xprintf.o
                0x08001bb4                xdymcprintf
 .text.cmd_line_parser
                0x08001c20       0x7c build_arm_cortex_m3_base_application_stm32l/cmd_line.o
                0x08001c20                cmd_line_parser
 .text.fifo_init
                0x08001c9c       0x34 build_arm_cortex_m3_base_application_stm32l/fifo.o
                0x08001c9c                fifo_init
 .text.fifo_availble
                0x08001cd0        0x4 build_arm_cortex_m3_base_application_stm32l/fifo.o
                0x08001cd0                fifo_availble
 .text.fifo_is_full
                0x08001cd4        0xc build_arm_cortex_m3_base_application_stm32l/fifo.o
                0x08001cd4                fifo_is_full
 .text.fifo_put
                0x08001ce0       0x5c build_arm_cortex_m3_base_application_stm32l/fifo.o
                0x08001ce0                fifo_put
 .text.fifo_get
                0x08001d3c       0x5c build_arm_cortex_m3_base_application_stm32l/fifo.o
                0x08001d3c                fifo_get
 .text.button_timer_polling
                0x08001d98       0x72 build_arm_cortex_m3_base_application_stm32l/button.o
                0x08001d98                button_timer_polling
 .text.flash_wait_to_idle
                0x08001e0a       0x3c build_arm_cortex_m3_base_application_stm32l/flash.o
 .text.flash_set_write_enable.constprop.0
                0x08001e46       0x1a build_arm_cortex_m3_base_application_stm32l/flash.o
 .text.flash_read
                0x08001e60       0x4a build_arm_cortex_m3_base_application_stm32l/flash.o
                0x08001e60                flash_read
 .text.flash_write
                0x08001eaa       0x62 build_arm_cortex_m3_base_application_stm32l/flash.o
                0x08001eaa                flash_write
 .text.flash_erase_sector
                0x08001f0c       0x48 build_arm_cortex_m3_base_application_stm32l/flash.o
                0x08001f0c                flash_erase_sector
 .text.flash_erase_block_64k
                0x08001f54       0x46 build_arm_cortex_m3_base_application_stm32l/flash.o
                0x08001f54                flash_erase_block_64k
 .text.flash_erase_full
                0x08001f9a       0x26 build_arm_cortex_m3_base_application_stm32l/flash.o
                0x08001f9a                flash_erase_full
 .text.led_init
                0x08001fc0       0x20 build_arm_cortex_m3_base_application_stm32l/led.o
                0x08001fc0                led_init
 .text.led_on   0x08001fe0        0xc build_arm_cortex_m3_base_application_stm32l/led.o
                0x08001fe0                led_on
 .text.led_off  0x08001fec        0xc build_arm_cortex_m3_base_application_stm32l/led.o
                0x08001fec                led_off
 .text.led_toggle
                0x08001ff8       0x12 build_arm_cortex_m3_base_application_stm32l/led.o
                0x08001ff8                led_toggle
 *fill*         0x0800200a        0x2 
 .text.sys_dbg_fatal
                0x0800200c      0x348 build_arm_cortex_m3_base_application_stm32l/sys_dbg.o
                0x0800200c                sys_dbg_fatal
 .text.sys_dbg_func_stack_dump
                0x08002354       0x68 build_arm_cortex_m3_base_application_stm32l/sys_dbg.o
                0x08002354                sys_dbg_func_stack_dump
 .text.sys_dbg_cpu_dump
                0x080023bc       0x4c build_arm_cortex_m3_base_application_stm32l/sys_dbg.o
                0x080023bc                sys_dbg_cpu_dump
 .text.sys_dbg_stack_space_dump
                0x08002408       0x30 build_arm_cortex_m3_base_application_stm32l/sys_dbg.o
                0x08002408                sys_dbg_stack_space_dump
 .text.sys_boot_get
                0x08002438        0xc build_arm_cortex_m3_base_application_stm32l/sys_boot.o
                0x08002438                sys_boot_get
 .text.sys_boot_set
                0x08002444       0x30 build_arm_cortex_m3_base_application_stm32l/sys_boot.o
                0x08002444                sys_boot_set
 .text.sys_svc_restart_app
                0x08002474        0x4 build_arm_cortex_m3_base_application_stm32l/sys_svc.o
                0x08002474                sys_svc_restart_app
 .text.hal_nrf_rw
                0x08002478        0x4 build_arm_cortex_m3_base_application_stm32l/hal_nrf_hw.o
                0x08002478                hal_nrf_rw
 .text.hal_nrf_read_rx_pl_w
                0x0800247c       0x1c build_arm_cortex_m3_base_application_stm32l/hal_nrf_l01.o
                0x0800247c                hal_nrf_read_rx_pl_w
 .text.hal_nrf_read_reg
                0x08002498       0x1e build_arm_cortex_m3_base_application_stm32l/hal_nrf_l01.o
                0x08002498                hal_nrf_read_reg
 .text.hal_nrf_get_address_width
                0x080024b6        0xe build_arm_cortex_m3_base_application_stm32l/hal_nrf_l01.o
                0x080024b6                hal_nrf_get_address_width
 .text.hal_nrf_write_reg
                0x080024c4       0x42 build_arm_cortex_m3_base_application_stm32l/hal_nrf_l01.o
                0x080024c4                hal_nrf_write_reg
 .text.hal_nrf_set_irq_mode
                0x08002506       0x34 build_arm_cortex_m3_base_application_stm32l/hal_nrf_l01.o
                0x08002506                hal_nrf_set_irq_mode
 .text.hal_nrf_get_clear_irq_flags
                0x0800253a       0x10 build_arm_cortex_m3_base_application_stm32l/hal_nrf_l01.o
                0x0800253a                hal_nrf_get_clear_irq_flags
 .text.hal_nrf_set_crc_mode
                0x0800254a       0x1e build_arm_cortex_m3_base_application_stm32l/hal_nrf_l01.o
                0x0800254a                hal_nrf_set_crc_mode
 .text.hal_nrf_open_pipe
                0x08002568       0x60 build_arm_cortex_m3_base_application_stm32l/hal_nrf_l01.o
                0x08002568                hal_nrf_open_pipe
 .text.hal_nrf_close_pipe
                0x080025c8       0x4e build_arm_cortex_m3_base_application_stm32l/hal_nrf_l01.o
                0x080025c8                hal_nrf_close_pipe
 .text.hal_nrf_set_auto_retr
                0x08002616       0x14 build_arm_cortex_m3_base_application_stm32l/hal_nrf_l01.o
                0x08002616                hal_nrf_set_auto_retr
 .text.hal_nrf_set_address_width
                0x0800262a        0xa build_arm_cortex_m3_base_application_stm32l/hal_nrf_l01.o
                0x0800262a                hal_nrf_set_address_width
 .text.hal_nrf_set_rx_pload_width
                0x08002634        0x8 build_arm_cortex_m3_base_application_stm32l/hal_nrf_l01.o
                0x08002634                hal_nrf_set_rx_pload_width
 .text.hal_nrf_set_operation_mode
                0x0800263c       0x28 build_arm_cortex_m3_base_application_stm32l/hal_nrf_l01.o
                0x0800263c                hal_nrf_set_operation_mode
 .text.hal_nrf_set_power_mode
                0x08002664       0x28 build_arm_cortex_m3_base_application_stm32l/hal_nrf_l01.o
                0x08002664                hal_nrf_set_power_mode
 .text.hal_nrf_set_rf_channel
                0x0800268c        0x8 build_arm_cortex_m3_base_application_stm32l/hal_nrf_l01.o
                0x0800268c                hal_nrf_set_rf_channel
 .text.hal_nrf_set_output_power
                0x08002694       0x1e build_arm_cortex_m3_base_application_stm32l/hal_nrf_l01.o
                0x08002694                hal_nrf_set_output_power
 .text.hal_nrf_set_datarate
                0x080026b2       0x26 build_arm_cortex_m3_base_application_stm32l/hal_nrf_l01.o
                0x080026b2                hal_nrf_set_datarate
 .text.hal_nrf_flush_rx
                0x080026d8        0x8 build_arm_cortex_m3_base_application_stm32l/hal_nrf_l01.o
                0x080026d8                hal_nrf_flush_rx
 .text.hal_nrf_flush_tx
                0x080026e0        0x8 build_arm_cortex_m3_base_application_stm32l/hal_nrf_l01.o
                0x080026e0                hal_nrf_flush_tx
 .text.hal_nrf_nop
                0x080026e8        0x8 build_arm_cortex_m3_base_application_stm32l/hal_nrf_l01.o
                0x080026e8                hal_nrf_nop
 .text.hal_nrf_get_rx_data_source
                0x080026f0        0xc build_arm_cortex_m3_base_application_stm32l/hal_nrf_l01.o
                0x080026f0                hal_nrf_get_rx_data_source
 .text.hal_nrf_rx_fifo_empty
                0x080026fc        0xe build_arm_cortex_m3_base_application_stm32l/hal_nrf_l01.o
                0x080026fc                hal_nrf_rx_fifo_empty
 .text.hal_nrf_set_lna_gain
                0x0800270a       0x28 build_arm_cortex_m3_base_application_stm32l/hal_nrf_l01.o
                0x0800270a                hal_nrf_set_lna_gain
 .text.hal_nrf_read_multibyte_reg
                0x08002732       0x66 build_arm_cortex_m3_base_application_stm32l/hal_nrf_l01.o
                0x08002732                hal_nrf_read_multibyte_reg
 .text.hal_nrf_read_rx_pload
                0x08002798        0x8 build_arm_cortex_m3_base_application_stm32l/hal_nrf_l01.o
                0x08002798                hal_nrf_read_rx_pload
 .text.hal_nrf_write_multibyte_reg
                0x080027a0       0x4e build_arm_cortex_m3_base_application_stm32l/hal_nrf_l01.o
                0x080027a0                hal_nrf_write_multibyte_reg
 .text.hal_nrf_set_address
                0x080027ee       0x2e build_arm_cortex_m3_base_application_stm32l/hal_nrf_l01.o
                0x080027ee                hal_nrf_set_address
 .text.hal_nrf_write_tx_pload
                0x0800281c        0xa build_arm_cortex_m3_base_application_stm32l/hal_nrf_l01.o
                0x0800281c                hal_nrf_write_tx_pload
 .text.GPIO_Init
                0x08002826       0x78 build_arm_cortex_m3_base_application_stm32l/stm32l1xx_gpio.o
                0x08002826                GPIO_Init
 .text.GPIO_SetBits
                0x0800289e        0x4 build_arm_cortex_m3_base_application_stm32l/stm32l1xx_gpio.o
                0x0800289e                GPIO_SetBits
 .text.GPIO_ResetBits
                0x080028a2        0x4 build_arm_cortex_m3_base_application_stm32l/stm32l1xx_gpio.o
                0x080028a2                GPIO_ResetBits
 .text.GPIO_PinAFConfig
                0x080028a6       0x24 build_arm_cortex_m3_base_application_stm32l/stm32l1xx_gpio.o
                0x080028a6                GPIO_PinAFConfig
 *fill*         0x080028ca        0x2 
 .text.RCC_HSICmd
                0x080028cc        0xc build_arm_cortex_m3_base_application_stm32l/stm32l1xx_rcc.o
                0x080028cc                RCC_HSICmd
 .text.RCC_GetClocksFreq
                0x080028d8       0xa8 build_arm_cortex_m3_base_application_stm32l/stm32l1xx_rcc.o
                0x080028d8                RCC_GetClocksFreq
 .text.RCC_AHBPeriphClockCmd
                0x08002980       0x18 build_arm_cortex_m3_base_application_stm32l/stm32l1xx_rcc.o
                0x08002980                RCC_AHBPeriphClockCmd
 .text.RCC_APB2PeriphClockCmd
                0x08002998       0x18 build_arm_cortex_m3_base_application_stm32l/stm32l1xx_rcc.o
                0x08002998                RCC_APB2PeriphClockCmd
 .text.RCC_APB1PeriphClockCmd
                0x080029b0       0x18 build_arm_cortex_m3_base_application_stm32l/stm32l1xx_rcc.o
                0x080029b0                RCC_APB1PeriphClockCmd
 .text.RCC_APB2PeriphResetCmd
                0x080029c8       0x18 build_arm_cortex_m3_base_application_stm32l/stm32l1xx_rcc.o
                0x080029c8                RCC_APB2PeriphResetCmd
 .text.RCC_APB1PeriphResetCmd
                0x080029e0       0x18 build_arm_cortex_m3_base_application_stm32l/stm32l1xx_rcc.o
                0x080029e0                RCC_APB1PeriphResetCmd
 .text.RCC_GetFlagStatus
                0x080029f8       0x20 build_arm_cortex_m3_base_application_stm32l/stm32l1xx_rcc.o
                0x080029f8                RCC_GetFlagStatus
 .text.USART_Init
                0x08002a18       0xa4 build_arm_cortex_m3_base_application_stm32l/stm32l1xx_usart.o
                0x08002a18                USART_Init
 .text.USART_Cmd
                0x08002abc       0x18 build_arm_cortex_m3_base_application_stm32l/stm32l1xx_usart.o
                0x08002abc                USART_Cmd
 .text.USART_SendData
                0x08002ad4        0x8 build_arm_cortex_m3_base_application_stm32l/stm32l1xx_usart.o
                0x08002ad4                USART_SendData
 .text.USART_ReceiveData
                0x08002adc        0x8 build_arm_cortex_m3_base_application_stm32l/stm32l1xx_usart.o
                0x08002adc                USART_ReceiveData
 .text.USART_ITConfig
                0x08002ae4       0x30 build_arm_cortex_m3_base_application_stm32l/stm32l1xx_usart.o
                0x08002ae4                USART_ITConfig
 .text.USART_GetFlagStatus
                0x08002b14        0xc build_arm_cortex_m3_base_application_stm32l/stm32l1xx_usart.o
                0x08002b14                USART_GetFlagStatus
 .text.USART_GetITStatus
                0x08002b20       0x40 build_arm_cortex_m3_base_application_stm32l/stm32l1xx_usart.o
                0x08002b20                USART_GetITStatus
 .text.USART_ClearITPendingBit
                0x08002b60       0x10 build_arm_cortex_m3_base_application_stm32l/stm32l1xx_usart.o
                0x08002b60                USART_ClearITPendingBit
 .text.SPI_I2S_DeInit
                0x08002b70       0x64 build_arm_cortex_m3_base_application_stm32l/stm32l1xx_spi.o
                0x08002b70                SPI_I2S_DeInit
 .text.SPI_Init
                0x08002bd4       0x3e build_arm_cortex_m3_base_application_stm32l/stm32l1xx_spi.o
                0x08002bd4                SPI_Init
 .text.SPI_Cmd  0x08002c12       0x18 build_arm_cortex_m3_base_application_stm32l/stm32l1xx_spi.o
                0x08002c12                SPI_Cmd
 .text.SPI_I2S_ReceiveData
                0x08002c2a        0x6 build_arm_cortex_m3_base_application_stm32l/stm32l1xx_spi.o
                0x08002c2a                SPI_I2S_ReceiveData
 .text.SPI_I2S_SendData
                0x08002c30        0x4 build_arm_cortex_m3_base_application_stm32l/stm32l1xx_spi.o
                0x08002c30                SPI_I2S_SendData
 .text.SPI_I2S_GetFlagStatus
                0x08002c34        0xc build_arm_cortex_m3_base_application_stm32l/stm32l1xx_spi.o
                0x08002c34                SPI_I2S_GetFlagStatus
 .text.NVIC_PriorityGroupConfig
                0x08002c40       0x14 build_arm_cortex_m3_base_application_stm32l/misc.o
                0x08002c40                NVIC_PriorityGroupConfig
 .text.NVIC_Init
                0x08002c54       0x70 build_arm_cortex_m3_base_application_stm32l/misc.o
                0x08002c54                NVIC_Init
 .text.EXTI_Init
                0x08002cc4       0x74 build_arm_cortex_m3_base_application_stm32l/stm32l1xx_exti.o
                0x08002cc4                EXTI_Init
 .text.EXTI_GetITStatus
                0x08002d38       0x14 build_arm_cortex_m3_base_application_stm32l/stm32l1xx_exti.o
                0x08002d38                EXTI_GetITStatus
 .text.EXTI_ClearITPendingBit
                0x08002d4c        0xc build_arm_cortex_m3_base_application_stm32l/stm32l1xx_exti.o
                0x08002d4c                EXTI_ClearITPendingBit
 .text.SYSCFG_USBPuCmd
                0x08002d58       0x18 build_arm_cortex_m3_base_application_stm32l/stm32l1xx_syscfg.o
                0x08002d58                SYSCFG_USBPuCmd
 .text.SYSCFG_EXTILineConfig
                0x08002d70       0x2a build_arm_cortex_m3_base_application_stm32l/stm32l1xx_syscfg.o
                0x08002d70                SYSCFG_EXTILineConfig
 *fill*         0x08002d9a        0x2 
 .text.TIM_TimeBaseInit
                0x08002d9c       0x58 build_arm_cortex_m3_base_application_stm32l/stm32l1xx_tim.o
                0x08002d9c                TIM_TimeBaseInit
 .text.TIM_GetCounter
                0x08002df4        0x4 build_arm_cortex_m3_base_application_stm32l/stm32l1xx_tim.o
                0x08002df4                TIM_GetCounter
 .text.TIM_ARRPreloadConfig
                0x08002df8       0x18 build_arm_cortex_m3_base_application_stm32l/stm32l1xx_tim.o
                0x08002df8                TIM_ARRPreloadConfig
 .text.TIM_Cmd  0x08002e10       0x18 build_arm_cortex_m3_base_application_stm32l/stm32l1xx_tim.o
                0x08002e10                TIM_Cmd
 .text.TIM_OC1Init
                0x08002e28       0x3a build_arm_cortex_m3_base_application_stm32l/stm32l1xx_tim.o
                0x08002e28                TIM_OC1Init
 .text.TIM_OC1PreloadConfig
                0x08002e62       0x10 build_arm_cortex_m3_base_application_stm32l/stm32l1xx_tim.o
                0x08002e62                TIM_OC1PreloadConfig
 .text.TIM_GetITStatus
                0x08002e72       0x16 build_arm_cortex_m3_base_application_stm32l/stm32l1xx_tim.o
                0x08002e72                TIM_GetITStatus
 .text.TIM_ClearITPendingBit
                0x08002e88        0x8 build_arm_cortex_m3_base_application_stm32l/stm32l1xx_tim.o
                0x08002e88                TIM_ClearITPendingBit
 .text.TIM_DMACmd
                0x08002e90       0x12 build_arm_cortex_m3_base_application_stm32l/stm32l1xx_tim.o
                0x08002e90                TIM_DMACmd
 .text.TIM_ITConfig
                0x08002ea2        0x4 build_arm_cortex_m3_base_application_stm32l/stm32l1xx_tim.o
                0x08002ea2                TIM_ITConfig
 .text.TIM_EncoderInterfaceConfig
                0x08002ea6       0x3c build_arm_cortex_m3_base_application_stm32l/stm32l1xx_tim.o
                0x08002ea6                TIM_EncoderInterfaceConfig
 *fill*         0x08002ee2        0x2 
 .text.FLASH_Lock
                0x08002ee4       0x10 build_arm_cortex_m3_base_application_stm32l/stm32l1xx_flash.o
                0x08002ee4                FLASH_Lock
 .text.DATA_EEPROM_Unlock
                0x08002ef4       0x20 build_arm_cortex_m3_base_application_stm32l/stm32l1xx_flash.o
                0x08002ef4                DATA_EEPROM_Unlock
 .text.FLASH_Unlock
                0x08002f14       0x2c build_arm_cortex_m3_base_application_stm32l/stm32l1xx_flash.o
                0x08002f14                FLASH_Unlock
 .text.DATA_EEPROM_Lock
                0x08002f40       0x10 build_arm_cortex_m3_base_application_stm32l/stm32l1xx_flash.o
                0x08002f40                DATA_EEPROM_Lock
 .text.FLASH_ClearFlag
                0x08002f50        0xc build_arm_cortex_m3_base_application_stm32l/stm32l1xx_flash.o
                0x08002f50                FLASH_ClearFlag
 .text.FLASH_GetStatus
                0x08002f5c       0x28 build_arm_cortex_m3_base_application_stm32l/stm32l1xx_flash.o
                0x08002f5c                FLASH_GetStatus
 .text.FLASH_WaitForLastOperation
                0x08002f84       0x38 build_arm_cortex_m3_base_application_stm32l/stm32l1xx_flash.o
                0x08002f84                FLASH_WaitForLastOperation
 .text.FLASH_ErasePage
                0x08002fbc       0x44 build_arm_cortex_m3_base_application_stm32l/stm32l1xx_flash.o
                0x08002fbc                FLASH_ErasePage
 .text.DATA_EEPROM_EraseWord
                0x08003000       0x16 build_arm_cortex_m3_base_application_stm32l/stm32l1xx_flash.o
                0x08003000                DATA_EEPROM_EraseWord
 *fill*         0x08003016        0x2 
 .text.DATA_EEPROM_FastProgramWord
                0x08003018       0x30 build_arm_cortex_m3_base_application_stm32l/stm32l1xx_flash.o
                0x08003018                DATA_EEPROM_FastProgramWord
 .text.DATA_EEPROM_ProgramByte
                0x08003048       0x4c build_arm_cortex_m3_base_application_stm32l/stm32l1xx_flash.o
                0x08003048                DATA_EEPROM_ProgramByte
 .text.DATA_EEPROM_ProgramWord
                0x08003094       0x22 build_arm_cortex_m3_base_application_stm32l/stm32l1xx_flash.o
                0x08003094                DATA_EEPROM_ProgramWord
 .text.FLASH_FastProgramWord
                0x080030b6        0x4 build_arm_cortex_m3_base_application_stm32l/stm32l1xx_flash.o
                0x080030b6                FLASH_FastProgramWord
 *fill*         0x080030ba        0x2 
 .text.IWDG_ReloadCounter
                0x080030bc       0x10 build_arm_cortex_m3_base_application_stm32l/stm32l1xx_iwdg.o
                0x080030bc                IWDG_ReloadCounter
 .text.I2C_SendData
                0x080030cc        0x4 build_arm_cortex_m3_base_application_stm32l/stm32l1xx_i2c.o
                0x080030cc                I2C_SendData
 .text.I2C_CheckEvent
                0x080030d0       0x1a build_arm_cortex_m3_base_application_stm32l/stm32l1xx_i2c.o
                0x080030d0                I2C_CheckEvent
 *fill*         0x080030ea        0x2 
 .text.Standard_GetConfiguration
                0x080030ec       0x24 build_arm_cortex_m3_base_application_stm32l/usb_core.o
                0x080030ec                Standard_GetConfiguration
 .text.Standard_GetInterface
                0x08003110       0x24 build_arm_cortex_m3_base_application_stm32l/usb_core.o
                0x08003110                Standard_GetInterface
 .text.Standard_GetStatus
                0x08003134       0x90 build_arm_cortex_m3_base_application_stm32l/usb_core.o
                0x08003134                Standard_GetStatus
 .text.DataStageIn
                0x080031c4       0xa8 build_arm_cortex_m3_base_application_stm32l/usb_core.o
 .text.Standard_SetConfiguration
                0x0800326c       0x38 build_arm_cortex_m3_base_application_stm32l/usb_core.o
                0x0800326c                Standard_SetConfiguration
 .text.Standard_SetInterface
                0x080032a4       0x48 build_arm_cortex_m3_base_application_stm32l/usb_core.o
                0x080032a4                Standard_SetInterface
 .text.Standard_ClearFeature
                0x080032ec       0xd8 build_arm_cortex_m3_base_application_stm32l/usb_core.o
                0x080032ec                Standard_ClearFeature
 .text.Standard_SetEndPointFeature
                0x080033c4       0x8c build_arm_cortex_m3_base_application_stm32l/usb_core.o
                0x080033c4                Standard_SetEndPointFeature
 .text.Standard_SetDeviceFeature
                0x08003450       0x24 build_arm_cortex_m3_base_application_stm32l/usb_core.o
                0x08003450                Standard_SetDeviceFeature
 .text.Standard_GetDescriptorData
                0x08003474       0x1c build_arm_cortex_m3_base_application_stm32l/usb_core.o
                0x08003474                Standard_GetDescriptorData
 .text.Post0_Process
                0x08003490       0x40 build_arm_cortex_m3_base_application_stm32l/usb_core.o
                0x08003490                Post0_Process
 .text.Setup0_Process
                0x080034d0      0x304 build_arm_cortex_m3_base_application_stm32l/usb_core.o
                0x080034d0                Setup0_Process
 .text.Out0_Process
                0x080037d4       0xe8 build_arm_cortex_m3_base_application_stm32l/usb_core.o
                0x080037d4                Out0_Process
 .text.SetDeviceAddress
                0x080038bc       0x40 build_arm_cortex_m3_base_application_stm32l/usb_core.o
                0x080038bc                SetDeviceAddress
 .text.In0_Process
                0x080038fc       0x5c build_arm_cortex_m3_base_application_stm32l/usb_core.o
                0x080038fc                In0_Process
 .text.NOP_Process
                0x08003958        0x2 build_arm_cortex_m3_base_application_stm32l/usb_core.o
                0x08003958                NOP_Process
 *fill*         0x0800395a        0x2 
 .text.CTR_LP   0x0800395c      0x178 build_arm_cortex_m3_base_application_stm32l/usb_int.o
                0x0800395c                CTR_LP
 .text.UserToPMABufferCopy
                0x08003ad4       0x24 build_arm_cortex_m3_base_application_stm32l/usb_mem.o
                0x08003ad4                UserToPMABufferCopy
 .text.PMAToUserBufferCopy
                0x08003af8       0x24 build_arm_cortex_m3_base_application_stm32l/usb_mem.o
                0x08003af8                PMAToUserBufferCopy
 .text.SetISTR  0x08003b1c        0xc build_arm_cortex_m3_base_application_stm32l/usb_regs.o
                0x08003b1c                SetISTR
 .text.SetBTABLE
                0x08003b28       0x10 build_arm_cortex_m3_base_application_stm32l/usb_regs.o
                0x08003b28                SetBTABLE
 .text.SetEPType
                0x08003b38       0x1c build_arm_cortex_m3_base_application_stm32l/usb_regs.o
                0x08003b38                SetEPType
 .text.SetEPTxStatus
                0x08003b54       0x32 build_arm_cortex_m3_base_application_stm32l/usb_regs.o
                0x08003b54                SetEPTxStatus
 .text.SetEPRxStatus
                0x08003b86       0x32 build_arm_cortex_m3_base_application_stm32l/usb_regs.o
                0x08003b86                SetEPRxStatus
 .text.SetEPRxValid
                0x08003bb8       0x26 build_arm_cortex_m3_base_application_stm32l/usb_regs.o
                0x08003bb8                SetEPRxValid
 .text.ClearEPDoubleBuff
                0x08003bde       0x20 build_arm_cortex_m3_base_application_stm32l/usb_regs.o
                0x08003bde                ClearEPDoubleBuff
 .text.Clear_Status_Out
                0x08003bfe        0x4 build_arm_cortex_m3_base_application_stm32l/usb_regs.o
                0x08003bfe                Clear_Status_Out
 .text.ClearDTOG_RX
                0x08003c02       0x24 build_arm_cortex_m3_base_application_stm32l/usb_regs.o
                0x08003c02                ClearDTOG_RX
 .text.ClearDTOG_TX
                0x08003c26       0x24 build_arm_cortex_m3_base_application_stm32l/usb_regs.o
                0x08003c26                ClearDTOG_TX
 *fill*         0x08003c4a        0x2 
 .text.SetEPTxCount
                0x08003c4c       0x1c build_arm_cortex_m3_base_application_stm32l/usb_regs.o
                0x08003c4c                SetEPTxCount
 .text.SetEPRxCount
                0x08003c68       0x40 build_arm_cortex_m3_base_application_stm32l/usb_regs.o
                0x08003c68                SetEPRxCount
 .text.SetEPDblBuf0Addr
                0x08003ca8       0x20 build_arm_cortex_m3_base_application_stm32l/usb_regs.o
                0x08003ca8                SetEPDblBuf0Addr
 .text.SetEPTxAddr
                0x08003cc8        0x4 build_arm_cortex_m3_base_application_stm32l/usb_regs.o
                0x08003cc8                SetEPTxAddr
 .text.SetEPDblBuf1Addr
                0x08003ccc       0x20 build_arm_cortex_m3_base_application_stm32l/usb_regs.o
                0x08003ccc                SetEPDblBuf1Addr
 .text.SetEPRxAddr
                0x08003cec        0x4 build_arm_cortex_m3_base_application_stm32l/usb_regs.o
                0x08003cec                SetEPRxAddr
 .text.GetEPDblBuf0Addr
                0x08003cf0       0x1c build_arm_cortex_m3_base_application_stm32l/usb_regs.o
                0x08003cf0                GetEPDblBuf0Addr
 .text.GetEPTxAddr
                0x08003d0c        0x4 build_arm_cortex_m3_base_application_stm32l/usb_regs.o
                0x08003d0c                GetEPTxAddr
 .text.GetEPDblBuf1Addr
                0x08003d10       0x1c build_arm_cortex_m3_base_application_stm32l/usb_regs.o
                0x08003d10                GetEPDblBuf1Addr
 .text.GetEPRxAddr
                0x08003d2c        0x4 build_arm_cortex_m3_base_application_stm32l/usb_regs.o
                0x08003d2c                GetEPRxAddr
 .text.GetEPDblBuf1Count
                0x08003d30       0x20 build_arm_cortex_m3_base_application_stm32l/usb_regs.o
                0x08003d30                GetEPDblBuf1Count
 .text.GetEPRxCount
                0x08003d50        0x4 build_arm_cortex_m3_base_application_stm32l/usb_regs.o
                0x08003d50                GetEPRxCount
 .text.ByteSwap
                0x08003d54        0xa build_arm_cortex_m3_base_application_stm32l/usb_regs.o
                0x08003d54                ByteSwap
 *fill*         0x08003d5e        0x2 
 .text.USB_SIL_Init
                0x08003d60       0x20 build_arm_cortex_m3_base_application_stm32l/usb_sil.o
                0x08003d60                USB_SIL_Init
 .text.IntToUnicode
                0x08003d80       0x28 build_arm_cortex_m3_base_application_stm32l/hw_config.o
 .text.USB_Cable_Config
                0x08003da8       0x1a build_arm_cortex_m3_base_application_stm32l/hw_config.o
                0x08003da8                USB_Cable_Config
 *fill*         0x08003dc2        0x2 
 .text.Get_SerialNum
                0x08003dc4       0x40 build_arm_cortex_m3_base_application_stm32l/hw_config.o
                0x08003dc4                Get_SerialNum
 .text.CDC_Receive_DATA
                0x08003e04        0xc build_arm_cortex_m3_base_application_stm32l/hw_config.o
                0x08003e04                CDC_Receive_DATA
 .text.EP1_IN_Callback
                0x08003e10        0xc build_arm_cortex_m3_base_application_stm32l/usb_endp.o
                0x08003e10                EP1_IN_Callback
 .text.EP3_OUT_Callback
                0x08003e1c       0x40 build_arm_cortex_m3_base_application_stm32l/usb_endp.o
                0x08003e1c                EP3_OUT_Callback
 .text.USB_Istr
                0x08003e5c      0x16c build_arm_cortex_m3_base_application_stm32l/usb_istr.o
                0x08003e5c                USB_Istr
 .text.Virtual_Com_Port_Status_In
                0x08003fc8       0x14 build_arm_cortex_m3_base_application_stm32l/usb_prop.o
                0x08003fc8                Virtual_Com_Port_Status_In
 .text.Virtual_Com_Port_Status_Out
                0x08003fdc        0x2 build_arm_cortex_m3_base_application_stm32l/usb_prop.o
                0x08003fdc                Virtual_Com_Port_Status_Out
 *fill*         0x08003fde        0x2 
 .text.Virtual_Com_Port_Data_Setup
                0x08003fe0       0x5c build_arm_cortex_m3_base_application_stm32l/usb_prop.o
                0x08003fe0                Virtual_Com_Port_Data_Setup
 .text.Virtual_Com_Port_NoData_Setup
                0x0800403c       0x24 build_arm_cortex_m3_base_application_stm32l/usb_prop.o
                0x0800403c                Virtual_Com_Port_NoData_Setup
 .text.Virtual_Com_Port_Get_Interface_Setting
                0x08004060       0x10 build_arm_cortex_m3_base_application_stm32l/usb_prop.o
                0x08004060                Virtual_Com_Port_Get_Interface_Setting
 .text.Virtual_Com_Port_SetLineCoding
                0x08004070       0x18 build_arm_cortex_m3_base_application_stm32l/usb_prop.o
                0x08004070                Virtual_Com_Port_SetLineCoding
 .text.Virtual_Com_Port_GetLineCoding
                0x08004088        0x4 build_arm_cortex_m3_base_application_stm32l/usb_prop.o
                0x08004088                Virtual_Com_Port_GetLineCoding
 .text.Virtual_Com_Port_init
                0x0800408c       0x24 build_arm_cortex_m3_base_application_stm32l/usb_prop.o
                0x0800408c                Virtual_Com_Port_init
 .text.Virtual_Com_Port_Reset
                0x080040b0       0xe0 build_arm_cortex_m3_base_application_stm32l/usb_prop.o
                0x080040b0                Virtual_Com_Port_Reset
 .text.Virtual_Com_Port_GetDeviceDescriptor
                0x08004190        0xc build_arm_cortex_m3_base_application_stm32l/usb_prop.o
                0x08004190                Virtual_Com_Port_GetDeviceDescriptor
 .text.Virtual_Com_Port_GetConfigDescriptor
                0x0800419c        0xc build_arm_cortex_m3_base_application_stm32l/usb_prop.o
                0x0800419c                Virtual_Com_Port_GetConfigDescriptor
 .text.Virtual_Com_Port_GetStringDescriptor
                0x080041a8       0x20 build_arm_cortex_m3_base_application_stm32l/usb_prop.o
                0x080041a8                Virtual_Com_Port_GetStringDescriptor
 .text.PowerOn  0x080041c8       0x38 build_arm_cortex_m3_base_application_stm32l/usb_pwr.o
                0x080041c8                PowerOn
 .text.Suspend  0x08004200       0x88 build_arm_cortex_m3_base_application_stm32l/usb_pwr.o
                0x08004200                Suspend
 .text.Resume_Init
                0x08004288       0x18 build_arm_cortex_m3_base_application_stm32l/usb_pwr.o
                0x08004288                Resume_Init
 .text.Resume   0x080042a0       0xa8 build_arm_cortex_m3_base_application_stm32l/usb_pwr.o
                0x080042a0                Resume
 .text.disable_interrupts
                0x08004348       0x10 build_arm_cortex_m3_base_application_stm32l/stm32l.o
                0x08004348                disable_interrupts
 .text.entry_critical
                0x08004358       0x14 build_arm_cortex_m3_base_application_stm32l/stm32l.o
                0x08004358                entry_critical
 .text.exit_critical
                0x0800436c       0x30 build_arm_cortex_m3_base_application_stm32l/stm32l.o
                0x0800436c                exit_critical
 .text.get_nest_entry_critical_counter
                0x0800439c        0xc build_arm_cortex_m3_base_application_stm32l/stm32l.o
                0x0800439c                get_nest_entry_critical_counter
 .text.svc_handler
                0x080043a8       0x12 build_arm_cortex_m3_base_application_stm32l/system.o
                0x080043a8                svc_handler
 .text.pendsv_handler
                0x080043ba       0x12 build_arm_cortex_m3_base_application_stm32l/system.o
                0x080043ba                pendsv_handler
 .text.default_handler
                0x080043cc       0x18 build_arm_cortex_m3_base_application_stm32l/system.o
                0x080043cc                default_handler
                0x080043cc                dg_monitor_handler
 .text.nmi_handler
                0x080043e4       0x18 build_arm_cortex_m3_base_application_stm32l/system.o
                0x080043e4                nmi_handler
 .text.hard_fault_handler
                0x080043fc       0x18 build_arm_cortex_m3_base_application_stm32l/system.o
                0x080043fc                hard_fault_handler
 .text.mem_manage_handler
                0x08004414       0x18 build_arm_cortex_m3_base_application_stm32l/system.o
                0x08004414                mem_manage_handler
 .text.bus_fault_handler
                0x0800442c       0x18 build_arm_cortex_m3_base_application_stm32l/system.o
                0x0800442c                bus_fault_handler
 .text.usage_fault_handler
                0x08004444       0x18 build_arm_cortex_m3_base_application_stm32l/system.o
                0x08004444                usage_fault_handler
 .text.systick_handler
                0x0800445c       0x40 build_arm_cortex_m3_base_application_stm32l/system.o
                0x0800445c                systick_handler
 .text.shell_handler
                0x0800449c       0x24 build_arm_cortex_m3_base_application_stm32l/system.o
                0x0800449c                shell_handler
 .text.exti_line1_irq
                0x080044c0       0x20 build_arm_cortex_m3_base_application_stm32l/system.o
                0x080044c0                exti_line1_irq
 .text.timer9_irq
                0x080044e0       0x28 build_arm_cortex_m3_base_application_stm32l/system.o
                0x080044e0                timer9_irq
 .text.usb_lp_irq
                0x08004508       0x12 build_arm_cortex_m3_base_application_stm32l/system.o
                0x08004508                usb_lp_irq
 *fill*         0x0800451a        0x2 
 .text.timer7_irq
                0x0800451c       0x24 build_arm_cortex_m3_base_application_stm32l/system.o
                0x0800451c                timer7_irq
 .text.sys_ctrl_delay
                0x08004540        0x8 build_arm_cortex_m3_base_application_stm32l/system.o
                0x08004540                sys_ctrl_delay
 .text.reset_handler
                0x08004548       0xcc build_arm_cortex_m3_base_application_stm32l/system.o
                0x08004548                reset_handler
 .text.sys_ctrl_millis
                0x08004614       0x1c build_arm_cortex_m3_base_application_stm32l/system.o
                0x08004614                sys_ctrl_millis
 .text._init    0x08004630        0x2 build_arm_cortex_m3_base_application_stm32l/system.o
                0x08004630                _init
 .text.pendsv_exe
                0x08004632        0xe build_arm_cortex_m3_base_application_stm32l/system.o
                0x08004632                pendsv_exe
 .text.svc_exe  0x08004640        0x4 build_arm_cortex_m3_base_application_stm32l/system.o
                0x08004640                svc_exe
 .text.sys_cfg_clock
                0x08004644       0x22 build_arm_cortex_m3_base_application_stm32l/sys_cfg.o
                0x08004644                sys_cfg_clock
 *fill*         0x08004666        0x2 
 .text.sys_cfg_tick
                0x08004668       0x48 build_arm_cortex_m3_base_application_stm32l/sys_cfg.o
                0x08004668                sys_cfg_tick
 .text.sys_cfg_console
                0x080046b0       0xdc build_arm_cortex_m3_base_application_stm32l/sys_cfg.o
                0x080046b0                sys_cfg_console
 .text.sys_cfg_svc
                0x0800478c       0x26 build_arm_cortex_m3_base_application_stm32l/sys_cfg.o
                0x0800478c                sys_cfg_svc
 .text.sys_cfg_pendsv
                0x080047b2       0x26 build_arm_cortex_m3_base_application_stm32l/sys_cfg.o
                0x080047b2                sys_cfg_pendsv
 .text.sys_cfg_update_info
                0x080047d8       0xe8 build_arm_cortex_m3_base_application_stm32l/sys_cfg.o
                0x080047d8                sys_cfg_update_info
 .text.sys_ctrl_shell_put_char
                0x080048c0       0x2c build_arm_cortex_m3_base_application_stm32l/sys_cfg.o
                0x080048c0                sys_ctrl_shell_put_char
 .text.xputchar
                0x080048ec        0x4 build_arm_cortex_m3_base_application_stm32l/sys_cfg.o
 .text.sys_ctrl_shell_get_char
                0x080048f0       0x34 build_arm_cortex_m3_base_application_stm32l/sys_cfg.o
                0x080048f0                sys_ctrl_shell_get_char
 .text.sys_ctrl_reset
                0x08004924       0x20 build_arm_cortex_m3_base_application_stm32l/sys_cfg.o
                0x08004924                sys_ctrl_reset
 .text.sys_ctrl_delay_us
                0x08004944       0x28 build_arm_cortex_m3_base_application_stm32l/sys_cfg.o
                0x08004944                sys_ctrl_delay_us
 .text.sys_ctrl_delay_ms
                0x0800496c       0x1a build_arm_cortex_m3_base_application_stm32l/sys_cfg.o
                0x0800496c                sys_ctrl_delay_ms
 .text.sys_ctr_sleep_wait_for_irq
                0x08004986        0x4 build_arm_cortex_m3_base_application_stm32l/sys_cfg.o
                0x08004986                sys_ctr_sleep_wait_for_irq
 .text.sys_ctrl_independent_watchdog_reset
                0x0800498a       0x12 build_arm_cortex_m3_base_application_stm32l/sys_cfg.o
                0x0800498a                sys_ctrl_independent_watchdog_reset
 .text.sys_ctrl_soft_watchdog_reset
                0x0800499c       0x18 build_arm_cortex_m3_base_application_stm32l/sys_cfg.o
                0x0800499c                sys_ctrl_soft_watchdog_reset
 .text.sys_ctrl_soft_watchdog_increase_counter
                0x080049b4       0x3c build_arm_cortex_m3_base_application_stm32l/sys_cfg.o
                0x080049b4                sys_ctrl_soft_watchdog_increase_counter
 .text.sys_ctrl_get_firmware_info
                0x080049f0       0x40 build_arm_cortex_m3_base_application_stm32l/sys_cfg.o
                0x080049f0                sys_ctrl_get_firmware_info
 .text.ak_irq_io_entry_trigger
                0x08004a30        0x2 build_arm_cortex_m3_base_application_stm32l/sys_cfg.o
                0x08004a30                ak_irq_io_entry_trigger
 .text.ak_irq_io_exit_trigger
                0x08004a32        0x2 build_arm_cortex_m3_base_application_stm32l/sys_cfg.o
                0x08004a32                ak_irq_io_exit_trigger
 .text.led_life_init
                0x08004a34       0x38 build_arm_cortex_m3_base_application_stm32l/io_cfg.o
                0x08004a34                led_life_init
 .text.led_life_on
                0x08004a6c       0x10 build_arm_cortex_m3_base_application_stm32l/io_cfg.o
                0x08004a6c                led_life_on
 .text.led_life_off
                0x08004a7c       0x10 build_arm_cortex_m3_base_application_stm32l/io_cfg.o
                0x08004a7c                led_life_off
 .text.nrf24l01_io_ctrl_init
                0x08004a8c       0xc4 build_arm_cortex_m3_base_application_stm32l/io_cfg.o
                0x08004a8c                nrf24l01_io_ctrl_init
 .text.nrf24l01_spi_ctrl_init
                0x08004b50       0xc4 build_arm_cortex_m3_base_application_stm32l/io_cfg.o
                0x08004b50                nrf24l01_spi_ctrl_init
 .text.nrf24l01_ce_low
                0x08004c14       0x10 build_arm_cortex_m3_base_application_stm32l/io_cfg.o
                0x08004c14                nrf24l01_ce_low
 .text.nrf24l01_ce_high
                0x08004c24       0x10 build_arm_cortex_m3_base_application_stm32l/io_cfg.o
                0x08004c24                nrf24l01_ce_high
 .text.nrf24l01_csn_low
                0x08004c34       0x10 build_arm_cortex_m3_base_application_stm32l/io_cfg.o
                0x08004c34                nrf24l01_csn_low
 .text.nrf24l01_csn_high
                0x08004c44       0x10 build_arm_cortex_m3_base_application_stm32l/io_cfg.o
                0x08004c44                nrf24l01_csn_high
 .text.flash_cs_low
                0x08004c54       0x10 build_arm_cortex_m3_base_application_stm32l/io_cfg.o
                0x08004c54                flash_cs_low
 .text.flash_cs_high
                0x08004c64       0x10 build_arm_cortex_m3_base_application_stm32l/io_cfg.o
                0x08004c64                flash_cs_high
 .text.flash_transfer
                0x08004c74       0x80 build_arm_cortex_m3_base_application_stm32l/io_cfg.o
                0x08004c74                flash_transfer
 .text.nrf24l01_spi_rw
                0x08004cf4        0x4 build_arm_cortex_m3_base_application_stm32l/io_cfg.o
                0x08004cf4                nrf24l01_spi_rw
 .text.sht1x_clk_input_mode
                0x08004cf8       0x38 build_arm_cortex_m3_base_application_stm32l/io_cfg.o
                0x08004cf8                sht1x_clk_input_mode
 .text.sht1x_clk_output_mode
                0x08004d30       0x38 build_arm_cortex_m3_base_application_stm32l/io_cfg.o
                0x08004d30                sht1x_clk_output_mode
 .text.sht1x_clk_digital_write_low
                0x08004d68       0x10 build_arm_cortex_m3_base_application_stm32l/io_cfg.o
                0x08004d68                sht1x_clk_digital_write_low
 .text.sht1x_clk_digital_write_high
                0x08004d78       0x10 build_arm_cortex_m3_base_application_stm32l/io_cfg.o
                0x08004d78                sht1x_clk_digital_write_high
 .text.sht1x_data_input_mode
                0x08004d88       0x38 build_arm_cortex_m3_base_application_stm32l/io_cfg.o
                0x08004d88                sht1x_data_input_mode
 .text.sht1x_data_output_mode
                0x08004dc0       0x38 build_arm_cortex_m3_base_application_stm32l/io_cfg.o
                0x08004dc0                sht1x_data_output_mode
 .text.sht1x_data_digital_write_low
                0x08004df8       0x10 build_arm_cortex_m3_base_application_stm32l/io_cfg.o
                0x08004df8                sht1x_data_digital_write_low
 .text.sht1x_data_digital_write_high
                0x08004e08       0x10 build_arm_cortex_m3_base_application_stm32l/io_cfg.o
                0x08004e08                sht1x_data_digital_write_high
 .text.ds1302_ce_input_mode
                0x08004e18       0x34 build_arm_cortex_m3_base_application_stm32l/io_cfg.o
                0x08004e18                ds1302_ce_input_mode
 .text.ds1302_ce_output_mode
                0x08004e4c       0x34 build_arm_cortex_m3_base_application_stm32l/io_cfg.o
                0x08004e4c                ds1302_ce_output_mode
 .text.ds1302_ce_digital_write_low
                0x08004e80        0xc build_arm_cortex_m3_base_application_stm32l/io_cfg.o
                0x08004e80                ds1302_ce_digital_write_low
 .text.ds1302_ce_digital_write_high
                0x08004e8c        0xc build_arm_cortex_m3_base_application_stm32l/io_cfg.o
                0x08004e8c                ds1302_ce_digital_write_high
 .text.ds1302_clk_input_mode
                0x08004e98       0x38 build_arm_cortex_m3_base_application_stm32l/io_cfg.o
                0x08004e98                ds1302_clk_input_mode
 .text.ds1302_clk_output_mode
                0x08004ed0       0x38 build_arm_cortex_m3_base_application_stm32l/io_cfg.o
                0x08004ed0                ds1302_clk_output_mode
 .text.ds1302_clk_digital_write_low
                0x08004f08       0x10 build_arm_cortex_m3_base_application_stm32l/io_cfg.o
                0x08004f08                ds1302_clk_digital_write_low
 .text.ds1302_clk_digital_write_high
                0x08004f18       0x10 build_arm_cortex_m3_base_application_stm32l/io_cfg.o
                0x08004f18                ds1302_clk_digital_write_high
 .text.ds1302_data_input_mode
                0x08004f28       0x34 build_arm_cortex_m3_base_application_stm32l/io_cfg.o
                0x08004f28                ds1302_data_input_mode
 .text.ds1302_data_output_mode
                0x08004f5c       0x34 build_arm_cortex_m3_base_application_stm32l/io_cfg.o
                0x08004f5c                ds1302_data_output_mode
 .text.ds1302_data_digital_write_low
                0x08004f90        0xc build_arm_cortex_m3_base_application_stm32l/io_cfg.o
                0x08004f90                ds1302_data_digital_write_low
 .text.ds1302_data_digital_write_high
                0x08004f9c        0xc build_arm_cortex_m3_base_application_stm32l/io_cfg.o
                0x08004f9c                ds1302_data_digital_write_high
 .text.ssd1306_clk_input_mode
                0x08004fa8       0x38 build_arm_cortex_m3_base_application_stm32l/io_cfg.o
                0x08004fa8                ssd1306_clk_input_mode
 .text.ssd1306_clk_output_mode
                0x08004fe0       0x38 build_arm_cortex_m3_base_application_stm32l/io_cfg.o
                0x08004fe0                ssd1306_clk_output_mode
 .text.ssd1306_clk_digital_write_low
                0x08005018       0x10 build_arm_cortex_m3_base_application_stm32l/io_cfg.o
                0x08005018                ssd1306_clk_digital_write_low
 .text.ssd1306_clk_digital_write_high
                0x08005028       0x10 build_arm_cortex_m3_base_application_stm32l/io_cfg.o
                0x08005028                ssd1306_clk_digital_write_high
 .text.ssd1306_data_input_mode
                0x08005038       0x38 build_arm_cortex_m3_base_application_stm32l/io_cfg.o
                0x08005038                ssd1306_data_input_mode
 .text.ssd1306_data_output_mode
                0x08005070       0x38 build_arm_cortex_m3_base_application_stm32l/io_cfg.o
                0x08005070                ssd1306_data_output_mode
 .text.ssd1306_data_digital_write_low
                0x080050a8       0x10 build_arm_cortex_m3_base_application_stm32l/io_cfg.o
                0x080050a8                ssd1306_data_digital_write_low
 .text.ssd1306_data_digital_write_high
                0x080050b8       0x10 build_arm_cortex_m3_base_application_stm32l/io_cfg.o
                0x080050b8                ssd1306_data_digital_write_high
 .text.timer9_int
                0x080050c8       0x60 build_arm_cortex_m3_base_application_stm32l/io_cfg.o
                0x080050c8                timer9_int
 .text.TIM11_PWM
                0x08005128       0xb8 build_arm_cortex_m3_base_application_stm32l/io_cfg.o
                0x08005128                TIM11_PWM
 .text.TIM3_Encoder_Config
                0x080051e0       0xb8 build_arm_cortex_m3_base_application_stm32l/io_cfg.o
                0x080051e0                TIM3_Encoder_Config
 .text.TIM2_Encoder_Config
                0x08005298       0xb8 build_arm_cortex_m3_base_application_stm32l/io_cfg.o
                0x08005298                TIM2_Encoder_Config
 .text.io_eeprom_read
                0x08005350       0x34 build_arm_cortex_m3_base_application_stm32l/io_cfg.o
                0x08005350                io_eeprom_read
 .text.io_eeprom_erase
                0x08005384       0x50 build_arm_cortex_m3_base_application_stm32l/io_cfg.o
                0x08005384                io_eeprom_erase
 .text.internal_flash_unlock
                0x080053d4       0x12 build_arm_cortex_m3_base_application_stm32l/io_cfg.o
                0x080053d4                internal_flash_unlock
 .text.internal_flash_lock
                0x080053e6        0x4 build_arm_cortex_m3_base_application_stm32l/io_cfg.o
                0x080053e6                internal_flash_lock
 .text.internal_flash_erase_pages_cal
                0x080053ea       0x22 build_arm_cortex_m3_base_application_stm32l/io_cfg.o
                0x080053ea                internal_flash_erase_pages_cal
 .text.internal_flash_write_cal
                0x0800540c       0x48 build_arm_cortex_m3_base_application_stm32l/io_cfg.o
                0x0800540c                internal_flash_write_cal
 .text.SystemInit
                0x08005454      0x118 build_arm_cortex_m3_base_application_stm32l/system_stm32l1xx.o
                0x08005454                SystemInit
 .text.SystemCoreClockUpdate
                0x0800556c       0x94 build_arm_cortex_m3_base_application_stm32l/system_stm32l1xx.o
                0x0800556c                SystemCoreClockUpdate
 .text.app_task_pid
                0x08005600        0x8 build_arm_cortex_m3_base_application_stm32l/app.o
                0x08005600                app_task_pid
 .text.sys_irq_timer_10ms
                0x08005608       0x24 build_arm_cortex_m3_base_application_stm32l/app.o
                0x08005608                sys_irq_timer_10ms
 .text.sys_irq_usb_recv
                0x0800562c        0x2 build_arm_cortex_m3_base_application_stm32l/app.o
                0x0800562c                sys_irq_usb_recv
 *fill*         0x0800562e        0x2 
 .text.main_app
                0x08005630      0x120 build_arm_cortex_m3_base_application_stm32l/app.o
                0x08005630                main_app
 .text.rf_printf
                0x08005750        0x2 build_arm_cortex_m3_base_application_stm32l/rf_remote_ctrl.o
                0x08005750                rf_printf
 *fill*         0x08005752        0x2 
 .text._ZL19str_parser_get_attrh
                0x08005754       0x1c build_arm_cortex_m3_base_application_stm32l/shell.o
 .text._ZL9shell_epiPh
                0x08005770        0x4 build_arm_cortex_m3_base_application_stm32l/shell.o
 .text._ZL9shell_psvPh
                0x08005774       0x14 build_arm_cortex_m3_base_application_stm32l/shell.o
 .text._ZL10shell_helpPh
                0x08005788       0x30 build_arm_cortex_m3_base_application_stm32l/shell.o
 .text._ZL9shell_dbgPh
                0x080057b8       0xdc build_arm_cortex_m3_base_application_stm32l/shell.o
 .text._ZL9shell_svcPh
                0x08005894       0x10 build_arm_cortex_m3_base_application_stm32l/shell.o
 .text._ZL9shell_fwuPh
                0x080058a4       0x34 build_arm_cortex_m3_base_application_stm32l/shell.o
 .text._ZL12shell_rebootPh
                0x080058d8        0xa build_arm_cortex_m3_base_application_stm32l/shell.o
 *fill*         0x080058e2        0x2 
 .text._ZL10str_parserPc
                0x080058e4       0x6c build_arm_cortex_m3_base_application_stm32l/shell.o
 .text._ZL11shell_flashPh
                0x08005950      0x148 build_arm_cortex_m3_base_application_stm32l/shell.o
 .text._ZL9shell_epsPh
                0x08005a98       0xc8 build_arm_cortex_m3_base_application_stm32l/shell.o
 .text._ZL9shell_sttPh
                0x08005b60       0x34 build_arm_cortex_m3_base_application_stm32l/shell.o
 .text._ZL11shell_fatalPh
                0x08005b94      0x2c0 build_arm_cortex_m3_base_application_stm32l/shell.o
 .text._ZL9shell_ramPh
                0x08005e54      0x1d0 build_arm_cortex_m3_base_application_stm32l/shell.o
 .text._ZL9shell_verPh
                0x08006024       0xe8 build_arm_cortex_m3_base_application_stm32l/shell.o
 .text._ZL11shell_resetPh
                0x0800610c       0x10 build_arm_cortex_m3_base_application_stm32l/shell.o
 .text._ZL10shell_bootPh
                0x0800611c       0xdc build_arm_cortex_m3_base_application_stm32l/shell.o
 .text._ZL9shell_lcdPh
                0x080061f8       0xdc build_arm_cortex_m3_base_application_stm32l/shell.o
 .text.sys_irq_shell
                0x080062d4       0x9c build_arm_cortex_m3_base_application_stm32l/task_shell.o
                0x080062d4                sys_irq_shell
 .text._Z10task_shellP8ak_msg_t
                0x08006370       0x88 build_arm_cortex_m3_base_application_stm32l/task_shell.o
                0x08006370                task_shell(ak_msg_t*)
 .text._Z9task_lifeP8ak_msg_t
                0x080063f8       0x20 build_arm_cortex_m3_base_application_stm32l/task_life.o
                0x080063f8                task_life(ak_msg_t*)
 .text._Z7task_fwP8ak_msg_t
                0x08006418      0x3c8 build_arm_cortex_m3_base_application_stm32l/task_fw.o
                0x08006418                task_fw(ak_msg_t*)
 .text._Z12task_displayP8ak_msg_t
                0x080067e0      0x130 build_arm_cortex_m3_base_application_stm32l/task_display.o
                0x080067e0                task_display(ak_msg_t*)
 .text._Z3PWMd  0x08006910       0x64 build_arm_cortex_m3_base_application_stm32l/task_encoder.o
                0x08006910                PWM(double)
 .text.startup._GLOBAL__sub_I_Encoder
                0x08006974       0x54 build_arm_cortex_m3_base_application_stm32l/task_encoder.o
 .text._Z15display_encoderv
                0x080069c8       0xbc build_arm_cortex_m3_base_application_stm32l/task_encoder.o
                0x080069c8                display_encoder()
 *fill*         0x08006a84        0x4 
 .text._Z7canbangv
                0x08006a88      0x164 build_arm_cortex_m3_base_application_stm32l/task_encoder.o
                0x08006a88                canbang()
 .text._Z12task_encoderP8ak_msg_t
                0x08006bec       0x1a build_arm_cortex_m3_base_application_stm32l/task_encoder.o
                0x08006bec                task_encoder(ak_msg_t*)
 .text._Z7task_ifP8ak_msg_t
                0x08006c06       0x82 build_arm_cortex_m3_base_application_stm32l/task_if.o
                0x08006c06                task_if(ak_msg_t*)
 .text._ZL13tx_frame_postPhm
                0x08006c88       0x50 build_arm_cortex_m3_base_application_stm32l/task_uart_if.o
 .text._Z12task_uart_ifP8ak_msg_t
                0x08006cd8      0x160 build_arm_cortex_m3_base_application_stm32l/task_uart_if.o
                0x08006cd8                task_uart_if(ak_msg_t*)
 .text._Z15rx_frame_parserh
                0x08006e38      0x154 build_arm_cortex_m3_base_application_stm32l/task_uart_if.o
                0x08006e38                rx_frame_parser(unsigned char)
 .text._Z8task_dbgP8ak_msg_t
                0x08006f8c        0x2 build_arm_cortex_m3_base_application_stm32l/task_dbg.o
                0x08006f8c                task_dbg(ak_msg_t*)
 *fill*         0x08006f8e        0x2 
 .text.startup._GLOBAL__sub_I_view_render
                0x08006f90        0xc build_arm_cortex_m3_base_application_stm32l/view_render.o
 .text.exit._GLOBAL__sub_D_view_render
                0x08006f9c        0xc build_arm_cortex_m3_base_application_stm32l/view_render.o
 .text._ZN12Adafruit_GFX8drawLineEsssst
                0x08006fa8       0xc0 build_arm_cortex_m3_base_application_stm32l/Adafruit_GFX.o
                0x08006fa8                Adafruit_GFX::drawLine(short, short, short, short, unsigned short)
 .text._ZN12Adafruit_GFX8drawRectEsssst
                0x08007068       0x60 build_arm_cortex_m3_base_application_stm32l/Adafruit_GFX.o
                0x08007068                Adafruit_GFX::drawRect(short, short, short, short, unsigned short)
 .text._ZN12Adafruit_GFX13drawFastVLineEssst
                0x080070c8       0x1c build_arm_cortex_m3_base_application_stm32l/Adafruit_GFX.o
                0x080070c8                Adafruit_GFX::drawFastVLine(short, short, short, unsigned short)
 .text._ZN12Adafruit_GFX13drawFastHLineEssst
                0x080070e4       0x1a build_arm_cortex_m3_base_application_stm32l/Adafruit_GFX.o
                0x080070e4                Adafruit_GFX::drawFastHLine(short, short, short, unsigned short)
 .text._ZN12Adafruit_GFX8fillRectEsssst
                0x080070fe       0x38 build_arm_cortex_m3_base_application_stm32l/Adafruit_GFX.o
                0x080070fe                Adafruit_GFX::fillRect(short, short, short, short, unsigned short)
 .text._ZN12Adafruit_GFX10fillScreenEt
                0x08007136       0x1c build_arm_cortex_m3_base_application_stm32l/Adafruit_GFX.o
                0x08007136                Adafruit_GFX::fillScreen(unsigned short)
 .text._ZN12Adafruit_GFX13invertDisplayEb
                0x08007152        0x2 build_arm_cortex_m3_base_application_stm32l/Adafruit_GFX.o
                0x08007152                Adafruit_GFX::invertDisplay(bool)
 .text._ZN12Adafruit_GFXC2Ess
                0x08007154       0x2c build_arm_cortex_m3_base_application_stm32l/Adafruit_GFX.o
                0x08007154                Adafruit_GFX::Adafruit_GFX(short, short)
                0x08007154                Adafruit_GFX::Adafruit_GFX(short, short)
 .text._ZN12Adafruit_GFX8drawCharEsshtth
                0x08007180      0x12c build_arm_cortex_m3_base_application_stm32l/Adafruit_GFX.o
                0x08007180                Adafruit_GFX::drawChar(short, short, unsigned char, unsigned short, unsigned short, unsigned char)
 .text._ZN12Adafruit_GFX5writeEh
                0x080072ac       0x6a build_arm_cortex_m3_base_application_stm32l/Adafruit_GFX.o
                0x080072ac                Adafruit_GFX::write(unsigned char)
 .text._ZN12Adafruit_GFX9setCursorEss
                0x08007316        0x6 build_arm_cortex_m3_base_application_stm32l/Adafruit_GFX.o
                0x08007316                Adafruit_GFX::setCursor(short, short)
 .text._ZN12Adafruit_GFX11setTextSizeEh
                0x0800731c        0xa build_arm_cortex_m3_base_application_stm32l/Adafruit_GFX.o
                0x0800731c                Adafruit_GFX::setTextSize(unsigned char)
 .text._ZN12Adafruit_GFX12setTextColorEt
                0x08007326        0x6 build_arm_cortex_m3_base_application_stm32l/Adafruit_GFX.o
                0x08007326                Adafruit_GFX::setTextColor(unsigned short)
 .text._ZN12Adafruit_GFX12setTextColorEtt
                0x0800732c        0x6 build_arm_cortex_m3_base_application_stm32l/Adafruit_GFX.o
                0x0800732c                Adafruit_GFX::setTextColor(unsigned short, unsigned short)
 .text._ZN12Adafruit_GFX5widthEv
                0x08007332        0x6 build_arm_cortex_m3_base_application_stm32l/Adafruit_GFX.o
                0x08007332                Adafruit_GFX::width()
 .text._ZN12Adafruit_GFX6heightEv
                0x08007338        0x6 build_arm_cortex_m3_base_application_stm32l/Adafruit_GFX.o
                0x08007338                Adafruit_GFX::height()
 .text._ZN19Adafruit_ssd1306syp9updateRowEii
                0x0800733e       0x1e build_arm_cortex_m3_base_application_stm32l/Adafruit_ssd1306syp.o
                0x0800733e                Adafruit_ssd1306syp::updateRow(int, int)
 .text._ZN19Adafruit_ssd1306syp9drawPixelEsst
                0x0800735c       0x70 build_arm_cortex_m3_base_application_stm32l/Adafruit_ssd1306syp.o
                0x0800735c                Adafruit_ssd1306syp::drawPixel(short, short, unsigned short)
 .text._ZN19Adafruit_ssd1306sypC2Ev
                0x080073cc       0x24 build_arm_cortex_m3_base_application_stm32l/Adafruit_ssd1306syp.o
                0x080073cc                Adafruit_ssd1306syp::Adafruit_ssd1306syp()
                0x080073cc                Adafruit_ssd1306syp::Adafruit_ssd1306syp()
 .text._ZN19Adafruit_ssd1306sypD2Ev
                0x080073f0        0x2 build_arm_cortex_m3_base_application_stm32l/Adafruit_ssd1306syp.o
                0x080073f0                Adafruit_ssd1306syp::~Adafruit_ssd1306syp()
                0x080073f0                Adafruit_ssd1306syp::~Adafruit_ssd1306syp()
 .text._ZN19Adafruit_ssd1306syp5clearEb
                0x080073f2       0x22 build_arm_cortex_m3_base_application_stm32l/Adafruit_ssd1306syp.o
                0x080073f2                Adafruit_ssd1306syp::clear(bool)
 .text._ZN19Adafruit_ssd1306syp9writeByteEh
                0x08007414       0x56 build_arm_cortex_m3_base_application_stm32l/Adafruit_ssd1306syp.o
                0x08007414                Adafruit_ssd1306syp::writeByte(unsigned char)
 .text._ZN19Adafruit_ssd1306syp8startIICEv
                0x0800746a       0x2c build_arm_cortex_m3_base_application_stm32l/Adafruit_ssd1306syp.o
                0x0800746a                Adafruit_ssd1306syp::startIIC()
 .text._ZN19Adafruit_ssd1306syp7stopIICEv
                0x08007496       0x2c build_arm_cortex_m3_base_application_stm32l/Adafruit_ssd1306syp.o
                0x08007496                Adafruit_ssd1306syp::stopIIC()
 .text._ZN19Adafruit_ssd1306syp12writeCommandEh
                0x080074c2       0x2c build_arm_cortex_m3_base_application_stm32l/Adafruit_ssd1306syp.o
                0x080074c2                Adafruit_ssd1306syp::writeCommand(unsigned char)
 *fill*         0x080074ee        0x2 
 .text._ZN19Adafruit_ssd1306syp10initializeEv
                0x080074f0      0x104 build_arm_cortex_m3_base_application_stm32l/Adafruit_ssd1306syp.o
                0x080074f0                Adafruit_ssd1306syp::initialize()
 .text._ZN19Adafruit_ssd1306syp10display_onEv
                0x080075f4        0x6 build_arm_cortex_m3_base_application_stm32l/Adafruit_ssd1306syp.o
                0x080075f4                Adafruit_ssd1306syp::display_on()
 .text._ZN19Adafruit_ssd1306syp11display_offEv
                0x080075fa        0x6 build_arm_cortex_m3_base_application_stm32l/Adafruit_ssd1306syp.o
                0x080075fa                Adafruit_ssd1306syp::display_off()
 .text._ZN19Adafruit_ssd1306syp17startDataSequenceEv
                0x08007600       0x1c build_arm_cortex_m3_base_application_stm32l/Adafruit_ssd1306syp.o
                0x08007600                Adafruit_ssd1306syp::startDataSequence()
 .text._ZN19Adafruit_ssd1306syp6updateEv
                0x0800761c       0x54 build_arm_cortex_m3_base_application_stm32l/Adafruit_ssd1306syp.o
                0x0800761c                Adafruit_ssd1306syp::update()
 .text._ZN19Adafruit_ssd1306syp9updateRowEi
                0x08007670       0x6e build_arm_cortex_m3_base_application_stm32l/Adafruit_ssd1306syp.o
                0x08007670                Adafruit_ssd1306syp::updateRow(int)
 .text.eeprom_read
                0x080076de        0x4 build_arm_cortex_m3_base_application_stm32l/eeprom.o
                0x080076de                eeprom_read
 .text.eeprom_erase
                0x080076e2        0x4 build_arm_cortex_m3_base_application_stm32l/eeprom.o
                0x080076e2                eeprom_erase
 *fill*         0x080076e6        0x2 
 .text.startup._GLOBAL__sub_I__ZN9DhcpClass13beginWithDHCPEPhmm
                0x080076e8       0x1c build_arm_cortex_m3_base_application_stm32l/Dhcp.o
 .text.startup._GLOBAL__sub_I__ZN9DNSClient5beginERK9IPAddress
                0x08007704       0x1c build_arm_cortex_m3_base_application_stm32l/Dns.o
 .text.startup._GLOBAL__sub_I__ZN14EthernetClient8_srcportE
                0x08007720       0x1c build_arm_cortex_m3_base_application_stm32l/EthernetClient.o
 .text.startup._GLOBAL__sub_I__ZN13EthernetClass6_stateE
                0x0800773c       0x24 build_arm_cortex_m3_base_application_stm32l/Ethernet.o
 .text.startup._GLOBAL__sub_I__ZN14EthernetServerC2Et
                0x08007760       0x1c build_arm_cortex_m3_base_application_stm32l/EthernetServer.o
 .text.startup._GLOBAL__sub_I__ZN11EthernetUDPC2Ev
                0x0800777c       0x1c build_arm_cortex_m3_base_application_stm32l/EthernetUdp.o
 .text._ZN3PID6laymauEv
                0x08007798      0x140 build_arm_cortex_m3_base_application_stm32l/PID_v1.o
                0x08007798                PID::laymau()
 .text._ZN3PID10SetTuningsEdddi
                0x080078d8       0xe8 build_arm_cortex_m3_base_application_stm32l/PID_v1.o
                0x080078d8                PID::SetTunings(double, double, double, int)
 .text._ZN3PID13SetSampleTimeEi
                0x080079c0       0x4c build_arm_cortex_m3_base_application_stm32l/PID_v1.o
                0x080079c0                PID::SetSampleTime(int)
 .text._ZN3PID15SetOutputLimitsEdd
                0x08007a0c       0x8a build_arm_cortex_m3_base_application_stm32l/PID_v1.o
                0x08007a0c                PID::SetOutputLimits(double, double)
 .text._ZN3PID10InitializeEv
                0x08007a96       0x46 build_arm_cortex_m3_base_application_stm32l/PID_v1.o
                0x08007a96                PID::Initialize()
 .text._ZN3PID7SetModeEi
                0x08007adc       0x1e build_arm_cortex_m3_base_application_stm32l/PID_v1.o
                0x08007adc                PID::SetMode(int)
 .text._ZN3PID22SetControllerDirectionEi
                0x08007afa       0x46 build_arm_cortex_m3_base_application_stm32l/PID_v1.o
                0x08007afa                PID::SetControllerDirection(int)
 .text._ZN3PIDC2EPdS0_S0_dddii
                0x08007b40       0x68 build_arm_cortex_m3_base_application_stm32l/PID_v1.o
                0x08007b40                PID::PID(double*, double*, double*, double, double, double, int, int)
                0x08007b40                PID::PID(double*, double*, double*, double, double, double, int, int)
 .text._ZN3PIDC2EPdS0_S0_dddi
                0x08007ba8       0x30 build_arm_cortex_m3_base_application_stm32l/PID_v1.o
                0x08007ba8                PID::PID(double*, double*, double*, double, double, double, int)
                0x08007ba8                PID::PID(double*, double*, double*, double, double, double, int)
 .text._Z18nrf_nwk_pdu_mallocv
                0x08007bd8       0x34 build_arm_cortex_m3_base_application_stm32l/nrf_data.o
                0x08007bd8                nrf_nwk_pdu_malloc()
 .text._Z16nrf_nwk_pdu_freeP13nrf_nwk_pdu_t
                0x08007c0c       0x20 build_arm_cortex_m3_base_application_stm32l/nrf_data.o
                0x08007c0c                nrf_nwk_pdu_free(nrf_nwk_pdu_t*)
 .text._Z15nrf_nwk_pdu_getm
                0x08007c2c       0x10 build_arm_cortex_m3_base_application_stm32l/nrf_data.o
                0x08007c2c                nrf_nwk_pdu_get(unsigned long)
 .text._Z23nrf_get_static_nwk_addrv
                0x08007c3c       0x1c build_arm_cortex_m3_base_application_stm32l/nrf_data.o
                0x08007c3c                nrf_get_static_nwk_addr()
 .text._Z20nrf_get_des_phy_addrv
                0x08007c58        0x8 build_arm_cortex_m3_base_application_stm32l/nrf_data.o
                0x08007c58                nrf_get_des_phy_addr()
 .text._Z20nrf_get_src_phy_addrv
                0x08007c60        0x8 build_arm_cortex_m3_base_application_stm32l/nrf_data.o
                0x08007c60                nrf_get_src_phy_addr()
 .text._Z13task_rf24_macP8ak_msg_t
                0x08007c68      0x318 build_arm_cortex_m3_base_application_stm32l/nrf_mac.o
                0x08007c68                task_rf24_mac(ak_msg_t*)
 .text._Z13task_rf24_nwkP8ak_msg_t
                0x08007f80        0xc build_arm_cortex_m3_base_application_stm32l/nrf_nwk.o
                0x08007f80                task_rf24_nwk(ak_msg_t*)
 .text.sys_irq_nrf24l01
                0x08007f8c       0x8c build_arm_cortex_m3_base_application_stm32l/nrf_phy.o
                0x08007f8c                sys_irq_nrf24l01
 .text._Z23nrf_phy_switch_ptx_modev
                0x08008018       0x1a build_arm_cortex_m3_base_application_stm32l/nrf_phy.o
                0x08008018                nrf_phy_switch_ptx_mode()
 .text._Z23nrf_phy_switch_prx_modev
                0x08008032       0x26 build_arm_cortex_m3_base_application_stm32l/nrf_phy.o
                0x08008032                nrf_phy_switch_prx_mode()
 .text._Z13task_rf24_phyP8ak_msg_t
                0x08008058      0x148 build_arm_cortex_m3_base_application_stm32l/nrf_phy.o
                0x08008058                task_rf24_phy(ak_msg_t*)
 .text._Z13task_link_macP8ak_msg_t
                0x080081a0        0x2 build_arm_cortex_m3_base_application_stm32l/link_mac.o
                0x080081a0                task_link_mac(ak_msg_t*)
 .text._Z13task_link_phyP8ak_msg_t
                0x080081a2        0x2 build_arm_cortex_m3_base_application_stm32l/link_phy.o
                0x080081a2                task_link_phy(ak_msg_t*)
 .text._Z7pinModehh
                0x080081a4       0xe8 build_arm_cortex_m3_base_application_stm32l/wiring_digital.o
                0x080081a4                pinMode(unsigned char, unsigned char)
 .text._Z12digitalWritehh
                0x0800828c       0xd8 build_arm_cortex_m3_base_application_stm32l/wiring_digital.o
                0x0800828c                digitalWrite(unsigned char, unsigned char)
 .text._ZN5Print5writeEPKhj
                0x08008364       0x22 build_arm_cortex_m3_base_application_stm32l/Print.o
                0x08008364                Print::write(unsigned char const*, unsigned int)
 .text._ZN5Print5writeEPKc
                0x08008386       0x20 build_arm_cortex_m3_base_application_stm32l/Print.o
                0x08008386                Print::write(char const*)
 .text._ZN5Print5printEPKc
                0x080083a6        0x8 build_arm_cortex_m3_base_application_stm32l/Print.o
                0x080083a6                Print::print(char const*)
 .text._ZN5Print5printEc
                0x080083ae        0x6 build_arm_cortex_m3_base_application_stm32l/Print.o
                0x080083ae                Print::print(char)
 .text._ZN5Print11printNumberEmh
                0x080083b4       0x3e build_arm_cortex_m3_base_application_stm32l/Print.o
                0x080083b4                Print::printNumber(unsigned long, unsigned char)
 .text._ZN5Print5printEmi
                0x080083f2       0x16 build_arm_cortex_m3_base_application_stm32l/Print.o
                0x080083f2                Print::print(unsigned long, int)
 .text._ZN5Print5printEhi
                0x08008408        0x4 build_arm_cortex_m3_base_application_stm32l/Print.o
                0x08008408                Print::print(unsigned char, int)
 .text._ZN5Print5printEli
                0x0800840c       0x44 build_arm_cortex_m3_base_application_stm32l/Print.o
                0x0800840c                Print::print(long, int)
 .text._ZN5Print10printFloatEdh
                0x08008450      0x15c build_arm_cortex_m3_base_application_stm32l/Print.o
                0x08008450                Print::printFloat(double, unsigned char)
 .text._ZN5Print5printEdi
                0x080085ac        0xa build_arm_cortex_m3_base_application_stm32l/Print.o
                0x080085ac                Print::print(double, int)
 .text._ZNK9IPAddress7printToER5Print
                0x080085b6       0x3e build_arm_cortex_m3_base_application_stm32l/IPAddress.o
                0x080085b6                IPAddress::printTo(Print&) const
 .text._ZN9IPAddressC2Ev
                0x080085f4       0x10 build_arm_cortex_m3_base_application_stm32l/IPAddress.o
                0x080085f4                IPAddress::IPAddress()
                0x080085f4                IPAddress::IPAddress()
 .text._ZN9IPAddressC2Ehhhh
                0x08008604       0x18 build_arm_cortex_m3_base_application_stm32l/IPAddress.o
                0x08008604                IPAddress::IPAddress(unsigned char, unsigned char, unsigned char, unsigned char)
                0x08008604                IPAddress::IPAddress(unsigned char, unsigned char, unsigned char, unsigned char)
 .text.startup._GLOBAL__sub_I__ZN8SPIClassC2Ev
                0x0800861c       0x18 build_arm_cortex_m3_base_application_stm32l/SPI.o
 .text._ZN7TwoWire9availableEv
                0x08008634       0x14 build_arm_cortex_m3_base_application_stm32l/Wire.o
                0x08008634                TwoWire::available()
 .text._ZN7TwoWire4readEv
                0x08008648       0x28 build_arm_cortex_m3_base_application_stm32l/Wire.o
                0x08008648                TwoWire::read()
 .text._ZN7TwoWire4peekEv
                0x08008670       0x24 build_arm_cortex_m3_base_application_stm32l/Wire.o
                0x08008670                TwoWire::peek()
 .text._ZN7TwoWire5flushEv
                0x08008694        0x2 build_arm_cortex_m3_base_application_stm32l/Wire.o
                0x08008694                TwoWire::flush()
 *fill*         0x08008696        0x2 
 .text._ZN7TwoWire5writeEPKhj
                0x08008698       0x34 build_arm_cortex_m3_base_application_stm32l/Wire.o
                0x08008698                TwoWire::write(unsigned char const*, unsigned int)
 .text._ZN7TwoWire5writeEh
                0x080086cc       0x54 build_arm_cortex_m3_base_application_stm32l/Wire.o
                0x080086cc                TwoWire::write(unsigned char)
 .text._ZN7TwoWireC2Ev
                0x08008720       0x14 build_arm_cortex_m3_base_application_stm32l/Wire.o
                0x08008720                TwoWire::TwoWire()
                0x08008720                TwoWire::TwoWire()
 .text.startup._GLOBAL__sub_I__ZN7TwoWire8rxBufferE
                0x08008734        0xc build_arm_cortex_m3_base_application_stm32l/Wire.o
 .text._Z12twi_transmitPKhh
                0x08008740       0x3c build_arm_cortex_m3_base_application_stm32l/twi.o
                0x08008740                twi_transmit(unsigned char const*, unsigned char)
 .text.__cxa_pure_virtual
                0x0800877c       0x18 build_arm_cortex_m3_base_application_stm32l/mini_cpp.o
                0x0800877c                __cxa_pure_virtual
 .text._sbrk    0x08008794       0x1c build_arm_cortex_m3_base_application_stm32l/mini_cpp.o
                0x08008794                _sbrk
 .text.__locale_ctype_ptr_l
                0x080087b0        0x8 /home/chuong/workspace/tools/gcc-arm-none-eabi-5_4-2016q3/arm-none-eabi/lib/armv7-m/libc.a(lib_a-locale.o)
                0x080087b0                __locale_ctype_ptr_l
 .text.malloc   0x080087b8       0x10 /home/chuong/workspace/tools/gcc-arm-none-eabi-5_4-2016q3/arm-none-eabi/lib/armv7-m/libc.a(lib_a-malloc.o)
                0x080087b8                malloc
 .text.free     0x080087c8       0x10 /home/chuong/workspace/tools/gcc-arm-none-eabi-5_4-2016q3/arm-none-eabi/lib/armv7-m/libc.a(lib_a-malloc.o)
                0x080087c8                free
 .text._malloc_r
                0x080087d8      0x558 /home/chuong/workspace/tools/gcc-arm-none-eabi-5_4-2016q3/arm-none-eabi/lib/armv7-m/libc.a(lib_a-mallocr.o)
                0x080087d8                _malloc_r
 .text.__ascii_mbtowc
                0x08008d30       0x2c /home/chuong/workspace/tools/gcc-arm-none-eabi-5_4-2016q3/arm-none-eabi/lib/armv7-m/libc.a(lib_a-mbtowc_r.o)
                0x08008d30                __ascii_mbtowc
 .text.memcmp   0x08008d5c       0x64 /home/chuong/workspace/tools/gcc-arm-none-eabi-5_4-2016q3/arm-none-eabi/lib/armv7-m/libc.a(lib_a-memcmp.o)
                0x08008d5c                memcmp
 .text.memset   0x08008dc0       0x9c /home/chuong/workspace/tools/gcc-arm-none-eabi-5_4-2016q3/arm-none-eabi/lib/armv7-m/libc.a(lib_a-memset.o)
                0x08008dc0                memset
 .text.__malloc_lock
                0x08008e5c        0x4 /home/chuong/workspace/tools/gcc-arm-none-eabi-5_4-2016q3/arm-none-eabi/lib/armv7-m/libc.a(lib_a-mlock.o)
                0x08008e5c                __malloc_lock
 .text.__malloc_unlock
                0x08008e60        0x4 /home/chuong/workspace/tools/gcc-arm-none-eabi-5_4-2016q3/arm-none-eabi/lib/armv7-m/libc.a(lib_a-mlock.o)
                0x08008e60                __malloc_unlock
 .text.rand     0x08008e64       0x40 /home/chuong/workspace/tools/gcc-arm-none-eabi-5_4-2016q3/arm-none-eabi/lib/armv7-m/libc.a(lib_a-rand.o)
                0x08008e64                rand
 .text._sbrk_r  0x08008ea4       0x24 /home/chuong/workspace/tools/gcc-arm-none-eabi-5_4-2016q3/arm-none-eabi/lib/armv7-m/libc.a(lib_a-sbrkr.o)
                0x08008ea4                _sbrk_r
 .text.strcpy   0x08008ec8       0xbc /home/chuong/workspace/tools/gcc-arm-none-eabi-5_4-2016q3/arm-none-eabi/lib/armv7-m/libc.a(lib_a-strcpy.o)
                0x08008ec8                strcpy
 .text.strlen   0x08008f84       0x5c /home/chuong/workspace/tools/gcc-arm-none-eabi-5_4-2016q3/arm-none-eabi/lib/armv7-m/libc.a(lib_a-strlen-stub.o)
                0x08008f84                strlen
 .text._strtol_l.isra.0
                0x08008fe0      0x138 /home/chuong/workspace/tools/gcc-arm-none-eabi-5_4-2016q3/arm-none-eabi/lib/armv7-m/libc.a(lib_a-strtol.o)
 .text.strtol   0x08009118       0x2c /home/chuong/workspace/tools/gcc-arm-none-eabi-5_4-2016q3/arm-none-eabi/lib/armv7-m/libc.a(lib_a-strtol.o)
                0x08009118                strtol
 .text.__ascii_wctomb
                0x08009144       0x1c /home/chuong/workspace/tools/gcc-arm-none-eabi-5_4-2016q3/arm-none-eabi/lib/armv7-m/libc.a(lib_a-wctomb_r.o)
                0x08009144                __ascii_wctomb
 .text._malloc_trim_r
                0x08009160       0x9c /home/chuong/workspace/tools/gcc-arm-none-eabi-5_4-2016q3/arm-none-eabi/lib/armv7-m/libc.a(lib_a-freer.o)
                0x08009160                _malloc_trim_r
 .text._free_r  0x080091fc      0x1d0 /home/chuong/workspace/tools/gcc-arm-none-eabi-5_4-2016q3/arm-none-eabi/lib/armv7-m/libc.a(lib_a-freer.o)
                0x080091fc                _free_r
 *(.rodata)
 *(.rodata*)
 .rodata.str1.1
                0x080093cc       0x56 build_arm_cortex_m3_base_application_stm32l/message.o
 .rodata.log2lkup.5231
                0x08009422      0x100 build_arm_cortex_m3_base_application_stm32l/task.o
 .rodata.str1.1
                0x08009522       0x1d build_arm_cortex_m3_base_application_stm32l/task.o
 .rodata.str1.1
                0x0800953f        0x3 build_arm_cortex_m3_base_application_stm32l/timer.o
 .rodata.str1.1
                0x08009542       0x1d build_arm_cortex_m3_base_application_stm32l/fifo.o
 .rodata.str1.1
                0x0800955f      0x345 build_arm_cortex_m3_base_application_stm32l/sys_dbg.o
                                0x347 (size before relaxing)
 .rodata.Virtual_Com_Port_StringVendor
                0x080098a4       0x26 build_arm_cortex_m3_base_application_stm32l/usb_desc.o
                0x080098a4                Virtual_Com_Port_StringVendor
 .rodata.Virtual_Com_Port_DeviceDescriptor
                0x080098ca       0x12 build_arm_cortex_m3_base_application_stm32l/usb_desc.o
                0x080098ca                Virtual_Com_Port_DeviceDescriptor
 .rodata.Virtual_Com_Port_StringLangID
                0x080098dc        0x4 build_arm_cortex_m3_base_application_stm32l/usb_desc.o
                0x080098dc                Virtual_Com_Port_StringLangID
 .rodata.Virtual_Com_Port_StringProduct
                0x080098e0       0x32 build_arm_cortex_m3_base_application_stm32l/usb_desc.o
                0x080098e0                Virtual_Com_Port_StringProduct
 .rodata.Virtual_Com_Port_ConfigDescriptor
                0x08009912       0x43 build_arm_cortex_m3_base_application_stm32l/usb_desc.o
                0x08009912                Virtual_Com_Port_ConfigDescriptor
 .rodata.str1.1
                0x08009955        0x4 build_arm_cortex_m3_base_application_stm32l/stm32l.o
 .rodata.str1.1
                0x08009959        0x3 build_arm_cortex_m3_base_application_stm32l/system.o
 .rodata.str1.1
                0x0800995c       0x67 build_arm_cortex_m3_base_application_stm32l/sys_cfg.o
                                 0x69 (size before relaxing)
 .rodata.str1.1
                0x080099c3        0x4 build_arm_cortex_m3_base_application_stm32l/io_cfg.o
 .rodata.str1.1
                0x080099c7       0x1f build_arm_cortex_m3_base_application_stm32l/app.o
 .rodata.str1.1
                0x080099e6      0x554 build_arm_cortex_m3_base_application_stm32l/shell.o
                                0x738 (size before relaxing)
 .rodata.str1.1
                0x08009f3a       0x43 build_arm_cortex_m3_base_application_stm32l/task_shell.o
 .rodata.str1.1
                0x08009f7d        0xb build_arm_cortex_m3_base_application_stm32l/task_display.o
                                 0x5c (size before relaxing)
 .rodata.str1.1
                0x08009f88       0x20 build_arm_cortex_m3_base_application_stm32l/task_encoder.o
                                 0x30 (size before relaxing)
 .rodata.str1.1
                0x08009fa8        0x8 build_arm_cortex_m3_base_application_stm32l/task_uart_if.o
 .rodata._ZTV12Adafruit_GFX
                0x08009fb0       0x30 build_arm_cortex_m3_base_application_stm32l/Adafruit_GFX.o
                0x08009fb0                vtable for Adafruit_GFX
 .rodata._ZL4font
                0x08009fe0      0x4fb build_arm_cortex_m3_base_application_stm32l/Adafruit_GFX.o
 *fill*         0x0800a4db        0x1 
 .rodata._ZTV19Adafruit_ssd1306syp
                0x0800a4dc       0x40 build_arm_cortex_m3_base_application_stm32l/Adafruit_ssd1306syp.o
                0x0800a4dc                vtable for Adafruit_ssd1306syp
 .rodata.str1.1
                0x0800a51c        0x8 build_arm_cortex_m3_base_application_stm32l/nrf_data.o
 .rodata.str1.1
                0x0800a524        0x4 build_arm_cortex_m3_base_application_stm32l/nrf_phy.o
 .rodata.str1.1
                0x0800a528        0x3 build_arm_cortex_m3_base_application_stm32l/wiring_digital.o
 .rodata.str1.1
                0x0800a52b        0xc build_arm_cortex_m3_base_application_stm32l/Print.o
                                  0xe (size before relaxing)