Archive member included to satisfy reference by file (symbol)

/home/chuong/workspace/tools/gcc-arm-none-eabi-5_4-2016q3/arm-none-eabi/lib/armv7-m/libc.a(lib_a-atof.o)
                              build_arm_cortex_m3_base_application_stm32l/WString.o (atof)
/home/chuong/workspace/tools/gcc-arm-none-eabi-5_4-2016q3/arm-none-eabi/lib/armv7-m/libc.a(lib_a-atol.o)
                              build_arm_cortex_m3_base_application_stm32l/WString.o (atol)
/home/chuong/workspace/tools/gcc-arm-none-eabi-5_4-2016q3/arm-none-eabi/lib/armv7-m/libc.a(lib_a-isspace.o)
                              build_arm_cortex_m3_base_application_stm32l/WString.o (isspace)
/home/chuong/workspace/tools/gcc-arm-none-eabi-5_4-2016q3/arm-none-eabi/lib/armv7-m/libc.a(lib_a-locale.o)
                              /home/chuong/workspace/tools/gcc-arm-none-eabi-5_4-2016q3/arm-none-eabi/lib/armv7-m/libc.a(lib_a-isspace.o) (__locale_ctype_ptr)
/home/chuong/workspace/tools/gcc-arm-none-eabi-5_4-2016q3/arm-none-eabi/lib/armv7-m/libc.a(lib_a-malloc.o)
                              build_arm_cortex_m3_base_application_stm32l/message.o (malloc)
/home/chuong/workspace/tools/gcc-arm-none-eabi-5_4-2016q3/arm-none-eabi/lib/armv7-m/libc.a(lib_a-mallocr.o)
                              /home/chuong/workspace/tools/gcc-arm-none-eabi-5_4-2016q3/arm-none-eabi/lib/armv7-m/libc.a(lib_a-malloc.o) (_malloc_r)
/home/chuong/workspace/tools/gcc-arm-none-eabi-5_4-2016q3/arm-none-eabi/lib/armv7-m/libc.a(lib_a-mbtowc_r.o)
                              /home/chuong/workspace/tools/gcc-arm-none-eabi-5_4-2016q3/arm-none-eabi/lib/armv7-m/libc.a(lib_a-locale.o) (__ascii_mbtowc)
/home/chuong/workspace/tools/gcc-arm-none-eabi-5_4-2016q3/arm-none-eabi/lib/armv7-m/libc.a(lib_a-memcmp.o)
                              build_arm_cortex_m3_base_application_stm32l/task_fw.o (memcmp)
/home/chuong/workspace/tools/gcc-arm-none-eabi-5_4-2016q3/arm-none-eabi/lib/armv7-m/libc.a(lib_a-memcpy.o)
                              build_arm_cortex_m3_base_application_stm32l/message.o (memcpy)
/home/chuong/workspace/tools/gcc-arm-none-eabi-5_4-2016q3/arm-none-eabi/lib/armv7-m/libc.a(lib_a-memmove.o)
                              build_arm_cortex_m3_base_application_stm32l/WString.o (memmove)
/home/chuong/workspace/tools/gcc-arm-none-eabi-5_4-2016q3/arm-none-eabi/lib/armv7-m/libc.a(lib_a-memset.o)
                              build_arm_cortex_m3_base_application_stm32l/task.o (memset)
/home/chuong/workspace/tools/gcc-arm-none-eabi-5_4-2016q3/arm-none-eabi/lib/armv7-m/libc.a(lib_a-mlock.o)
                              /home/chuong/workspace/tools/gcc-arm-none-eabi-5_4-2016q3/arm-none-eabi/lib/armv7-m/libc.a(lib_a-mallocr.o) (__malloc_lock)
/home/chuong/workspace/tools/gcc-arm-none-eabi-5_4-2016q3/arm-none-eabi/lib/armv7-m/libc.a(lib_a-rand.o)
                              build_arm_cortex_m3_base_application_stm32l/WMath.o (srand)
/home/chuong/workspace/tools/gcc-arm-none-eabi-5_4-2016q3/arm-none-eabi/lib/armv7-m/libc.a(lib_a-realloc.o)
                              build_arm_cortex_m3_base_application_stm32l/WString.o (realloc)
/home/chuong/workspace/tools/gcc-arm-none-eabi-5_4-2016q3/arm-none-eabi/lib/armv7-m/libc.a(lib_a-reallocr.o)
                              /home/chuong/workspace/tools/gcc-arm-none-eabi-5_4-2016q3/arm-none-eabi/lib/armv7-m/libc.a(lib_a-realloc.o) (_realloc_r)
/home/chuong/workspace/tools/gcc-arm-none-eabi-5_4-2016q3/arm-none-eabi/lib/armv7-m/libc.a(lib_a-sbrkr.o)
                              /home/chuong/workspace/tools/gcc-arm-none-eabi-5_4-2016q3/arm-none-eabi/lib/armv7-m/libc.a(lib_a-mallocr.o) (_sbrk_r)
/home/chuong/workspace/tools/gcc-arm-none-eabi-5_4-2016q3/arm-none-eabi/lib/armv7-m/libc.a(lib_a-strcat.o)
                              build_arm_cortex_m3_base_application_stm32l/dtostrf.o (strcat)
/home/chuong/workspace/tools/gcc-arm-none-eabi-5_4-2016q3/arm-none-eabi/lib/armv7-m/libc.a(lib_a-strchr.o)
                              build_arm_cortex_m3_base_application_stm32l/WString.o (strchr)
/home/chuong/workspace/tools/gcc-arm-none-eabi-5_4-2016q3/arm-none-eabi/lib/armv7-m/libc.a(lib_a-strcmp.o)
                              build_arm_cortex_m3_base_application_stm32l/cmd_line.o (strcmp)
/home/chuong/workspace/tools/gcc-arm-none-eabi-5_4-2016q3/arm-none-eabi/lib/armv7-m/libc.a(lib_a-strcpy.o)
                              build_arm_cortex_m3_base_application_stm32l/sys_dbg.o (strcpy)
/home/chuong/workspace/tools/gcc-arm-none-eabi-5_4-2016q3/arm-none-eabi/lib/armv7-m/libc.a(lib_a-strlen-stub.o)
                              build_arm_cortex_m3_base_application_stm32l/dtostrf.o (strlen)
/home/chuong/workspace/tools/gcc-arm-none-eabi-5_4-2016q3/arm-none-eabi/lib/armv7-m/libc.a(lib_a-strncmp.o)
                              build_arm_cortex_m3_base_application_stm32l/WString.o (strncmp)
/home/chuong/workspace/tools/gcc-arm-none-eabi-5_4-2016q3/arm-none-eabi/lib/armv7-m/libc.a(lib_a-strncpy.o)
[...]
Memory Configuration

Name             Origin             Length             Attributes
FLASH            0x08000000         0x0000d000         xr
SRAM             0x20000000         0x00004000         xrw
*default*        0x00000000         0xffffffff

Linker script and memory map

                0x00000800                HEAP_SIZE = 0x800

.start_flash    0x08000000        0x0
                0x08000000                _start_flash = .

.isr_vector     0x08000000       0xf4
 *(.isr_vector)
 .isr_vector    0x08000000       0xf4 build_arm_cortex_m3_base_application_stm32l/system.o
                0x08000000                isr_vector
                0x080000f4                . = ALIGN (0x4)

.text           0x080000f8     0xa858
                0x080000f8                . = ALIGN (0x4)
 *(.text)
 .text          0x080000f8       0xec /home/chuong/workspace/tools/gcc-arm-none-eabi-5_4-2016q3/arm-none-eabi/lib/armv7-m/libc.a(lib_a-memcpy.o)
                0x080000f8                memcpy
 .text          0x080001e4      0x1bc /home/chuong/workspace/tools/gcc-arm-none-eabi-5_4-2016q3/arm-none-eabi/lib/armv7-m/libc.a(lib_a-strcmp.o)
                0x080001e4                strcmp
 .text          0x080003a0      0x370 /home/chuong/workspace/tools/gcc-arm-none-eabi-5_4-2016q3/lib/gcc/arm-none-eabi/5.4.1/armv7-m/libgcc.a(_arm_addsubdf3.o)
                0x080003a0                __aeabi_drsub
                0x080003a8                __aeabi_dsub
                0x080003a8                __subdf3
                0x080003ac                __adddf3
                0x080003ac                __aeabi_dadd
                0x08000624                __aeabi_ui2d
                0x08000624                __floatunsidf
                0x08000644                __floatsidf
                0x08000644                __aeabi_i2d
                0x08000668                __extendsfdf2
                0x08000668                __aeabi_f2d
                0x080006a4                __aeabi_ul2d
                0x080006a4                __floatundidf
                0x080006b4                __floatdidf
                0x080006b4                __aeabi_l2d
 .text          0x08000710      0x424 /home/chuong/workspace/tools/gcc-arm-none-eabi-5_4-2016q3/lib/gcc/arm-none-eabi/5.4.1/armv7-m/libgcc.a(_arm_muldivdf3.o)
                0x08000710                __aeabi_dmul
                0x08000710                __muldf3
                0x08000964                __aeabi_ddiv
                0x08000964                __divdf3
 .text          0x08000b34      0x110 /home/chuong/workspace/tools/gcc-arm-none-eabi-5_4-2016q3/lib/gcc/arm-none-eabi/5.4.1/armv7-m/libgcc.a(_arm_cmpdf2.o)
                0x08000b34                __gtdf2
                0x08000b34                __gedf2
                0x08000b3c                __ltdf2
                0x08000b3c                __ledf2
                0x08000b44                __cmpdf2
                0x08000b44                __eqdf2
                0x08000b44                __nedf2
                0x08000bc0                __aeabi_cdrcmple
                0x08000bd0                __aeabi_cdcmple
                0x08000bd0                __aeabi_cdcmpeq
                0x08000be0                __aeabi_dcmpeq
                0x08000bf4                __aeabi_dcmplt
                0x08000c08                __aeabi_dcmple
                0x08000c1c                __aeabi_dcmpge
                0x08000c30                __aeabi_dcmpgt
 .text          0x08000c44       0x2c /home/chuong/workspace/tools/gcc-arm-none-eabi-5_4-2016q3/lib/gcc/arm-none-eabi/5.4.1/armv7-m/libgcc.a(_arm_unorddf2.o)
                0x08000c44                __aeabi_dcmpun
                0x08000c44                __unorddf2
 .text          0x08000c70       0x50 /home/chuong/workspace/tools/gcc-arm-none-eabi-5_4-2016q3/lib/gcc/arm-none-eabi/5.4.1/armv7-m/libgcc.a(_arm_fixdfsi.o)
                0x08000c70                __fixdfsi
                0x08000c70                __aeabi_d2iz
 .text          0x08000cc0       0x40 /home/chuong/workspace/tools/gcc-arm-none-eabi-5_4-2016q3/lib/gcc/arm-none-eabi/5.4.1/armv7-m/libgcc.a(_arm_fixunsdfsi.o)
                0x08000cc0                __fixunsdfsi
                0x08000cc0                __aeabi_d2uiz
 .text          0x08000d00       0xa0 /home/chuong/workspace/tools/gcc-arm-none-eabi-5_4-2016q3/lib/gcc/arm-none-eabi/5.4.1/armv7-m/libgcc.a(_arm_truncdfsf2.o)
                0x08000d00                __aeabi_d2f
                0x08000d00                __truncdfsf2
 .text          0x08000da0      0x21c /home/chuong/workspace/tools/gcc-arm-none-eabi-5_4-2016q3/lib/gcc/arm-none-eabi/5.4.1/armv7-m/libgcc.a(_arm_addsubsf3.o)
                0x08000da0                __aeabi_frsub
                0x08000da8                __subsf3
                0x08000da8                __aeabi_fsub
                0x08000dac                __aeabi_fadd
                0x08000dac                __addsf3
                0x08000f0c                __aeabi_ui2f
                0x08000f0c                __floatunsisf
                0x08000f14                __aeabi_i2f
                0x08000f14                __floatsisf
                0x08000f30                __floatundisf
                0x08000f30                __aeabi_ul2f
                0x08000f40                __floatdisf
                0x08000f40                __aeabi_l2f
 .text          0x08000fbc      0x2a0 /home/chuong/workspace/tools/gcc-arm-none-eabi-5_4-2016q3/lib/gcc/arm-none-eabi/5.4.1/armv7-m/libgcc.a(_arm_muldivsf3.o)
                0x08000fbc                __mulsf3
                0x08000fbc                __aeabi_fmul
                0x08001124                __divsf3
                0x08001124                __aeabi_fdiv
 .text          0x0800125c       0x4c /home/chuong/workspace/tools/gcc-arm-none-eabi-5_4-2016q3/lib/gcc/arm-none-eabi/5.4.1/armv7-m/libgcc.a(_arm_fixsfsi.o)
                0x0800125c                __fixsfsi
                0x0800125c                __aeabi_f2iz
 *(.text*)
 .text.msg_init
                0x080012a8       0xf8 build_arm_cortex_m3_base_application_stm32l/message.o
                0x080012a8                msg_init
 .text.msg_inc_ref_count
                0x080013a0       0x28 build_arm_cortex_m3_base_application_stm32l/message.o
                0x080013a0                msg_inc_ref_count
 .text.msg_dec_ref_count
                0x080013c8       0x24 build_arm_cortex_m3_base_application_stm32l/message.o
                0x080013c8                msg_dec_ref_count
 .text.msg_free
                0x080013ec       0x98 build_arm_cortex_m3_base_application_stm32l/message.o
                0x080013ec                msg_free
 .text.ak_malloc
                0x08001484       0x48 build_arm_cortex_m3_base_application_stm32l/message.o
                0x08001484                ak_malloc
 .text.ak_free  0x080014cc        0x4 build_arm_cortex_m3_base_application_stm32l/message.o
                0x080014cc                ak_free
 .text.get_common_msg
                0x080014d0       0x50 build_arm_cortex_m3_base_application_stm32l/message.o
                0x080014d0                get_common_msg
 .text.set_data_common_msg
                0x08001520       0x44 build_arm_cortex_m3_base_application_stm32l/message.o
                0x08001520                set_data_common_msg
 .text.get_data_common_msg
                0x08001564       0x30 build_arm_cortex_m3_base_application_stm32l/message.o
                0x08001564                get_data_common_msg
 .text.get_data_len_common_msg
                0x08001594       0x20 build_arm_cortex_m3_base_application_stm32l/message.o
                0x08001594                get_data_len_common_msg
 .text.get_pure_msg
                0x080015b4       0x50 build_arm_cortex_m3_base_application_stm32l/message.o
                0x080015b4                get_pure_msg
 .text.get_dynamic_msg
                0x08001604       0x54 build_arm_cortex_m3_base_application_stm32l/message.o
                0x08001604                get_dynamic_msg
 .text.set_data_dynamic_msg
                0x08001658       0xb0 build_arm_cortex_m3_base_application_stm32l/message.o
                0x08001658                set_data_dynamic_msg
 .text.get_data_dynamic_msg
                0x08001708       0x68 build_arm_cortex_m3_base_application_stm32l/message.o
                0x08001708                get_data_dynamic_msg
 .text.get_data_len_dynamic_msg
                0x08001770        0x4 build_arm_cortex_m3_base_application_stm32l/message.o
                0x08001770                get_data_len_dynamic_msg
 .text.fsm_dispatch
                0x08001774        0x6 build_arm_cortex_m3_base_application_stm32l/fsm.o
                0x08001774                fsm_dispatch
 *fill*         0x0800177a        0x2 
 .text.task_create
                0x0800177c       0x38 build_arm_cortex_m3_base_application_stm32l/task.o
                0x0800177c                task_create
 .text.task_post
                0x080017b4       0x80 build_arm_cortex_m3_base_application_stm32l/task.o
                0x080017b4                task_post
 .text.task_remove_msg
                0x08001834       0x98 build_arm_cortex_m3_base_application_stm32l/task.o
                0x08001834                task_remove_msg
 .text.task_post_pure_msg
                0x080018cc       0x18 build_arm_cortex_m3_base_application_stm32l/task.o
                0x080018cc                task_post_pure_msg
 .text.task_post_common_msg
                0x080018e4       0x2a build_arm_cortex_m3_base_application_stm32l/task.o
                0x080018e4                task_post_common_msg
 *fill*         0x0800190e        0x2 
 .text.task_entry_interrupt
                0x08001910       0x1c build_arm_cortex_m3_base_application_stm32l/task.o
                0x08001910                task_entry_interrupt
 .text.task_exit_interrupt
                0x0800192c       0x24 build_arm_cortex_m3_base_application_stm32l/task.o
                0x0800192c                task_exit_interrupt
 .text.task_init
                0x08001950       0x40 build_arm_cortex_m3_base_application_stm32l/task.o
                0x08001950                task_init
 .text.task_run
                0x08001990      0x110 build_arm_cortex_m3_base_application_stm32l/task.o
                0x08001990                task_run
 .text.get_current_task_id
                0x08001aa0        0xc build_arm_cortex_m3_base_application_stm32l/task.o
                0x08001aa0                get_current_task_id
 .text.get_current_task_info
                0x08001aac        0x8 build_arm_cortex_m3_base_application_stm32l/task.o
                0x08001aac                get_current_task_info
 .text.get_current_active_object
                0x08001ab4        0x8 build_arm_cortex_m3_base_application_stm32l/task.o
                0x08001ab4                get_current_active_object
 .text.timer_remove_msg
                0x08001abc       0x58 build_arm_cortex_m3_base_application_stm32l/timer.o
 .text.task_timer_tick
                0x08001b14       0x7c build_arm_cortex_m3_base_application_stm32l/timer.o
                0x08001b14                task_timer_tick
 .text.timer_init
                0x08001b90       0x48 build_arm_cortex_m3_base_application_stm32l/timer.o
                0x08001b90                timer_init
 .text.timer_tick
                0x08001bd8       0x40 build_arm_cortex_m3_base_application_stm32l/timer.o
                0x08001bd8                timer_tick
 .text.timer_set
                0x08001c18       0xa0 build_arm_cortex_m3_base_application_stm32l/timer.o
                0x08001c18                timer_set
 .text.timer_remove_attr
                0x08001cb8       0x18 build_arm_cortex_m3_base_application_stm32l/timer.o
                0x08001cb8                timer_remove_attr
 .text.xputc    0x08001cd0       0x24 build_arm_cortex_m3_base_application_stm32l/xprintf.o
                0x08001cd0                xputc
 .text.sxputc   0x08001cf4       0x10 build_arm_cortex_m3_base_application_stm32l/xprintf.o
                0x08001cf4                sxputc
 .text.xstream  0x08001d04      0x124 build_arm_cortex_m3_base_application_stm32l/xprintf.o
                0x08001d04                xstream
 .text.xprintf  0x08001e28       0x24 build_arm_cortex_m3_base_application_stm32l/xprintf.o
                0x08001e28                xprintf
 .text.set_dymc_output_type
                0x08001e4c       0x14 build_arm_cortex_m3_base_application_stm32l/xprintf.o
                0x08001e4c                set_dymc_output_type
 .text.xdymcprintf
                0x08001e60       0x6c build_arm_cortex_m3_base_application_stm32l/xprintf.o
                0x08001e60                xdymcprintf
 .text.cmd_line_parser
                0x08001ecc       0x7c build_arm_cortex_m3_base_application_stm32l/cmd_line.o
                0x08001ecc                cmd_line_parser
 .text.fifo_init
                0x08001f48       0x34 build_arm_cortex_m3_base_application_stm32l/fifo.o
                0x08001f48                fifo_init
 .text.fifo_availble
                0x08001f7c        0x4 build_arm_cortex_m3_base_application_stm32l/fifo.o
                0x08001f7c                fifo_availble
 .text.fifo_is_full
                0x08001f80        0xc build_arm_cortex_m3_base_application_stm32l/fifo.o
                0x08001f80                fifo_is_full
 .text.fifo_put
                0x08001f8c       0x5c build_arm_cortex_m3_base_application_stm32l/fifo.o
                0x08001f8c                fifo_put
 .text.fifo_get
                0x08001fe8       0x5c build_arm_cortex_m3_base_application_stm32l/fifo.o
                0x08001fe8                fifo_get
 .text.button_init
                0x08002044       0x34 build_arm_cortex_m3_base_application_stm32l/button.o
                0x08002044                button_init
 .text.button_enable
                0x08002078        0x6 build_arm_cortex_m3_base_application_stm32l/button.o
                0x08002078                button_enable
 .text.button_timer_polling
                0x0800207e       0x72 build_arm_cortex_m3_base_application_stm32l/button.o
                0x0800207e                button_timer_polling
 .text.flash_wait_to_idle
                0x080020f0       0x3c build_arm_cortex_m3_base_application_stm32l/flash.o
 .text.flash_set_write_enable.constprop.0
                0x0800212c       0x1a build_arm_cortex_m3_base_application_stm32l/flash.o
 .text.flash_read
                0x08002146       0x4a build_arm_cortex_m3_base_application_stm32l/flash.o
                0x08002146                flash_read
 .text.flash_write
                0x08002190       0x62 build_arm_cortex_m3_base_application_stm32l/flash.o
                0x08002190                flash_write
 .text.flash_erase_sector
                0x080021f2       0x48 build_arm_cortex_m3_base_application_stm32l/flash.o
                0x080021f2                flash_erase_sector
 .text.flash_erase_block_64k
                0x0800223a       0x46 build_arm_cortex_m3_base_application_stm32l/flash.o
                0x0800223a                flash_erase_block_64k
 .text.flash_erase_full
                0x08002280       0x26 build_arm_cortex_m3_base_application_stm32l/flash.o
                0x08002280                flash_erase_full
 .text.led_init
                0x080022a6       0x20 build_arm_cortex_m3_base_application_stm32l/led.o
                0x080022a6                led_init
 .text.led_on   0x080022c6        0xc build_arm_cortex_m3_base_application_stm32l/led.o
                0x080022c6                led_on
 .text.led_off  0x080022d2        0xc build_arm_cortex_m3_base_application_stm32l/led.o
                0x080022d2                led_off
 .text.led_toggle
                0x080022de       0x12 build_arm_cortex_m3_base_application_stm32l/led.o
                0x080022de                led_toggle
 .text.sys_dbg_fatal
                0x080022f0      0x348 build_arm_cortex_m3_base_application_stm32l/sys_dbg.o
                0x080022f0                sys_dbg_fatal
 .text.sys_dbg_func_stack_dump
                0x08002638       0x68 build_arm_cortex_m3_base_application_stm32l/sys_dbg.o
                0x08002638                sys_dbg_func_stack_dump
 .text.sys_dbg_cpu_dump
                0x080026a0       0x4c build_arm_cortex_m3_base_application_stm32l/sys_dbg.o
                0x080026a0                sys_dbg_cpu_dump
 .text.sys_dbg_stack_space_dump
                0x080026ec       0x30 build_arm_cortex_m3_base_application_stm32l/sys_dbg.o
                0x080026ec                sys_dbg_stack_space_dump
 .text.sys_boot_get
                0x0800271c        0xc build_arm_cortex_m3_base_application_stm32l/sys_boot.o
                0x0800271c                sys_boot_get
 .text.sys_boot_set
                0x08002728       0x30 build_arm_cortex_m3_base_application_stm32l/sys_boot.o
                0x08002728                sys_boot_set
 .text.sys_svc_restart_app
                0x08002758        0x4 build_arm_cortex_m3_base_application_stm32l/sys_svc.o
                0x08002758                sys_svc_restart_app
 .text.hal_nrf_rw
                0x0800275c        0x4 build_arm_cortex_m3_base_application_stm32l/hal_nrf_hw.o
                0x0800275c                hal_nrf_rw
 .text.hal_nrf_read_rx_pl_w
                0x08002760       0x1c build_arm_cortex_m3_base_application_stm32l/hal_nrf_l01.o
                0x08002760                hal_nrf_read_rx_pl_w
 .text.hal_nrf_read_reg
                0x0800277c       0x1e build_arm_cortex_m3_base_application_stm32l/hal_nrf_l01.o
                0x0800277c                hal_nrf_read_reg
 .text.hal_nrf_get_address_width
                0x0800279a        0xe build_arm_cortex_m3_base_application_stm32l/hal_nrf_l01.o
                0x0800279a                hal_nrf_get_address_width
 .text.hal_nrf_write_reg
                0x080027a8       0x42 build_arm_cortex_m3_base_application_stm32l/hal_nrf_l01.o
                0x080027a8                hal_nrf_write_reg
 .text.hal_nrf_set_irq_mode
                0x080027ea       0x34 build_arm_cortex_m3_base_application_stm32l/hal_nrf_l01.o
                0x080027ea                hal_nrf_set_irq_mode
 .text.hal_nrf_get_clear_irq_flags
                0x0800281e       0x10 build_arm_cortex_m3_base_application_stm32l/hal_nrf_l01.o
                0x0800281e                hal_nrf_get_clear_irq_flags
 .text.hal_nrf_set_crc_mode
                0x0800282e       0x1e build_arm_cortex_m3_base_application_stm32l/hal_nrf_l01.o
                0x0800282e                hal_nrf_set_crc_mode
 .text.hal_nrf_open_pipe
                0x0800284c       0x60 build_arm_cortex_m3_base_application_stm32l/hal_nrf_l01.o
                0x0800284c                hal_nrf_open_pipe
 .text.hal_nrf_close_pipe
                0x080028ac       0x4e build_arm_cortex_m3_base_application_stm32l/hal_nrf_l01.o
                0x080028ac                hal_nrf_close_pipe
 .text.hal_nrf_set_auto_retr
                0x080028fa       0x14 build_arm_cortex_m3_base_application_stm32l/hal_nrf_l01.o
                0x080028fa                hal_nrf_set_auto_retr
 .text.hal_nrf_set_address_width
                0x0800290e        0xa build_arm_cortex_m3_base_application_stm32l/hal_nrf_l01.o
                0x0800290e                hal_nrf_set_address_width
 .text.hal_nrf_set_rx_pload_width
                0x08002918        0x8 build_arm_cortex_m3_base_application_stm32l/hal_nrf_l01.o
                0x08002918                hal_nrf_set_rx_pload_width
 .text.hal_nrf_set_operation_mode
                0x08002920       0x28 build_arm_cortex_m3_base_application_stm32l/hal_nrf_l01.o
                0x08002920                hal_nrf_set_operation_mode
 .text.hal_nrf_set_power_mode
                0x08002948       0x28 build_arm_cortex_m3_base_application_stm32l/hal_nrf_l01.o
                0x08002948                hal_nrf_set_power_mode
 .text.hal_nrf_set_rf_channel
                0x08002970        0x8 build_arm_cortex_m3_base_application_stm32l/hal_nrf_l01.o
                0x08002970                hal_nrf_set_rf_channel
 .text.hal_nrf_set_output_power
                0x08002978       0x1e build_arm_cortex_m3_base_application_stm32l/hal_nrf_l01.o
                0x08002978                hal_nrf_set_output_power
 .text.hal_nrf_set_datarate
                0x08002996       0x26 build_arm_cortex_m3_base_application_stm32l/hal_nrf_l01.o
                0x08002996                hal_nrf_set_datarate
 .text.hal_nrf_flush_rx
                0x080029bc        0x8 build_arm_cortex_m3_base_application_stm32l/hal_nrf_l01.o
                0x080029bc                hal_nrf_flush_rx
 .text.hal_nrf_flush_tx
                0x080029c4        0x8 build_arm_cortex_m3_base_application_stm32l/hal_nrf_l01.o
                0x080029c4                hal_nrf_flush_tx
 .text.hal_nrf_nop
                0x080029cc        0x8 build_arm_cortex_m3_base_application_stm32l/hal_nrf_l01.o
                0x080029cc                hal_nrf_nop
 .text.hal_nrf_get_rx_data_source
                0x080029d4        0xc build_arm_cortex_m3_base_application_stm32l/hal_nrf_l01.o
                0x080029d4                hal_nrf_get_rx_data_source
 .text.hal_nrf_rx_fifo_empty
                0x080029e0        0xe build_arm_cortex_m3_base_application_stm32l/hal_nrf_l01.o
                0x080029e0                hal_nrf_rx_fifo_empty
 .text.hal_nrf_set_lna_gain
                0x080029ee       0x28 build_arm_cortex_m3_base_application_stm32l/hal_nrf_l01.o
                0x080029ee                hal_nrf_set_lna_gain
 .text.hal_nrf_read_multibyte_reg
                0x08002a16       0x66 build_arm_cortex_m3_base_application_stm32l/hal_nrf_l01.o
                0x08002a16                hal_nrf_read_multibyte_reg
 .text.hal_nrf_read_rx_pload
                0x08002a7c        0x8 build_arm_cortex_m3_base_application_stm32l/hal_nrf_l01.o
                0x08002a7c                hal_nrf_read_rx_pload
 .text.hal_nrf_write_multibyte_reg
                0x08002a84       0x4e build_arm_cortex_m3_base_application_stm32l/hal_nrf_l01.o
                0x08002a84                hal_nrf_write_multibyte_reg
 .text.hal_nrf_set_address
                0x08002ad2       0x2e build_arm_cortex_m3_base_application_stm32l/hal_nrf_l01.o
                0x08002ad2                hal_nrf_set_address
 .text.hal_nrf_write_tx_pload
                0x08002b00        0xa build_arm_cortex_m3_base_application_stm32l/hal_nrf_l01.o
                0x08002b00                hal_nrf_write_tx_pload
 .text.GPIO_Init
                0x08002b0a       0x78 build_arm_cortex_m3_base_application_stm32l/stm32l1xx_gpio.o
                0x08002b0a                GPIO_Init
 .text.GPIO_ReadInputDataBit
                0x08002b82        0xc build_arm_cortex_m3_base_application_stm32l/stm32l1xx_gpio.o
                0x08002b82                GPIO_ReadInputDataBit
 .text.GPIO_SetBits
                0x08002b8e        0x4 build_arm_cortex_m3_base_application_stm32l/stm32l1xx_gpio.o
                0x08002b8e                GPIO_SetBits
 .text.GPIO_ResetBits
                0x08002b92        0x4 build_arm_cortex_m3_base_application_stm32l/stm32l1xx_gpio.o
                0x08002b92                GPIO_ResetBits
 .text.GPIO_PinAFConfig
                0x08002b96       0x24 build_arm_cortex_m3_base_application_stm32l/stm32l1xx_gpio.o
                0x08002b96                GPIO_PinAFConfig
 *fill*         0x08002bba        0x2 
 .text.RCC_HSICmd
                0x08002bbc        0xc build_arm_cortex_m3_base_application_stm32l/stm32l1xx_rcc.o
                0x08002bbc                RCC_HSICmd
 .text.RCC_GetClocksFreq
                0x08002bc8       0xa8 build_arm_cortex_m3_base_application_stm32l/stm32l1xx_rcc.o
                0x08002bc8                RCC_GetClocksFreq
 .text.RCC_AHBPeriphClockCmd
                0x08002c70       0x18 build_arm_cortex_m3_base_application_stm32l/stm32l1xx_rcc.o
                0x08002c70                RCC_AHBPeriphClockCmd
 .text.RCC_APB2PeriphClockCmd
                0x08002c88       0x18 build_arm_cortex_m3_base_application_stm32l/stm32l1xx_rcc.o
                0x08002c88                RCC_APB2PeriphClockCmd
 .text.RCC_APB1PeriphClockCmd
                0x08002ca0       0x18 build_arm_cortex_m3_base_application_stm32l/stm32l1xx_rcc.o
                0x08002ca0                RCC_APB1PeriphClockCmd
 .text.RCC_GetFlagStatus
                0x08002cb8       0x20 build_arm_cortex_m3_base_application_stm32l/stm32l1xx_rcc.o
                0x08002cb8                RCC_GetFlagStatus
 .text.USART_Init
                0x08002cd8       0xa4 build_arm_cortex_m3_base_application_stm32l/stm32l1xx_usart.o
                0x08002cd8                USART_Init
 .text.USART_Cmd
                0x08002d7c       0x18 build_arm_cortex_m3_base_application_stm32l/stm32l1xx_usart.o
                0x08002d7c                USART_Cmd
 .text.USART_SendData
                0x08002d94        0x8 build_arm_cortex_m3_base_application_stm32l/stm32l1xx_usart.o
                0x08002d94                USART_SendData
 .text.USART_ReceiveData
                0x08002d9c        0x8 build_arm_cortex_m3_base_application_stm32l/stm32l1xx_usart.o
                0x08002d9c                USART_ReceiveData
 .text.USART_ITConfig
                0x08002da4       0x30 build_arm_cortex_m3_base_application_stm32l/stm32l1xx_usart.o
                0x08002da4                USART_ITConfig
 .text.USART_GetFlagStatus
                0x08002dd4        0xc build_arm_cortex_m3_base_application_stm32l/stm32l1xx_usart.o
                0x08002dd4                USART_GetFlagStatus
 .text.USART_GetITStatus
                0x08002de0       0x40 build_arm_cortex_m3_base_application_stm32l/stm32l1xx_usart.o
                0x08002de0                USART_GetITStatus
 .text.USART_ClearITPendingBit
                0x08002e20       0x10 build_arm_cortex_m3_base_application_stm32l/stm32l1xx_usart.o
                0x08002e20                USART_ClearITPendingBit
 .text.SPI_I2S_ReceiveData
                0x08002e30        0x6 build_arm_cortex_m3_base_application_stm32l/stm32l1xx_spi.o
                0x08002e30                SPI_I2S_ReceiveData
 .text.SPI_I2S_SendData
                0x08002e36        0x4 build_arm_cortex_m3_base_application_stm32l/stm32l1xx_spi.o
                0x08002e36                SPI_I2S_SendData
 .text.SPI_I2S_GetFlagStatus
                0x08002e3a        0xc build_arm_cortex_m3_base_application_stm32l/stm32l1xx_spi.o
                0x08002e3a                SPI_I2S_GetFlagStatus
 *fill*         0x08002e46        0x2 
 .text.NVIC_PriorityGroupConfig
                0x08002e48       0x14 build_arm_cortex_m3_base_application_stm32l/misc.o
                0x08002e48                NVIC_PriorityGroupConfig
 .text.NVIC_Init
                0x08002e5c       0x70 build_arm_cortex_m3_base_application_stm32l/misc.o
                0x08002e5c                NVIC_Init
 .text.EXTI_GetITStatus
                0x08002ecc       0x14 build_arm_cortex_m3_base_application_stm32l/stm32l1xx_exti.o
                0x08002ecc                EXTI_GetITStatus
 .text.EXTI_ClearITPendingBit
                0x08002ee0        0xc build_arm_cortex_m3_base_application_stm32l/stm32l1xx_exti.o
                0x08002ee0                EXTI_ClearITPendingBit
 .text.SYSCFG_USBPuCmd
                0x08002eec       0x18 build_arm_cortex_m3_base_application_stm32l/stm32l1xx_syscfg.o
                0x08002eec                SYSCFG_USBPuCmd
 .text.TIM_TimeBaseInit
                0x08002f04       0x58 build_arm_cortex_m3_base_application_stm32l/stm32l1xx_tim.o
                0x08002f04                TIM_TimeBaseInit
 .text.TIM_GetCounter
                0x08002f5c        0x4 build_arm_cortex_m3_base_application_stm32l/stm32l1xx_tim.o
                0x08002f5c                TIM_GetCounter
 .text.TIM_ARRPreloadConfig
                0x08002f60       0x18 build_arm_cortex_m3_base_application_stm32l/stm32l1xx_tim.o
                0x08002f60                TIM_ARRPreloadConfig
 .text.TIM_Cmd  0x08002f78       0x18 build_arm_cortex_m3_base_application_stm32l/stm32l1xx_tim.o
                0x08002f78                TIM_Cmd
 .text.TIM_OC1Init
                0x08002f90       0x3a build_arm_cortex_m3_base_application_stm32l/stm32l1xx_tim.o
                0x08002f90                TIM_OC1Init
 .text.TIM_OC1PreloadConfig
                0x08002fca       0x10 build_arm_cortex_m3_base_application_stm32l/stm32l1xx_tim.o
                0x08002fca                TIM_OC1PreloadConfig
 .text.TIM_GetITStatus
                0x08002fda       0x16 build_arm_cortex_m3_base_application_stm32l/stm32l1xx_tim.o
                0x08002fda                TIM_GetITStatus
 .text.TIM_ClearITPendingBit
                0x08002ff0        0x8 build_arm_cortex_m3_base_application_stm32l/stm32l1xx_tim.o
                0x08002ff0                TIM_ClearITPendingBit
 .text.TIM_DMACmd
                0x08002ff8       0x12 build_arm_cortex_m3_base_application_stm32l/stm32l1xx_tim.o
                0x08002ff8                TIM_DMACmd
 .text.TIM_ITConfig
                0x0800300a        0x4 build_arm_cortex_m3_base_application_stm32l/stm32l1xx_tim.o
                0x0800300a                TIM_ITConfig
 .text.TIM_EncoderInterfaceConfig
                0x0800300e       0x3c build_arm_cortex_m3_base_application_stm32l/stm32l1xx_tim.o
                0x0800300e                TIM_EncoderInterfaceConfig
 *fill*         0x0800304a        0x2 
 .text.FLASH_Lock
                0x0800304c       0x10 build_arm_cortex_m3_base_application_stm32l/stm32l1xx_flash.o
                0x0800304c                FLASH_Lock
 .text.DATA_EEPROM_Unlock
                0x0800305c       0x20 build_arm_cortex_m3_base_application_stm32l/stm32l1xx_flash.o
                0x0800305c                DATA_EEPROM_Unlock
 .text.FLASH_Unlock
                0x0800307c       0x2c build_arm_cortex_m3_base_application_stm32l/stm32l1xx_flash.o
                0x0800307c                FLASH_Unlock
 .text.DATA_EEPROM_Lock
                0x080030a8       0x10 build_arm_cortex_m3_base_application_stm32l/stm32l1xx_flash.o
                0x080030a8                DATA_EEPROM_Lock
 .text.FLASH_ClearFlag
                0x080030b8        0xc build_arm_cortex_m3_base_application_stm32l/stm32l1xx_flash.o
                0x080030b8                FLASH_ClearFlag
 .text.FLASH_GetStatus
                0x080030c4       0x28 build_arm_cortex_m3_base_application_stm32l/stm32l1xx_flash.o
                0x080030c4                FLASH_GetStatus
 .text.FLASH_WaitForLastOperation
                0x080030ec       0x38 build_arm_cortex_m3_base_application_stm32l/stm32l1xx_flash.o
                0x080030ec                FLASH_WaitForLastOperation
 .text.FLASH_ErasePage
                0x08003124       0x44 build_arm_cortex_m3_base_application_stm32l/stm32l1xx_flash.o
                0x08003124                FLASH_ErasePage
 .text.DATA_EEPROM_EraseWord
                0x08003168       0x16 build_arm_cortex_m3_base_application_stm32l/stm32l1xx_flash.o
                0x08003168                DATA_EEPROM_EraseWord
 *fill*         0x0800317e        0x2 
 .text.DATA_EEPROM_FastProgramWord
                0x08003180       0x30 build_arm_cortex_m3_base_application_stm32l/stm32l1xx_flash.o
                0x08003180                DATA_EEPROM_FastProgramWord
 .text.DATA_EEPROM_ProgramByte
                0x080031b0       0x4c build_arm_cortex_m3_base_application_stm32l/stm32l1xx_flash.o
                0x080031b0                DATA_EEPROM_ProgramByte
 .text.DATA_EEPROM_ProgramWord
                0x080031fc       0x22 build_arm_cortex_m3_base_application_stm32l/stm32l1xx_flash.o
                0x080031fc                DATA_EEPROM_ProgramWord
 .text.FLASH_FastProgramWord
                0x0800321e        0x4 build_arm_cortex_m3_base_application_stm32l/stm32l1xx_flash.o
                0x0800321e                FLASH_FastProgramWord
 *fill*         0x08003222        0x2 
 .text.IWDG_WriteAccessCmd
                0x08003224        0xc build_arm_cortex_m3_base_application_stm32l/stm32l1xx_iwdg.o
                0x08003224                IWDG_WriteAccessCmd
 .text.IWDG_SetPrescaler
                0x08003230        0xc build_arm_cortex_m3_base_application_stm32l/stm32l1xx_iwdg.o
                0x08003230                IWDG_SetPrescaler
 .text.IWDG_SetReload
                0x0800323c        0xc build_arm_cortex_m3_base_application_stm32l/stm32l1xx_iwdg.o
                0x0800323c                IWDG_SetReload
 .text.IWDG_ReloadCounter
                0x08003248       0x10 build_arm_cortex_m3_base_application_stm32l/stm32l1xx_iwdg.o
                0x08003248                IWDG_ReloadCounter
 .text.IWDG_Enable
                0x08003258       0x10 build_arm_cortex_m3_base_application_stm32l/stm32l1xx_iwdg.o
                0x08003258                IWDG_Enable
 .text.I2C_SendData
                0x08003268        0x4 build_arm_cortex_m3_base_application_stm32l/stm32l1xx_i2c.o
                0x08003268                I2C_SendData
 .text.I2C_CheckEvent
                0x0800326c       0x1a build_arm_cortex_m3_base_application_stm32l/stm32l1xx_i2c.o
                0x0800326c                I2C_CheckEvent
 *fill*         0x08003286        0x2 
 .text.Standard_GetConfiguration
                0x08003288       0x24 build_arm_cortex_m3_base_application_stm32l/usb_core.o
                0x08003288                Standard_GetConfiguration
 .text.Standard_GetInterface
                0x080032ac       0x24 build_arm_cortex_m3_base_application_stm32l/usb_core.o
                0x080032ac                Standard_GetInterface
 .text.Standard_GetStatus
                0x080032d0       0x90 build_arm_cortex_m3_base_application_stm32l/usb_core.o
                0x080032d0                Standard_GetStatus
 .text.DataStageIn
                0x08003360       0xa8 build_arm_cortex_m3_base_application_stm32l/usb_core.o
 .text.Standard_SetConfiguration
                0x08003408       0x38 build_arm_cortex_m3_base_application_stm32l/usb_core.o
                0x08003408                Standard_SetConfiguration
 .text.Standard_SetInterface
                0x08003440       0x48 build_arm_cortex_m3_base_application_stm32l/usb_core.o
                0x08003440                Standard_SetInterface
 .text.Standard_ClearFeature
                0x08003488       0xd8 build_arm_cortex_m3_base_application_stm32l/usb_core.o
                0x08003488                Standard_ClearFeature
 .text.Standard_SetEndPointFeature
                0x08003560       0x8c build_arm_cortex_m3_base_application_stm32l/usb_core.o
                0x08003560                Standard_SetEndPointFeature
 .text.Standard_SetDeviceFeature
                0x080035ec       0x24 build_arm_cortex_m3_base_application_stm32l/usb_core.o
                0x080035ec                Standard_SetDeviceFeature
 .text.Standard_GetDescriptorData
                0x08003610       0x1c build_arm_cortex_m3_base_application_stm32l/usb_core.o
                0x08003610                Standard_GetDescriptorData
 .text.Post0_Process
                0x0800362c       0x40 build_arm_cortex_m3_base_application_stm32l/usb_core.o
                0x0800362c                Post0_Process
 .text.Setup0_Process
                0x0800366c      0x304 build_arm_cortex_m3_base_application_stm32l/usb_core.o
                0x0800366c                Setup0_Process
 .text.Out0_Process
                0x08003970       0xe8 build_arm_cortex_m3_base_application_stm32l/usb_core.o
                0x08003970                Out0_Process
 .text.SetDeviceAddress
                0x08003a58       0x40 build_arm_cortex_m3_base_application_stm32l/usb_core.o
                0x08003a58                SetDeviceAddress
 .text.In0_Process
                0x08003a98       0x5c build_arm_cortex_m3_base_application_stm32l/usb_core.o
                0x08003a98                In0_Process
 .text.NOP_Process
                0x08003af4        0x2 build_arm_cortex_m3_base_application_stm32l/usb_core.o
                0x08003af4                NOP_Process
 *fill*         0x08003af6        0x2 
 .text.CTR_LP   0x08003af8      0x178 build_arm_cortex_m3_base_application_stm32l/usb_int.o
                0x08003af8                CTR_LP
 .text.UserToPMABufferCopy
                0x08003c70       0x24 build_arm_cortex_m3_base_application_stm32l/usb_mem.o
                0x08003c70                UserToPMABufferCopy
 .text.PMAToUserBufferCopy
                0x08003c94       0x24 build_arm_cortex_m3_base_application_stm32l/usb_mem.o
                0x08003c94                PMAToUserBufferCopy
 .text.SetISTR  0x08003cb8        0xc build_arm_cortex_m3_base_application_stm32l/usb_regs.o
                0x08003cb8                SetISTR
 .text.SetBTABLE
                0x08003cc4       0x10 build_arm_cortex_m3_base_application_stm32l/usb_regs.o
                0x08003cc4                SetBTABLE
 .text.SetEPType
                0x08003cd4       0x1c build_arm_cortex_m3_base_application_stm32l/usb_regs.o
                0x08003cd4                SetEPType
 .text.SetEPTxStatus
                0x08003cf0       0x32 build_arm_cortex_m3_base_application_stm32l/usb_regs.o
                0x08003cf0                SetEPTxStatus
 .text.SetEPRxStatus
                0x08003d22       0x32 build_arm_cortex_m3_base_application_stm32l/usb_regs.o
                0x08003d22                SetEPRxStatus
 .text.SetEPRxValid
                0x08003d54       0x26 build_arm_cortex_m3_base_application_stm32l/usb_regs.o
                0x08003d54                SetEPRxValid
 .text.ClearEPDoubleBuff
                0x08003d7a       0x20 build_arm_cortex_m3_base_application_stm32l/usb_regs.o
                0x08003d7a                ClearEPDoubleBuff
 .text.Clear_Status_Out
                0x08003d9a        0x4 build_arm_cortex_m3_base_application_stm32l/usb_regs.o
                0x08003d9a                Clear_Status_Out
 .text.ClearDTOG_RX
                0x08003d9e       0x24 build_arm_cortex_m3_base_application_stm32l/usb_regs.o
                0x08003d9e                ClearDTOG_RX
 .text.ClearDTOG_TX
                0x08003dc2       0x24 build_arm_cortex_m3_base_application_stm32l/usb_regs.o
                0x08003dc2                ClearDTOG_TX
 *fill*         0x08003de6        0x2 
 .text.SetEPTxCount
                0x08003de8       0x1c build_arm_cortex_m3_base_application_stm32l/usb_regs.o
                0x08003de8                SetEPTxCount
 .text.SetEPRxCount
                0x08003e04       0x40 build_arm_cortex_m3_base_application_stm32l/usb_regs.o
                0x08003e04                SetEPRxCount
 .text.SetEPDblBuf0Addr
                0x08003e44       0x20 build_arm_cortex_m3_base_application_stm32l/usb_regs.o
                0x08003e44                SetEPDblBuf0Addr
 .text.SetEPTxAddr
                0x08003e64        0x4 build_arm_cortex_m3_base_application_stm32l/usb_regs.o
                0x08003e64                SetEPTxAddr
 .text.SetEPDblBuf1Addr
                0x08003e68       0x20 build_arm_cortex_m3_base_application_stm32l/usb_regs.o
                0x08003e68                SetEPDblBuf1Addr
 .text.SetEPRxAddr
                0x08003e88        0x4 build_arm_cortex_m3_base_application_stm32l/usb_regs.o
                0x08003e88                SetEPRxAddr
 .text.GetEPDblBuf0Addr
                0x08003e8c       0x1c build_arm_cortex_m3_base_application_stm32l/usb_regs.o
                0x08003e8c                GetEPDblBuf0Addr
 .text.GetEPTxAddr
                0x08003ea8        0x4 build_arm_cortex_m3_base_application_stm32l/usb_regs.o
                0x08003ea8                GetEPTxAddr
 .text.GetEPDblBuf1Addr
                0x08003eac       0x1c build_arm_cortex_m3_base_application_stm32l/usb_regs.o
                0x08003eac                GetEPDblBuf1Addr
 .text.GetEPRxAddr
                0x08003ec8        0x4 build_arm_cortex_m3_base_application_stm32l/usb_regs.o
                0x08003ec8                GetEPRxAddr
 .text.GetEPDblBuf1Count
                0x08003ecc       0x20 build_arm_cortex_m3_base_application_stm32l/usb_regs.o
                0x08003ecc                GetEPDblBuf1Count
 .text.GetEPRxCount
                0x08003eec        0x4 build_arm_cortex_m3_base_application_stm32l/usb_regs.o
                0x08003eec                GetEPRxCount
 .text.ByteSwap
                0x08003ef0        0xa build_arm_cortex_m3_base_application_stm32l/usb_regs.o
                0x08003ef0                ByteSwap
 *fill*         0x08003efa        0x2 
 .text.USB_SIL_Init
                0x08003efc       0x20 build_arm_cortex_m3_base_application_stm32l/usb_sil.o
                0x08003efc                USB_SIL_Init
 .text.IntToUnicode
                0x08003f1c       0x28 build_arm_cortex_m3_base_application_stm32l/hw_config.o
 .text.USB_Cable_Config
                0x08003f44       0x1a build_arm_cortex_m3_base_application_stm32l/hw_config.o
                0x08003f44                USB_Cable_Config
 *fill*         0x08003f5e        0x2 
 .text.Get_SerialNum
                0x08003f60       0x40 build_arm_cortex_m3_base_application_stm32l/hw_config.o
                0x08003f60                Get_SerialNum
 .text.CDC_Receive_DATA
                0x08003fa0        0xc build_arm_cortex_m3_base_application_stm32l/hw_config.o
                0x08003fa0                CDC_Receive_DATA
 .text.EP1_IN_Callback
                0x08003fac        0xc build_arm_cortex_m3_base_application_stm32l/usb_endp.o
                0x08003fac                EP1_IN_Callback
 .text.EP3_OUT_Callback
                0x08003fb8       0x40 build_arm_cortex_m3_base_application_stm32l/usb_endp.o
                0x08003fb8                EP3_OUT_Callback
 .text.USB_Istr
                0x08003ff8      0x16c build_arm_cortex_m3_base_application_stm32l/usb_istr.o
                0x08003ff8                USB_Istr
 .text.Virtual_Com_Port_Status_In
                0x08004164       0x14 build_arm_cortex_m3_base_application_stm32l/usb_prop.o
                0x08004164                Virtual_Com_Port_Status_In
 .text.Virtual_Com_Port_Status_Out
                0x08004178        0x2 build_arm_cortex_m3_base_application_stm32l/usb_prop.o
                0x08004178                Virtual_Com_Port_Status_Out
 *fill*         0x0800417a        0x2 
 .text.Virtual_Com_Port_Data_Setup
                0x0800417c       0x5c build_arm_cortex_m3_base_application_stm32l/usb_prop.o
                0x0800417c                Virtual_Com_Port_Data_Setup
 .text.Virtual_Com_Port_NoData_Setup
                0x080041d8       0x24 build_arm_cortex_m3_base_application_stm32l/usb_prop.o
                0x080041d8                Virtual_Com_Port_NoData_Setup
 .text.Virtual_Com_Port_Get_Interface_Setting
                0x080041fc       0x10 build_arm_cortex_m3_base_application_stm32l/usb_prop.o
                0x080041fc                Virtual_Com_Port_Get_Interface_Setting
 .text.Virtual_Com_Port_SetLineCoding
                0x0800420c       0x18 build_arm_cortex_m3_base_application_stm32l/usb_prop.o
                0x0800420c                Virtual_Com_Port_SetLineCoding
 .text.Virtual_Com_Port_GetLineCoding
                0x08004224        0x4 build_arm_cortex_m3_base_application_stm32l/usb_prop.o
                0x08004224                Virtual_Com_Port_GetLineCoding
 .text.Virtual_Com_Port_init
                0x08004228       0x24 build_arm_cortex_m3_base_application_stm32l/usb_prop.o
                0x08004228                Virtual_Com_Port_init
 .text.Virtual_Com_Port_Reset
                0x0800424c       0xe0 build_arm_cortex_m3_base_application_stm32l/usb_prop.o
                0x0800424c                Virtual_Com_Port_Reset
 .text.Virtual_Com_Port_GetDeviceDescriptor
                0x0800432c        0xc build_arm_cortex_m3_base_application_stm32l/usb_prop.o
                0x0800432c                Virtual_Com_Port_GetDeviceDescriptor
 .text.Virtual_Com_Port_GetConfigDescriptor
                0x08004338        0xc build_arm_cortex_m3_base_application_stm32l/usb_prop.o
                0x08004338                Virtual_Com_Port_GetConfigDescriptor
 .text.Virtual_Com_Port_GetStringDescriptor
                0x08004344       0x20 build_arm_cortex_m3_base_application_stm32l/usb_prop.o
                0x08004344                Virtual_Com_Port_GetStringDescriptor
 .text.PowerOn  0x08004364       0x38 build_arm_cortex_m3_base_application_stm32l/usb_pwr.o
                0x08004364                PowerOn
 .text.Suspend  0x0800439c       0x88 build_arm_cortex_m3_base_application_stm32l/usb_pwr.o
                0x0800439c                Suspend
 .text.Resume_Init
                0x08004424       0x18 build_arm_cortex_m3_base_application_stm32l/usb_pwr.o
                0x08004424                Resume_Init
 .text.Resume   0x0800443c       0xa8 build_arm_cortex_m3_base_application_stm32l/usb_pwr.o
                0x0800443c                Resume
 .text.disable_interrupts
                0x080044e4       0x10 build_arm_cortex_m3_base_application_stm32l/stm32l.o
                0x080044e4                disable_interrupts
 .text.entry_critical
                0x080044f4       0x14 build_arm_cortex_m3_base_application_stm32l/stm32l.o
                0x080044f4                entry_critical
 .text.exit_critical
                0x08004508       0x30 build_arm_cortex_m3_base_application_stm32l/stm32l.o
                0x08004508                exit_critical
 .text.get_nest_entry_critical_counter
                0x08004538        0xc build_arm_cortex_m3_base_application_stm32l/stm32l.o
                0x08004538                get_nest_entry_critical_counter
 .text.svc_handler
                0x08004544       0x12 build_arm_cortex_m3_base_application_stm32l/system.o
                0x08004544                svc_handler
 .text.pendsv_handler
                0x08004556       0x12 build_arm_cortex_m3_base_application_stm32l/system.o
                0x08004556                pendsv_handler
 .text.default_handler
                0x08004568       0x18 build_arm_cortex_m3_base_application_stm32l/system.o
                0x08004568                default_handler
                0x08004568                dg_monitor_handler
 .text.nmi_handler
                0x08004580       0x18 build_arm_cortex_m3_base_application_stm32l/system.o
                0x08004580                nmi_handler
 .text.hard_fault_handler
                0x08004598       0x18 build_arm_cortex_m3_base_application_stm32l/system.o
                0x08004598                hard_fault_handler
 .text.mem_manage_handler
                0x080045b0       0x18 build_arm_cortex_m3_base_application_stm32l/system.o
                0x080045b0                mem_manage_handler
 .text.bus_fault_handler
                0x080045c8       0x18 build_arm_cortex_m3_base_application_stm32l/system.o
                0x080045c8                bus_fault_handler
 .text.usage_fault_handler
                0x080045e0       0x18 build_arm_cortex_m3_base_application_stm32l/system.o
                0x080045e0                usage_fault_handler
 .text.systick_handler
                0x080045f8       0x40 build_arm_cortex_m3_base_application_stm32l/system.o
                0x080045f8                systick_handler
 .text.shell_handler
                0x08004638       0x24 build_arm_cortex_m3_base_application_stm32l/system.o
                0x08004638                shell_handler
 .text.exti_line1_irq
                0x0800465c       0x20 build_arm_cortex_m3_base_application_stm32l/system.o
                0x0800465c                exti_line1_irq
 .text.timer6_irq
                0x0800467c       0x28 build_arm_cortex_m3_base_application_stm32l/system.o
                0x0800467c                timer6_irq
 .text.usb_lp_irq
                0x080046a4       0x12 build_arm_cortex_m3_base_application_stm32l/system.o
                0x080046a4                usb_lp_irq
 *fill*         0x080046b6        0x2 
 .text.timer7_irq
                0x080046b8       0x24 build_arm_cortex_m3_base_application_stm32l/system.o
                0x080046b8                timer7_irq
 .text.sys_ctrl_delay
                0x080046dc        0x8 build_arm_cortex_m3_base_application_stm32l/system.o
                0x080046dc                sys_ctrl_delay
 .text.reset_handler
                0x080046e4       0xcc build_arm_cortex_m3_base_application_stm32l/system.o
                0x080046e4                reset_handler
 .text.sys_ctrl_millis
                0x080047b0       0x1c build_arm_cortex_m3_base_application_stm32l/system.o
                0x080047b0                sys_ctrl_millis
 .text._init    0x080047cc        0x2 build_arm_cortex_m3_base_application_stm32l/system.o
                0x080047cc                _init
 .text.pendsv_exe
                0x080047ce        0xe build_arm_cortex_m3_base_application_stm32l/system.o
                0x080047ce                pendsv_exe
 .text.svc_exe  0x080047dc        0x4 build_arm_cortex_m3_base_application_stm32l/system.o
                0x080047dc                svc_exe
 .text.sys_cfg_clock
                0x080047e0       0x22 build_arm_cortex_m3_base_application_stm32l/sys_cfg.o
                0x080047e0                sys_cfg_clock
 *fill*         0x08004802        0x2 
 .text.sys_cfg_tick
                0x08004804       0x48 build_arm_cortex_m3_base_application_stm32l/sys_cfg.o
                0x08004804                sys_cfg_tick
 .text.sys_cfg_console
                0x0800484c       0xdc build_arm_cortex_m3_base_application_stm32l/sys_cfg.o
                0x0800484c                sys_cfg_console
 .text.sys_cfg_svc
                0x08004928       0x26 build_arm_cortex_m3_base_application_stm32l/sys_cfg.o
                0x08004928                sys_cfg_svc
 .text.sys_cfg_pendsv
                0x0800494e       0x26 build_arm_cortex_m3_base_application_stm32l/sys_cfg.o
                0x0800494e                sys_cfg_pendsv
 .text.sys_cfg_update_info
                0x08004974       0xe8 build_arm_cortex_m3_base_application_stm32l/sys_cfg.o
                0x08004974                sys_cfg_update_info
 .text.sys_ctrl_shell_put_char
                0x08004a5c       0x2c build_arm_cortex_m3_base_application_stm32l/sys_cfg.o
                0x08004a5c                sys_ctrl_shell_put_char
 .text.xputchar
                0x08004a88        0x4 build_arm_cortex_m3_base_application_stm32l/sys_cfg.o
 .text.sys_ctrl_shell_get_char
                0x08004a8c       0x34 build_arm_cortex_m3_base_application_stm32l/sys_cfg.o
                0x08004a8c                sys_ctrl_shell_get_char
 .text.sys_ctrl_reset
                0x08004ac0       0x20 build_arm_cortex_m3_base_application_stm32l/sys_cfg.o
                0x08004ac0                sys_ctrl_reset
 .text.sys_ctrl_delay_us
                0x08004ae0       0x28 build_arm_cortex_m3_base_application_stm32l/sys_cfg.o
                0x08004ae0                sys_ctrl_delay_us
 .text.sys_ctrl_delay_ms
                0x08004b08       0x1a build_arm_cortex_m3_base_application_stm32l/sys_cfg.o
                0x08004b08                sys_ctrl_delay_ms
 .text.sys_ctr_sleep_wait_for_irq
                0x08004b22        0x4 build_arm_cortex_m3_base_application_stm32l/sys_cfg.o
                0x08004b22                sys_ctr_sleep_wait_for_irq
 .text.sys_ctrl_independent_watchdog_init
                0x08004b26       0x2e build_arm_cortex_m3_base_application_stm32l/sys_cfg.o
                0x08004b26                sys_ctrl_independent_watchdog_init
 .text.sys_ctrl_independent_watchdog_reset
                0x08004b54       0x12 build_arm_cortex_m3_base_application_stm32l/sys_cfg.o
                0x08004b54                sys_ctrl_independent_watchdog_reset
 *fill*         0x08004b66        0x2 
 .text.sys_ctrl_soft_watchdog_init
                0x08004b68       0x6c build_arm_cortex_m3_base_application_stm32l/sys_cfg.o
                0x08004b68                sys_ctrl_soft_watchdog_init
 .text.sys_ctrl_soft_watchdog_reset
                0x08004bd4       0x18 build_arm_cortex_m3_base_application_stm32l/sys_cfg.o
                0x08004bd4                sys_ctrl_soft_watchdog_reset
 .text.sys_ctrl_soft_watchdog_increase_counter
                0x08004bec       0x3c build_arm_cortex_m3_base_application_stm32l/sys_cfg.o
                0x08004bec                sys_ctrl_soft_watchdog_increase_counter
 .text.sys_ctrl_get_firmware_info
                0x08004c28       0x40 build_arm_cortex_m3_base_application_stm32l/sys_cfg.o
                0x08004c28                sys_ctrl_get_firmware_info
 .text.ak_irq_io_entry_trigger
                0x08004c68        0x2 build_arm_cortex_m3_base_application_stm32l/sys_cfg.o
                0x08004c68                ak_irq_io_entry_trigger
 .text.ak_irq_io_exit_trigger
                0x08004c6a        0x2 build_arm_cortex_m3_base_application_stm32l/sys_cfg.o
                0x08004c6a                ak_irq_io_exit_trigger
 .text.io_button_mode_init
                0x08004c6c       0x34 build_arm_cortex_m3_base_application_stm32l/io_cfg.o
                0x08004c6c                io_button_mode_init
 .text.io_button_up_init
                0x08004ca0       0x34 build_arm_cortex_m3_base_application_stm32l/io_cfg.o
                0x08004ca0                io_button_up_init
 .text.io_button_down_init
                0x08004cd4       0x38 build_arm_cortex_m3_base_application_stm32l/io_cfg.o
                0x08004cd4                io_button_down_init
 .text.io_button_mode_read
                0x08004d0c        0xc build_arm_cortex_m3_base_application_stm32l/io_cfg.o
                0x08004d0c                io_button_mode_read
 .text.io_button_up_read
                0x08004d18        0xc build_arm_cortex_m3_base_application_stm32l/io_cfg.o
                0x08004d18                io_button_up_read
 .text.io_button_down_read
                0x08004d24       0x10 build_arm_cortex_m3_base_application_stm32l/io_cfg.o
                0x08004d24                io_button_down_read
 .text.led_life_init
                0x08004d34       0x38 build_arm_cortex_m3_base_application_stm32l/io_cfg.o
                0x08004d34                led_life_init
 .text.led_life_on
                0x08004d6c       0x10 build_arm_cortex_m3_base_application_stm32l/io_cfg.o
                0x08004d6c                led_life_on
 .text.led_life_off
                0x08004d7c       0x10 build_arm_cortex_m3_base_application_stm32l/io_cfg.o
                0x08004d7c                led_life_off
 .text.nrf24l01_io_ctrl_init
                0x08004d8c        0x2 build_arm_cortex_m3_base_application_stm32l/io_cfg.o
                0x08004d8c                nrf24l01_io_ctrl_init
 .text.nrf24l01_spi_ctrl_init
                0x08004d8e        0x2 build_arm_cortex_m3_base_application_stm32l/io_cfg.o
                0x08004d8e                nrf24l01_spi_ctrl_init
 .text.nrf24l01_ce_low
                0x08004d90       0x10 build_arm_cortex_m3_base_application_stm32l/io_cfg.o
                0x08004d90                nrf24l01_ce_low
 .text.nrf24l01_ce_high
                0x08004da0       0x10 build_arm_cortex_m3_base_application_stm32l/io_cfg.o
                0x08004da0                nrf24l01_ce_high
 .text.nrf24l01_csn_low
                0x08004db0       0x10 build_arm_cortex_m3_base_application_stm32l/io_cfg.o
                0x08004db0                nrf24l01_csn_low
 .text.nrf24l01_csn_high
                0x08004dc0       0x10 build_arm_cortex_m3_base_application_stm32l/io_cfg.o
                0x08004dc0                nrf24l01_csn_high
 .text.flash_cs_low
                0x08004dd0       0x10 build_arm_cortex_m3_base_application_stm32l/io_cfg.o
                0x08004dd0                flash_cs_low
 .text.flash_cs_high
                0x08004de0       0x10 build_arm_cortex_m3_base_application_stm32l/io_cfg.o
                0x08004de0                flash_cs_high
 .text.flash_transfer
                0x08004df0       0x80 build_arm_cortex_m3_base_application_stm32l/io_cfg.o
                0x08004df0                flash_transfer
 .text.nrf24l01_spi_rw
                0x08004e70        0x4 build_arm_cortex_m3_base_application_stm32l/io_cfg.o
                0x08004e70                nrf24l01_spi_rw
 .text.timer_50us_init
                0x08004e74       0x60 build_arm_cortex_m3_base_application_stm32l/io_cfg.o
                0x08004e74                timer_50us_init
 .text.sht1x_clk_input_mode
                0x08004ed4       0x38 build_arm_cortex_m3_base_application_stm32l/io_cfg.o
                0x08004ed4                sht1x_clk_input_mode
 .text.sht1x_clk_output_mode
                0x08004f0c       0x38 build_arm_cortex_m3_base_application_stm32l/io_cfg.o
                0x08004f0c                sht1x_clk_output_mode
 .text.sht1x_clk_digital_write_low
                0x08004f44       0x10 build_arm_cortex_m3_base_application_stm32l/io_cfg.o
                0x08004f44                sht1x_clk_digital_write_low
 .text.sht1x_clk_digital_write_high
                0x08004f54       0x10 build_arm_cortex_m3_base_application_stm32l/io_cfg.o
                0x08004f54                sht1x_clk_digital_write_high
 .text.sht1x_data_input_mode
                0x08004f64       0x38 build_arm_cortex_m3_base_application_stm32l/io_cfg.o
                0x08004f64                sht1x_data_input_mode
 .text.sht1x_data_output_mode
                0x08004f9c       0x38 build_arm_cortex_m3_base_application_stm32l/io_cfg.o
                0x08004f9c                sht1x_data_output_mode
 .text.sht1x_data_digital_write_low
                0x08004fd4       0x10 build_arm_cortex_m3_base_application_stm32l/io_cfg.o
                0x08004fd4                sht1x_data_digital_write_low
 .text.sht1x_data_digital_write_high
                0x08004fe4       0x10 build_arm_cortex_m3_base_application_stm32l/io_cfg.o
                0x08004fe4                sht1x_data_digital_write_high
 .text.ds1302_ce_input_mode
                0x08004ff4       0x34 build_arm_cortex_m3_base_application_stm32l/io_cfg.o
                0x08004ff4                ds1302_ce_input_mode
 .text.ds1302_ce_output_mode
                0x08005028       0x34 build_arm_cortex_m3_base_application_stm32l/io_cfg.o
                0x08005028                ds1302_ce_output_mode
 .text.ds1302_ce_digital_write_low
                0x0800505c        0xc build_arm_cortex_m3_base_application_stm32l/io_cfg.o
                0x0800505c                ds1302_ce_digital_write_low
 .text.ds1302_ce_digital_write_high
                0x08005068        0xc build_arm_cortex_m3_base_application_stm32l/io_cfg.o
                0x08005068                ds1302_ce_digital_write_high
 .text.ds1302_clk_input_mode
                0x08005074       0x38 build_arm_cortex_m3_base_application_stm32l/io_cfg.o
                0x08005074                ds1302_clk_input_mode
 .text.ds1302_clk_output_mode
                0x080050ac       0x38 build_arm_cortex_m3_base_application_stm32l/io_cfg.o
                0x080050ac                ds1302_clk_output_mode
 .text.ds1302_clk_digital_write_low
                0x080050e4       0x10 build_arm_cortex_m3_base_application_stm32l/io_cfg.o
                0x080050e4                ds1302_clk_digital_write_low
 .text.ds1302_clk_digital_write_high
                0x080050f4       0x10 build_arm_cortex_m3_base_application_stm32l/io_cfg.o
                0x080050f4                ds1302_clk_digital_write_high
 .text.ds1302_data_input_mode
                0x08005104       0x34 build_arm_cortex_m3_base_application_stm32l/io_cfg.o
                0x08005104                ds1302_data_input_mode
 .text.ds1302_data_output_mode
                0x08005138       0x34 build_arm_cortex_m3_base_application_stm32l/io_cfg.o
                0x08005138                ds1302_data_output_mode
 .text.ds1302_data_digital_write_low
                0x0800516c        0xc build_arm_cortex_m3_base_application_stm32l/io_cfg.o
                0x0800516c                ds1302_data_digital_write_low
 .text.ds1302_data_digital_write_high
                0x08005178        0xc build_arm_cortex_m3_base_application_stm32l/io_cfg.o
                0x08005178                ds1302_data_digital_write_high
 .text.ssd1306_clk_input_mode
                0x08005184       0x38 build_arm_cortex_m3_base_application_stm32l/io_cfg.o
                0x08005184                ssd1306_clk_input_mode
 .text.ssd1306_clk_output_mode
                0x080051bc       0x38 build_arm_cortex_m3_base_application_stm32l/io_cfg.o
                0x080051bc                ssd1306_clk_output_mode
 .text.ssd1306_clk_digital_write_low
                0x080051f4       0x10 build_arm_cortex_m3_base_application_stm32l/io_cfg.o
                0x080051f4                ssd1306_clk_digital_write_low
 .text.ssd1306_clk_digital_write_high
                0x08005204       0x10 build_arm_cortex_m3_base_application_stm32l/io_cfg.o
                0x08005204                ssd1306_clk_digital_write_high
 .text.ssd1306_data_input_mode
                0x08005214       0x38 build_arm_cortex_m3_base_application_stm32l/io_cfg.o
                0x08005214                ssd1306_data_input_mode
 .text.ssd1306_data_output_mode
                0x0800524c       0x38 build_arm_cortex_m3_base_application_stm32l/io_cfg.o
                0x0800524c                ssd1306_data_output_mode
 .text.ssd1306_data_digital_write_low
                0x08005284       0x10 build_arm_cortex_m3_base_application_stm32l/io_cfg.o
                0x08005284                ssd1306_data_digital_write_low
 .text.ssd1306_data_digital_write_high
                0x08005294       0x10 build_arm_cortex_m3_base_application_stm32l/io_cfg.o
                0x08005294                ssd1306_data_digital_write_high
 .text.Dir_int  0x080052a4       0x3c build_arm_cortex_m3_base_application_stm32l/io_cfg.o
                0x080052a4                Dir_int
 .text.PWM_int  0x080052e0       0x70 build_arm_cortex_m3_base_application_stm32l/io_cfg.o
                0x080052e0                PWM_int
 .text.TIM11_PWM
                0x08005350       0x4c build_arm_cortex_m3_base_application_stm32l/io_cfg.o
                0x08005350                TIM11_PWM
 .text.TIM3_Encoder_Config
                0x0800539c       0xb8 build_arm_cortex_m3_base_application_stm32l/io_cfg.o
                0x0800539c                TIM3_Encoder_Config
 .text.TIM2_Encoder_Config
                0x08005454       0xb8 build_arm_cortex_m3_base_application_stm32l/io_cfg.o
                0x08005454                TIM2_Encoder_Config
 .text.io_eeprom_read
                0x0800550c       0x34 build_arm_cortex_m3_base_application_stm32l/io_cfg.o
                0x0800550c                io_eeprom_read
 .text.io_eeprom_erase
                0x08005540       0x50 build_arm_cortex_m3_base_application_stm32l/io_cfg.o
                0x08005540                io_eeprom_erase
 .text.internal_flash_unlock
                0x08005590       0x12 build_arm_cortex_m3_base_application_stm32l/io_cfg.o
                0x08005590                internal_flash_unlock
 .text.internal_flash_lock
                0x080055a2        0x4 build_arm_cortex_m3_base_application_stm32l/io_cfg.o
                0x080055a2                internal_flash_lock
 .text.internal_flash_erase_pages_cal
                0x080055a6       0x22 build_arm_cortex_m3_base_application_stm32l/io_cfg.o
                0x080055a6                internal_flash_erase_pages_cal
 .text.internal_flash_write_cal
                0x080055c8       0x48 build_arm_cortex_m3_base_application_stm32l/io_cfg.o
                0x080055c8                internal_flash_write_cal
 .text.SystemInit
                0x08005610      0x118 build_arm_cortex_m3_base_application_stm32l/system_stm32l1xx.o
                0x08005610                SystemInit
 .text.SystemCoreClockUpdate
                0x08005728       0x94 build_arm_cortex_m3_base_application_stm32l/system_stm32l1xx.o
                0x08005728                SystemCoreClockUpdate
 .text.main_app
                0x080057bc      0x178 build_arm_cortex_m3_base_application_stm32l/app.o
                0x080057bc                main_app
 .text.sys_irq_timer_10ms
                0x08005934       0x24 build_arm_cortex_m3_base_application_stm32l/app.o
                0x08005934                sys_irq_timer_10ms
 .text.sys_irq_pid
                0x08005958        0x4 build_arm_cortex_m3_base_application_stm32l/app.o
                0x08005958                sys_irq_pid
 .text.sys_irq_usb_recv
                0x0800595c        0x2 build_arm_cortex_m3_base_application_stm32l/app.o
                0x0800595c                sys_irq_usb_recv
 .text._Z17btn_mode_callbackPv
                0x0800595e       0x32 build_arm_cortex_m3_base_application_stm32l/app_bsp.o
                0x0800595e                btn_mode_callback(void*)
 .text._Z15btn_up_callbackPv
                0x08005990       0x16 build_arm_cortex_m3_base_application_stm32l/app_bsp.o
                0x08005990                btn_up_callback(void*)
 .text._Z17btn_down_callbackPv
                0x080059a6       0x16 build_arm_cortex_m3_base_application_stm32l/app_bsp.o
                0x080059a6                btn_down_callback(void*)
 .text.rf_printf
                0x080059bc        0x2 build_arm_cortex_m3_base_application_stm32l/rf_remote_ctrl.o
                0x080059bc                rf_printf
 *fill*         0x080059be        0x2 
 .text._ZL19str_parser_get_attrh
                0x080059c0       0x1c build_arm_cortex_m3_base_application_stm32l/shell.o
 .text._ZL9shell_epiPh
                0x080059dc        0x4 build_arm_cortex_m3_base_application_stm32l/shell.o
 .text._ZL9shell_psvPh
                0x080059e0       0x14 build_arm_cortex_m3_base_application_stm32l/shell.o
 .text._ZL10shell_helpPh
                0x080059f4       0x30 build_arm_cortex_m3_base_application_stm32l/shell.o
 .text._ZL9shell_dbgPh
                0x08005a24       0xdc build_arm_cortex_m3_base_application_stm32l/shell.o
 .text._ZL9shell_svcPh
                0x08005b00       0x10 build_arm_cortex_m3_base_application_stm32l/shell.o
 .text._ZL9shell_fwuPh
                0x08005b10       0x34 build_arm_cortex_m3_base_application_stm32l/shell.o
 .text._ZL12shell_rebootPh
                0x08005b44        0xa build_arm_cortex_m3_base_application_stm32l/shell.o
 *fill*         0x08005b4e        0x2 
 .text._ZL10str_parserPc
                0x08005b50       0x6c build_arm_cortex_m3_base_application_stm32l/shell.o
 .text._ZL11shell_flashPh
                0x08005bbc      0x148 build_arm_cortex_m3_base_application_stm32l/shell.o
 .text._ZL9shell_epsPh
                0x08005d04       0xc8 build_arm_cortex_m3_base_application_stm32l/shell.o
 .text._ZL9shell_sttPh
                0x08005dcc       0x34 build_arm_cortex_m3_base_application_stm32l/shell.o
 .text._ZL11shell_fatalPh
                0x08005e00      0x2c0 build_arm_cortex_m3_base_application_stm32l/shell.o
 .text._ZL9shell_ramPh
                0x080060c0      0x1d0 build_arm_cortex_m3_base_application_stm32l/shell.o
 .text._ZL9shell_verPh
                0x08006290       0xe8 build_arm_cortex_m3_base_application_stm32l/shell.o
 .text._ZL11shell_resetPh
                0x08006378       0x10 build_arm_cortex_m3_base_application_stm32l/shell.o
 .text._ZL10shell_bootPh
                0x08006388       0xdc build_arm_cortex_m3_base_application_stm32l/shell.o
 .text._ZL9shell_lcdPh
                0x08006464       0xdc build_arm_cortex_m3_base_application_stm32l/shell.o
 .text.sys_irq_shell
                0x08006540       0x9c build_arm_cortex_m3_base_application_stm32l/task_shell.o
                0x08006540                sys_irq_shell
 .text._Z10task_shellP8ak_msg_t
                0x080065dc       0x88 build_arm_cortex_m3_base_application_stm32l/task_shell.o
                0x080065dc                task_shell(ak_msg_t*)
 .text._Z9task_lifeP8ak_msg_t
                0x08006664       0x20 build_arm_cortex_m3_base_application_stm32l/task_life.o
                0x08006664                task_life(ak_msg_t*)
 .text._Z7task_fwP8ak_msg_t
                0x08006684      0x3c8 build_arm_cortex_m3_base_application_stm32l/task_fw.o
                0x08006684                task_fw(ak_msg_t*)
 .text._Z12task_displayP8ak_msg_t
                0x08006a4c      0x240 build_arm_cortex_m3_base_application_stm32l/task_display.o
                0x08006a4c                task_display(ak_msg_t*)
 .text._Z7microusv
                0x08006c8c       0x10 build_arm_cortex_m3_base_application_stm32l/task_encoder.o
                0x08006c8c                microus()
 .text._Z3PWMs  0x08006c9c       0x68 build_arm_cortex_m3_base_application_stm32l/task_encoder.o
                0x08006c9c                PWM(short)
 .text._Z7displayv
                0x08006d04      0x1a0 build_arm_cortex_m3_base_application_stm32l/task_encoder.o
                0x08006d04                display()
 *fill*         0x08006ea4        0x4 
 .text._Z7canbangv
                0x08006ea8      0x144 build_arm_cortex_m3_base_application_stm32l/task_encoder.o
                0x08006ea8                canbang()
 .text._Z15display_encoderv
                0x08006fec      0x278 build_arm_cortex_m3_base_application_stm32l/task_encoder.o
                0x08006fec                display_encoder()
 .text._Z21task_inverterPendulumP8ak_msg_t
                0x08007264      0x174 build_arm_cortex_m3_base_application_stm32l/task_encoder.o
                0x08007264                task_inverterPendulum(ak_msg_t*)
 .text._Z7task_ifP8ak_msg_t
                0x080073d8       0x82 build_arm_cortex_m3_base_application_stm32l/task_if.o
                0x080073d8                task_if(ak_msg_t*)
 .text._Z12task_rf24_ifP8ak_msg_t
                0x0800745a        0x2 build_arm_cortex_m3_base_application_stm32l/task_rf24_if.o
                0x0800745a                task_rf24_if(ak_msg_t*)
 .text._ZL13tx_frame_postPhm
                0x0800745c       0x50 build_arm_cortex_m3_base_application_stm32l/task_uart_if.o
 .text._Z12task_uart_ifP8ak_msg_t
                0x080074ac      0x160 build_arm_cortex_m3_base_application_stm32l/task_uart_if.o
                0x080074ac                task_uart_if(ak_msg_t*)
 .text._Z15rx_frame_parserh
                0x0800760c      0x154 build_arm_cortex_m3_base_application_stm32l/task_uart_if.o
                0x0800760c                rx_frame_parser(unsigned char)
 .text._Z8task_dbgP8ak_msg_t
                0x08007760        0x2 build_arm_cortex_m3_base_application_stm32l/task_dbg.o
                0x08007760                task_dbg(ak_msg_t*)
 *fill*         0x08007762        0x2 
 .text.startup._GLOBAL__sub_I_view_render
                0x08007764        0xc build_arm_cortex_m3_base_application_stm32l/view_render.o
 .text.exit._GLOBAL__sub_D_view_render
                0x08007770        0xc build_arm_cortex_m3_base_application_stm32l/view_render.o
 .text._ZN12Adafruit_GFX8drawLineEsssst
                0x0800777c       0xc0 build_arm_cortex_m3_base_application_stm32l/Adafruit_GFX.o
                0x0800777c                Adafruit_GFX::drawLine(short, short, short, short, unsigned short)
 .text._ZN12Adafruit_GFX8drawRectEsssst
                0x0800783c       0x60 build_arm_cortex_m3_base_application_stm32l/Adafruit_GFX.o
                0x0800783c                Adafruit_GFX::drawRect(short, short, short, short, unsigned short)
 .text._ZN12Adafruit_GFX13drawFastVLineEssst
                0x0800789c       0x1c build_arm_cortex_m3_base_application_stm32l/Adafruit_GFX.o
                0x0800789c                Adafruit_GFX::drawFastVLine(short, short, short, unsigned short)
 .text._ZN12Adafruit_GFX13drawFastHLineEssst
                0x080078b8       0x1a build_arm_cortex_m3_base_application_stm32l/Adafruit_GFX.o
                0x080078b8                Adafruit_GFX::drawFastHLine(short, short, short, unsigned short)
 .text._ZN12Adafruit_GFX8fillRectEsssst
                0x080078d2       0x38 build_arm_cortex_m3_base_application_stm32l/Adafruit_GFX.o
                0x080078d2                Adafruit_GFX::fillRect(short, short, short, short, unsigned short)
 .text._ZN12Adafruit_GFX10fillScreenEt
                0x0800790a       0x1c build_arm_cortex_m3_base_application_stm32l/Adafruit_GFX.o
                0x0800790a                Adafruit_GFX::fillScreen(unsigned short)
 .text._ZN12Adafruit_GFX13invertDisplayEb
                0x08007926        0x2 build_arm_cortex_m3_base_application_stm32l/Adafruit_GFX.o
                0x08007926                Adafruit_GFX::invertDisplay(bool)
 .text._ZN12Adafruit_GFXC2Ess
                0x08007928       0x2c build_arm_cortex_m3_base_application_stm32l/Adafruit_GFX.o
                0x08007928                Adafruit_GFX::Adafruit_GFX(short, short)
                0x08007928                Adafruit_GFX::Adafruit_GFX(short, short)
 .text._ZN12Adafruit_GFX8drawCharEsshtth
                0x08007954      0x12c build_arm_cortex_m3_base_application_stm32l/Adafruit_GFX.o
                0x08007954                Adafruit_GFX::drawChar(short, short, unsigned char, unsigned short, unsigned short, unsigned char)
 .text._ZN12Adafruit_GFX5writeEh
                0x08007a80       0x6a build_arm_cortex_m3_base_application_stm32l/Adafruit_GFX.o
                0x08007a80                Adafruit_GFX::write(unsigned char)
 .text._ZN12Adafruit_GFX9setCursorEss
                0x08007aea        0x6 build_arm_cortex_m3_base_application_stm32l/Adafruit_GFX.o
                0x08007aea                Adafruit_GFX::setCursor(short, short)
 .text._ZN12Adafruit_GFX11setTextSizeEh
                0x08007af0        0xa build_arm_cortex_m3_base_application_stm32l/Adafruit_GFX.o
                0x08007af0                Adafruit_GFX::setTextSize(unsigned char)
 .text._ZN12Adafruit_GFX12setTextColorEt
                0x08007afa        0x6 build_arm_cortex_m3_base_application_stm32l/Adafruit_GFX.o
                0x08007afa                Adafruit_GFX::setTextColor(unsigned short)
 .text._ZN12Adafruit_GFX12setTextColorEtt
                0x08007b00        0x6 build_arm_cortex_m3_base_application_stm32l/Adafruit_GFX.o
                0x08007b00                Adafruit_GFX::setTextColor(unsigned short, unsigned short)
 .text._ZN12Adafruit_GFX5widthEv
                0x08007b06        0x6 build_arm_cortex_m3_base_application_stm32l/Adafruit_GFX.o
                0x08007b06                Adafruit_GFX::width()
 .text._ZN12Adafruit_GFX6heightEv
                0x08007b0c        0x6 build_arm_cortex_m3_base_application_stm32l/Adafruit_GFX.o
                0x08007b0c                Adafruit_GFX::height()
 .text._ZN19Adafruit_ssd1306syp9updateRowEii
                0x08007b12       0x1e build_arm_cortex_m3_base_application_stm32l/Adafruit_ssd1306syp.o
                0x08007b12                Adafruit_ssd1306syp::updateRow(int, int)
 .text._ZN19Adafruit_ssd1306syp9drawPixelEsst
                0x08007b30       0x70 build_arm_cortex_m3_base_application_stm32l/Adafruit_ssd1306syp.o
                0x08007b30                Adafruit_ssd1306syp::drawPixel(short, short, unsigned short)
 .text._ZN19Adafruit_ssd1306sypC2Ev
                0x08007ba0       0x24 build_arm_cortex_m3_base_application_stm32l/Adafruit_ssd1306syp.o
                0x08007ba0                Adafruit_ssd1306syp::Adafruit_ssd1306syp()
                0x08007ba0                Adafruit_ssd1306syp::Adafruit_ssd1306syp()
 .text._ZN19Adafruit_ssd1306sypD2Ev
                0x08007bc4        0x2 build_arm_cortex_m3_base_application_stm32l/Adafruit_ssd1306syp.o
                0x08007bc4                Adafruit_ssd1306syp::~Adafruit_ssd1306syp()
                0x08007bc4                Adafruit_ssd1306syp::~Adafruit_ssd1306syp()
 .text._ZN19Adafruit_ssd1306syp5clearEb
                0x08007bc6       0x22 build_arm_cortex_m3_base_application_stm32l/Adafruit_ssd1306syp.o
                0x08007bc6                Adafruit_ssd1306syp::clear(bool)
 .text._ZN19Adafruit_ssd1306syp9writeByteEh
                0x08007be8       0x56 build_arm_cortex_m3_base_application_stm32l/Adafruit_ssd1306syp.o
                0x08007be8                Adafruit_ssd1306syp::writeByte(unsigned char)
 .text._ZN19Adafruit_ssd1306syp8startIICEv
                0x08007c3e       0x2c build_arm_cortex_m3_base_application_stm32l/Adafruit_ssd1306syp.o
                0x08007c3e                Adafruit_ssd1306syp::startIIC()
 .text._ZN19Adafruit_ssd1306syp7stopIICEv
                0x08007c6a       0x2c build_arm_cortex_m3_base_application_stm32l/Adafruit_ssd1306syp.o
                0x08007c6a                Adafruit_ssd1306syp::stopIIC()
 .text._ZN19Adafruit_ssd1306syp12writeCommandEh
                0x08007c96       0x2c build_arm_cortex_m3_base_application_stm32l/Adafruit_ssd1306syp.o
                0x08007c96                Adafruit_ssd1306syp::writeCommand(unsigned char)
 *fill*         0x08007cc2        0x2 
 .text._ZN19Adafruit_ssd1306syp10initializeEv
                0x08007cc4      0x104 build_arm_cortex_m3_base_application_stm32l/Adafruit_ssd1306syp.o
                0x08007cc4                Adafruit_ssd1306syp::initialize()
 .text._ZN19Adafruit_ssd1306syp10display_onEv
                0x08007dc8        0x6 build_arm_cortex_m3_base_application_stm32l/Adafruit_ssd1306syp.o
                0x08007dc8                Adafruit_ssd1306syp::display_on()
 .text._ZN19Adafruit_ssd1306syp11display_offEv
                0x08007dce        0x6 build_arm_cortex_m3_base_application_stm32l/Adafruit_ssd1306syp.o
                0x08007dce                Adafruit_ssd1306syp::display_off()
 .text._ZN19Adafruit_ssd1306syp17startDataSequenceEv
                0x08007dd4       0x1c build_arm_cortex_m3_base_application_stm32l/Adafruit_ssd1306syp.o
                0x08007dd4                Adafruit_ssd1306syp::startDataSequence()
 .text._ZN19Adafruit_ssd1306syp6updateEv
                0x08007df0       0x54 build_arm_cortex_m3_base_application_stm32l/Adafruit_ssd1306syp.o
                0x08007df0                Adafruit_ssd1306syp::update()
 .text._ZN19Adafruit_ssd1306syp9updateRowEi
                0x08007e44       0x6e build_arm_cortex_m3_base_application_stm32l/Adafruit_ssd1306syp.o
                0x08007e44                Adafruit_ssd1306syp::updateRow(int)
 .text.eeprom_read
                0x08007eb2        0x4 build_arm_cortex_m3_base_application_stm32l/eeprom.o
                0x08007eb2                eeprom_read
 .text.eeprom_erase
                0x08007eb6        0x4 build_arm_cortex_m3_base_application_stm32l/eeprom.o
                0x08007eb6                eeprom_erase
 *fill*         0x08007eba        0x2 
 .text._Z18nrf_nwk_pdu_mallocv
                0x08007ebc       0x34 build_arm_cortex_m3_base_application_stm32l/nrf_data.o
                0x08007ebc                nrf_nwk_pdu_malloc()
 .text._Z16nrf_nwk_pdu_freeP13nrf_nwk_pdu_t
                0x08007ef0       0x20 build_arm_cortex_m3_base_application_stm32l/nrf_data.o
                0x08007ef0                nrf_nwk_pdu_free(nrf_nwk_pdu_t*)
 .text._Z15nrf_nwk_pdu_getm
                0x08007f10       0x10 build_arm_cortex_m3_base_application_stm32l/nrf_data.o
                0x08007f10                nrf_nwk_pdu_get(unsigned long)
 .text._Z23nrf_get_static_nwk_addrv
                0x08007f20       0x1c build_arm_cortex_m3_base_application_stm32l/nrf_data.o
                0x08007f20                nrf_get_static_nwk_addr()
 .text._Z20nrf_get_des_phy_addrv
                0x08007f3c        0x8 build_arm_cortex_m3_base_application_stm32l/nrf_data.o
                0x08007f3c                nrf_get_des_phy_addr()
 .text._Z20nrf_get_src_phy_addrv
                0x08007f44        0x8 build_arm_cortex_m3_base_application_stm32l/nrf_data.o
                0x08007f44                nrf_get_src_phy_addr()
 .text._Z13task_rf24_macP8ak_msg_t
                0x08007f4c      0x318 build_arm_cortex_m3_base_application_stm32l/nrf_mac.o
                0x08007f4c                task_rf24_mac(ak_msg_t*)
 .text._Z13task_rf24_nwkP8ak_msg_t
                0x08008264        0xc build_arm_cortex_m3_base_application_stm32l/nrf_nwk.o
                0x08008264                task_rf24_nwk(ak_msg_t*)
 .text.sys_irq_nrf24l01
                0x08008270       0x8c build_arm_cortex_m3_base_application_stm32l/nrf_phy.o
                0x08008270                sys_irq_nrf24l01
 .text._Z23nrf_phy_switch_ptx_modev
                0x080082fc       0x1a build_arm_cortex_m3_base_application_stm32l/nrf_phy.o
                0x080082fc                nrf_phy_switch_ptx_mode()
 .text._Z23nrf_phy_switch_prx_modev
                0x08008316       0x26 build_arm_cortex_m3_base_application_stm32l/nrf_phy.o
                0x08008316                nrf_phy_switch_prx_mode()
 .text._Z13task_rf24_phyP8ak_msg_t
                0x0800833c      0x148 build_arm_cortex_m3_base_application_stm32l/nrf_phy.o
                0x0800833c                task_rf24_phy(ak_msg_t*)
 .text._Z13task_link_macP8ak_msg_t
                0x08008484        0x2 build_arm_cortex_m3_base_application_stm32l/link_mac.o
                0x08008484                task_link_mac(ak_msg_t*)
 .text._Z13task_link_phyP8ak_msg_t
                0x08008486        0x2 build_arm_cortex_m3_base_application_stm32l/link_phy.o
                0x08008486                task_link_phy(ak_msg_t*)
 .text._Z7pinModehh
                0x08008488       0xe8 build_arm_cortex_m3_base_application_stm32l/wiring_digital.o
                0x08008488                pinMode(unsigned char, unsigned char)
 .text._Z12digitalWritehh
                0x08008570       0xd8 build_arm_cortex_m3_base_application_stm32l/wiring_digital.o
                0x08008570                digitalWrite(unsigned char, unsigned char)
 .text._ZN5Print5writeEPKhj
                0x08008648       0x22 build_arm_cortex_m3_base_application_stm32l/Print.o
                0x08008648                Print::write(unsigned char const*, unsigned int)
 .text._ZN5Print5writeEPKc
                0x0800866a       0x20 build_arm_cortex_m3_base_application_stm32l/Print.o
                0x0800866a                Print::write(char const*)
 .text._ZN5Print5printEPKc
                0x0800868a        0x8 build_arm_cortex_m3_base_application_stm32l/Print.o
                0x0800868a                Print::print(char const*)
 .text._ZN5Print5printEc
                0x08008692        0x6 build_arm_cortex_m3_base_application_stm32l/Print.o
                0x08008692                Print::print(char)
 .text._ZN5Print11printNumberEmh
                0x08008698       0x3e build_arm_cortex_m3_base_application_stm32l/Print.o
                0x08008698                Print::printNumber(unsigned long, unsigned char)
 .text._ZN5Print5printEli
                0x080086d6       0x44 build_arm_cortex_m3_base_application_stm32l/Print.o
                0x080086d6                Print::print(long, int)
 .text._ZN5Print5printEii
                0x0800871a        0x4 build_arm_cortex_m3_base_application_stm32l/Print.o
                0x0800871a                Print::print(int, int)
 *fill*         0x0800871e        0x2 
 .text._ZN5Print10printFloatEdh
                0x08008720      0x15c build_arm_cortex_m3_base_application_stm32l/Print.o
                0x08008720                Print::printFloat(double, unsigned char)
 .text._ZN5Print5printEdi
                0x0800887c        0xa build_arm_cortex_m3_base_application_stm32l/Print.o
                0x0800887c                Print::print(double, int)
 *fill*         0x08008886        0x2 
 .text.startup._GLOBAL__sub_I__ZN8SPIClassC2Ev
                0x08008888       0x18 build_arm_cortex_m3_base_application_stm32l/SPI.o
 .text._ZN7TwoWire9availableEv
                0x080088a0       0x14 build_arm_cortex_m3_base_application_stm32l/Wire.o
                0x080088a0                TwoWire::available()
 .text._ZN7TwoWire4readEv
                0x080088b4       0x28 build_arm_cortex_m3_base_application_stm32l/Wire.o
                0x080088b4                TwoWire::read()
 .text._ZN7TwoWire4peekEv
                0x080088dc       0x24 build_arm_cortex_m3_base_application_stm32l/Wire.o
                0x080088dc                TwoWire::peek()
 .text._ZN7TwoWire5flushEv
                0x08008900        0x2 build_arm_cortex_m3_base_application_stm32l/Wire.o
                0x08008900                TwoWire::flush()
 *fill*         0x08008902        0x2 
 .text._ZN7TwoWire5writeEPKhj
                0x08008904       0x34 build_arm_cortex_m3_base_application_stm32l/Wire.o
                0x08008904                TwoWire::write(unsigned char const*, unsigned int)
 .text._ZN7TwoWire5writeEh
                0x08008938       0x54 build_arm_cortex_m3_base_application_stm32l/Wire.o
                0x08008938                TwoWire::write(unsigned char)
 .text._ZN7TwoWireC2Ev
                0x0800898c       0x14 build_arm_cortex_m3_base_application_stm32l/Wire.o
                0x0800898c                TwoWire::TwoWire()
                0x0800898c                TwoWire::TwoWire()
 .text.startup._GLOBAL__sub_I__ZN7TwoWire8rxBufferE
                0x080089a0        0xc build_arm_cortex_m3_base_application_stm32l/Wire.o
 .text._Z12twi_transmitPKhh
                0x080089ac       0x3c build_arm_cortex_m3_base_application_stm32l/twi.o
                0x080089ac                twi_transmit(unsigned char const*, unsigned char)
 .text.__cxa_pure_virtual
                0x080089e8       0x18 build_arm_cortex_m3_base_application_stm32l/mini_cpp.o
                0x080089e8                __cxa_pure_virtual
 .text._sbrk    0x08008a00       0x1c build_arm_cortex_m3_base_application_stm32l/mini_cpp.o
                0x08008a00                _sbrk
 .text.__locale_ctype_ptr_l
                0x08008a1c        0x8 /home/chuong/workspace/tools/gcc-arm-none-eabi-5_4-2016q3/arm-none-eabi/lib/armv7-m/libc.a(lib_a-locale.o)
                0x08008a1c                __locale_ctype_ptr_l
 .text.malloc   0x08008a24       0x10 /home/chuong/workspace/tools/gcc-arm-none-eabi-5_4-2016q3/arm-none-eabi/lib/armv7-m/libc.a(lib_a-malloc.o)
                0x08008a24                malloc
 .text.free     0x08008a34       0x10 /home/chuong/workspace/tools/gcc-arm-none-eabi-5_4-2016q3/arm-none-eabi/lib/armv7-m/libc.a(lib_a-malloc.o)
                0x08008a34                free
 .text._malloc_r
                0x08008a44      0x558 /home/chuong/workspace/tools/gcc-arm-none-eabi-5_4-2016q3/arm-none-eabi/lib/armv7-m/libc.a(lib_a-mallocr.o)
                0x08008a44                _malloc_r
 .text.__ascii_mbtowc
                0x08008f9c       0x2c /home/chuong/workspace/tools/gcc-arm-none-eabi-5_4-2016q3/arm-none-eabi/lib/armv7-m/libc.a(lib_a-mbtowc_r.o)
                0x08008f9c                __ascii_mbtowc
 .text.memcmp   0x08008fc8       0x64 /home/chuong/workspace/tools/gcc-arm-none-eabi-5_4-2016q3/arm-none-eabi/lib/armv7-m/libc.a(lib_a-memcmp.o)
                0x08008fc8                memcmp
 .text.memset   0x0800902c       0x9c /home/chuong/workspace/tools/gcc-arm-none-eabi-5_4-2016q3/arm-none-eabi/lib/armv7-m/libc.a(lib_a-memset.o)
                0x0800902c                memset
 .text.__malloc_lock
                0x080090c8        0x4 /home/chuong/workspace/tools/gcc-arm-none-eabi-5_4-2016q3/arm-none-eabi/lib/armv7-m/libc.a(lib_a-mlock.o)
                0x080090c8                __malloc_lock
 .text.__malloc_unlock
                0x080090cc        0x4 /home/chuong/workspace/tools/gcc-arm-none-eabi-5_4-2016q3/arm-none-eabi/lib/armv7-m/libc.a(lib_a-mlock.o)
                0x080090cc                __malloc_unlock
 .text.rand     0x080090d0       0x40 /home/chuong/workspace/tools/gcc-arm-none-eabi-5_4-2016q3/arm-none-eabi/lib/armv7-m/libc.a(lib_a-rand.o)
                0x080090d0                rand
 .text._sbrk_r  0x08009110       0x24 /home/chuong/workspace/tools/gcc-arm-none-eabi-5_4-2016q3/arm-none-eabi/lib/armv7-m/libc.a(lib_a-sbrkr.o)
                0x08009110                _sbrk_r
 .text.strcpy   0x08009134       0xbc /home/chuong/workspace/tools/gcc-arm-none-eabi-5_4-2016q3/arm-none-eabi/lib/armv7-m/libc.a(lib_a-strcpy.o)
                0x08009134                strcpy
 .text.strlen   0x080091f0       0x5c /home/chuong/workspace/tools/gcc-arm-none-eabi-5_4-2016q3/arm-none-eabi/lib/armv7-m/libc.a(lib_a-strlen-stub.o)
                0x080091f0                strlen
 .text._strtol_l.isra.0
                0x0800924c      0x138 /home/chuong/workspace/tools/gcc-arm-none-eabi-5_4-2016q3/arm-none-eabi/lib/armv7-m/libc.a(lib_a-strtol.o)
 .text.strtol   0x08009384       0x2c /home/chuong/workspace/tools/gcc-arm-none-eabi-5_4-2016q3/arm-none-eabi/lib/armv7-m/libc.a(lib_a-strtol.o)
                0x08009384                strtol
 .text.__ascii_wctomb
                0x080093b0       0x1c /home/chuong/workspace/tools/gcc-arm-none-eabi-5_4-2016q3/arm-none-eabi/lib/armv7-m/libc.a(lib_a-wctomb_r.o)
                0x080093b0                __ascii_wctomb
 .text._malloc_trim_r
                0x080093cc       0x9c /home/chuong/workspace/tools/gcc-arm-none-eabi-5_4-2016q3/arm-none-eabi/lib/armv7-m/libc.a(lib_a-freer.o)
                0x080093cc                _malloc_trim_r
 .text._free_r  0x08009468      0x1d0 /home/chuong/workspace/tools/gcc-arm-none-eabi-5_4-2016q3/arm-none-eabi/lib/armv7-m/libc.a(lib_a-freer.o)
                0x08009468                _free_r
 *(.rodata)
 *(.rodata*)
 .rodata.str1.1
                0x08009638       0x56 build_arm_cortex_m3_base_application_stm32l/message.o
 .rodata.log2lkup.5252
                0x0800968e      0x100 build_arm_cortex_m3_base_application_stm32l/task.o
 .rodata.str1.1
                0x0800978e       0x1d build_arm_cortex_m3_base_application_stm32l/task.o
 .rodata.str1.1
                0x080097ab        0x3 build_arm_cortex_m3_base_application_stm32l/timer.o
 .rodata.str1.1
                0x080097ae       0x1d build_arm_cortex_m3_base_application_stm32l/fifo.o
 .rodata.str1.1
                0x080097cb      0x341 build_arm_cortex_m3_base_application_stm32l/sys_dbg.o
                                0x347 (size before relaxing)
 .rodata.Virtual_Com_Port_StringVendor
                0x08009b0c       0x26 build_arm_cortex_m3_base_application_stm32l/usb_desc.o
                0x08009b0c                Virtual_Com_Port_StringVendor
 .rodata.Virtual_Com_Port_DeviceDescriptor
                0x08009b32       0x12 build_arm_cortex_m3_base_application_stm32l/usb_desc.o
                0x08009b32                Virtual_Com_Port_DeviceDescriptor
 .rodata.Virtual_Com_Port_StringLangID
                0x08009b44        0x4 build_arm_cortex_m3_base_application_stm32l/usb_desc.o
                0x08009b44                Virtual_Com_Port_StringLangID
 .rodata.Virtual_Com_Port_StringProduct
                0x08009b48       0x32 build_arm_cortex_m3_base_application_stm32l/usb_desc.o
                0x08009b48                Virtual_Com_Port_StringProduct
 .rodata.Virtual_Com_Port_ConfigDescriptor
                0x08009b7a       0x43 build_arm_cortex_m3_base_application_stm32l/usb_desc.o
                0x08009b7a                Virtual_Com_Port_ConfigDescriptor
 .rodata.str1.1
                0x08009bbd        0x4 build_arm_cortex_m3_base_application_stm32l/stm32l.o
 .rodata.str1.1
                0x08009bc1        0x3 build_arm_cortex_m3_base_application_stm32l/system.o
 .rodata.str1.1
                0x08009bc4       0x67 build_arm_cortex_m3_base_application_stm32l/sys_cfg.o
                                 0x69 (size before relaxing)
 .rodata.str1.1
                0x08009c2b        0x4 build_arm_cortex_m3_base_application_stm32l/io_cfg.o
 .rodata.str1.1
                0x08009c2f        0x6 build_arm_cortex_m3_base_application_stm32l/app.o
 .rodata.str1.1
                0x08009c35      0x554 build_arm_cortex_m3_base_application_stm32l/shell.o
                                0x738 (size before relaxing)
 .rodata.str1.1
                0x0800a189       0x43 build_arm_cortex_m3_base_application_stm32l/task_shell.o
 .rodata.str1.1
                0x0800a1cc       0x84 build_arm_cortex_m3_base_application_stm32l/task_display.o
                                 0xcd (size before relaxing)
 .rodata.str1.1
                0x0800a250       0x30 build_arm_cortex_m3_base_application_stm32l/task_encoder.o
                                 0x32 (size before relaxing)
 .rodata.str1.1
                0x0800a280        0x8 build_arm_cortex_m3_base_application_stm32l/task_uart_if.o
 .rodata._ZTV12Adafruit_GFX
                0x0800a288       0x30 build_arm_cortex_m3_base_application_stm32l/Adafruit_GFX.o
                0x0800a288                vtable for Adafruit_GFX
 .rodata._ZL4font
                0x0800a2b8      0x4fb build_arm_cortex_m3_base_application_stm32l/Adafruit_GFX.o
 *fill*         0x0800a7b3        0x1 
 .rodata._ZTV19Adafruit_ssd1306syp
                0x0800a7b4       0x40 build_arm_cortex_m3_base_application_stm32l/Adafruit_ssd1306syp.o
                0x0800a7b4                vtable for Adafruit_ssd1306syp
 .rodata.str1.1
                0x0800a7f4        0x8 build_arm_cortex_m3_base_application_stm32l/nrf_data.o
 .rodata.str1.1
                0x0800a7fc        0x4 build_arm_cortex_m3_base_application_stm32l/nrf_phy.o
 .rodata.str1.1
                0x0800a800        0x3 build_arm_cortex_m3_base_application_stm32l/wiring_digital.o
 .rodata.str1.1
                0x0800a803        0xe build_arm_cortex_m3_base_application_stm32l/Print.o
 *fill*         0x0800a811        0x3 
 .rodata._ZTV7TwoWire
                0x0800a814       0x20 build_arm_cortex_m3_base_application_stm32l/Wire.o
                0x0800a814                vtable for TwoWire
 .rodata.str1.1
                0x0800a834        0x4 build_arm_cortex_m3_base_application_stm32l/mini_cpp.o
 .rodata.str1.4
                0x0800a838       0x14 /home/chuong/workspace/tools/gcc-arm-none-eabi-5_4-2016q3/arm-none-eabi/lib/armv7-m/libc.a(lib_a-locale.o)
                                 0x12 (size before relaxing)
 .rodata._ctype_
                0x0800a84c      0x101 /home/chuong/workspace/tools/gcc-arm-none-eabi-5_4-2016q3/arm-none-eabi/lib/armv7-m/libc.a(lib_a-ctype_.o)
                0x0800a84c                _ctype_
 *(.glue_7)
 .glue_7        0x0800a94d        0x0 linker stubs
 *(.glue_7t)