hal_nrf_l01.c:379:6:hal_nrf_write_ack_pload	16	static
hal_nrf_l01.c:392:9:hal_nrf_read_rx_pl_w	8	static
hal_nrf_l01.c:405:6:hal_nrf_lock_unlock	8	static
hal_nrf_l01.c:486:9:hal_nrf_read_reg	8	static
hal_nrf_l01.c:52:6:hal_nrf_get_irq_mode	8	static
hal_nrf_l01.c:163:9:hal_nrf_get_crc_mode	8	static
hal_nrf_l01.c:168:9:hal_nrf_get_pipe_status	16	static
hal_nrf_l01.c:196:9:hal_nrf_get_auto_retr_status	0	static
hal_nrf_l01.c:201:9:hal_nrf_get_packet_lost_ctr	8	static
hal_nrf_l01.c:206:9:hal_nrf_get_address_width	8	static
hal_nrf_l01.c:211:9:hal_nrf_get_rx_pload_width	0	static
hal_nrf_l01.c:262:9:hal_nrf_get_operation_mode	8	static
hal_nrf_l01.c:267:9:hal_nrf_get_power_mode	8	static
hal_nrf_l01.c:272:9:hal_nrf_get_rf_channel	0	static
hal_nrf_l01.c:277:9:hal_nrf_get_output_power	8	static
hal_nrf_l01.c:282:9:hal_nrf_get_datarate	8	static
hal_nrf_l01.c:299:6:hal_nrf_rx_fifo_full	8	static
hal_nrf_l01.c:304:6:hal_nrf_tx_fifo_empty	8	static
hal_nrf_l01.c:309:6:hal_nrf_tx_fifo_full	8	static
hal_nrf_l01.c:314:9:hal_nrf_get_tx_fifo_status	8	static
hal_nrf_l01.c:319:9:hal_nrf_get_rx_fifo_status	8	static
hal_nrf_l01.c:324:9:hal_nrf_get_fifo_status	0	static
hal_nrf_l01.c:432:6:hal_nrf_get_reuse_tx_status	8	static
hal_nrf_l01.c:329:9:hal_nrf_get_transmit_attempts	8	static
hal_nrf_l01.c:334:6:hal_nrf_get_carrier_detect	8	static
hal_nrf_l01.c:464:20:hal_nrf_get_pll_mode	8	static
hal_nrf_l01.c:481:20:hal_nrf_get_lna_gain	8	static
hal_nrf_l01.c:497:9:hal_nrf_write_reg	16	static
hal_nrf_l01.c:30:6:hal_nrf_set_irq_mode	16	static
hal_nrf_l01.c:42:9:hal_nrf_get_clear_irq_flags	8	static
hal_nrf_l01.c:47:6:hal_nrf_clear_irq_flag	0	static
hal_nrf_l01.c:65:6:hal_nrf_set_crc_mode	8	static
hal_nrf_l01.c:70:6:hal_nrf_open_pipe	24	static
hal_nrf_l01.c:102:6:hal_nrf_close_pipe	16	static
hal_nrf_l01.c:148:6:hal_nrf_set_auto_retr	0	static
hal_nrf_l01.c:153:6:hal_nrf_set_address_width	0	static
hal_nrf_l01.c:158:6:hal_nrf_set_rx_pload_width	0	static
hal_nrf_l01.c:216:6:hal_nrf_set_operation_mode	8	static
hal_nrf_l01.c:228:6:hal_nrf_set_power_mode	8	static
hal_nrf_l01.c:240:6:hal_nrf_set_rf_channel	0	static
hal_nrf_l01.c:245:6:hal_nrf_set_output_power	8	static
hal_nrf_l01.c:250:6:hal_nrf_set_datarate	8	static
hal_nrf_l01.c:344:6:hal_nrf_setup_dyn_pl	0	static
hal_nrf_l01.c:349:6:hal_nrf_enable_dynamic_pl	8	static
hal_nrf_l01.c:354:6:hal_nrf_disable_dynamic_pl	8	static
hal_nrf_l01.c:359:6:hal_nrf_enable_ack_pl	8	static
hal_nrf_l01.c:364:6:hal_nrf_disable_ack_pl	8	static
hal_nrf_l01.c:369:6:hal_nrf_enable_dynamic_ack	8	static
hal_nrf_l01.c:374:6:hal_nrf_disable_dynamic_ack	8	static
hal_nrf_l01.c:427:6:hal_nrf_reuse_tx	0	static
hal_nrf_l01.c:437:6:hal_nrf_flush_rx	0	static
hal_nrf_l01.c:442:6:hal_nrf_flush_tx	0	static
hal_nrf_l01.c:447:9:hal_nrf_nop	0	static
hal_nrf_l01.c:60:9:hal_nrf_get_irq_flags	8	static
hal_nrf_l01.c:415:9:hal_nrf_get_rx_data_source	8	static
hal_nrf_l01.c:287:6:hal_nrf_rx_fifo_empty	8	static
hal_nrf_l01.c:452:6:hal_nrf_set_pll_mode	8	static
hal_nrf_l01.c:469:6:hal_nrf_set_lna_gain	8	static
hal_nrf_l01.c:523:10:hal_nrf_read_multibyte_reg	24	static
hal_nrf_l01.c:181:9:hal_nrf_get_address	8	static
hal_nrf_l01.c:422:10:hal_nrf_read_rx_pload	0	static
hal_nrf_l01.c:565:6:hal_nrf_write_multibyte_reg	16	static
hal_nrf_l01.c:126:6:hal_nrf_set_address	4	static
hal_nrf_l01.c:339:6:hal_nrf_write_tx_pload	0	static
