I2Cdev.cpp:94:1:I2Cdev::I2Cdev()	0	static
I2Cdev.cpp:585:6:static bool I2Cdev::writeBytes(uint8_t, uint8_t, uint8_t, uint8_t*)	16	static
I2Cdev.cpp:564:6:static bool I2Cdev::writeByte(uint8_t, uint8_t, uint8_t)	16	static
I2Cdev.cpp:640:6:static bool I2Cdev::writeWords(uint8_t, uint8_t, uint8_t, uint16_t*)	16	static
I2Cdev.cpp:574:6:static bool I2Cdev::writeWord(uint8_t, uint8_t, uint16_t)	16	static
I2Cdev.cpp:208:8:static int8_t I2Cdev::readBytes(uint8_t, uint8_t, uint8_t, uint8_t*, uint16_t)	48	static
I2Cdev.cpp:185:8:static int8_t I2Cdev::readByte(uint8_t, uint8_t, uint8_t*, uint16_t)	16	static
I2Cdev.cpp:105:8:static int8_t I2Cdev::readBit(uint8_t, uint8_t, uint8_t, uint8_t*, uint16_t)	24	static
I2Cdev.cpp:136:8:static int8_t I2Cdev::readBits(uint8_t, uint8_t, uint8_t, uint8_t, uint8_t*, uint16_t)	24	static
I2Cdev.cpp:479:6:static bool I2Cdev::writeBit(uint8_t, uint8_t, uint8_t, uint8_t)	32	static
I2Cdev.cpp:508:6:static bool I2Cdev::writeBits(uint8_t, uint8_t, uint8_t, uint8_t, uint8_t)	32	static
I2Cdev.cpp:328:8:static int8_t I2Cdev::readWords(uint8_t, uint8_t, uint8_t, uint16_t*, uint16_t)	56	static
I2Cdev.cpp:196:8:static int8_t I2Cdev::readWord(uint8_t, uint8_t, uint16_t*, uint16_t)	16	static
I2Cdev.cpp:120:8:static int8_t I2Cdev::readBitW(uint8_t, uint8_t, uint8_t, uint16_t*, uint16_t)	24	static
I2Cdev.cpp:161:8:static int8_t I2Cdev::readBitsW(uint8_t, uint8_t, uint8_t, uint8_t, uint16_t*, uint16_t)	24	static
I2Cdev.cpp:493:6:static bool I2Cdev::writeBitW(uint8_t, uint8_t, uint8_t, uint16_t)	32	static
I2Cdev.cpp:537:6:static bool I2Cdev::writeBitsW(uint8_t, uint8_t, uint8_t, uint8_t, uint16_t)	32	static
