io_cfg.c:28:6:io_button_mode_init	16	static
io_cfg.c:41:6:io_button_up_init	16	static
io_cfg.c:54:6:io_button_down_init	16	static
io_cfg.c:67:9:io_button_mode_read	0	static
io_cfg.c:71:9:io_button_up_read	0	static
io_cfg.c:75:9:io_button_down_read	0	static
io_cfg.c:82:6:led_life_init	16	static
io_cfg.c:95:6:led_life_on	0	static
io_cfg.c:99:6:led_life_off	0	static
io_cfg.c:106:6:nrf24l01_io_ctrl_init	0	static
io_cfg.c:157:6:nrf24l01_spi_ctrl_init	0	static
io_cfg.c:209:6:nrf24l01_ce_low	0	static
io_cfg.c:213:6:nrf24l01_ce_high	0	static
io_cfg.c:217:6:nrf24l01_csn_low	0	static
io_cfg.c:221:6:nrf24l01_csn_high	0	static
io_cfg.c:256:6:flash_io_ctrl_init	16	static
io_cfg.c:269:6:flash_cs_low	0	static
io_cfg.c:273:6:flash_cs_high	0	static
io_cfg.c:277:9:flash_transfer	16	static
io_cfg.c:225:9:nrf24l01_spi_rw	0	static
io_cfg.c:309:6:timer_50us_init	32	static
io_cfg.c:337:6:timer_50us_enable	8	static
io_cfg.c:343:6:timer_50us_disable	8	static
io_cfg.c:349:6:ir_rev_io_init	40	static
io_cfg.c:378:6:ir_rev_io_irq_disable	16	static
io_cfg.c:387:6:ir_rev_io_irq_enable	16	static
io_cfg.c:396:6:ir_carrier_freq_init	40	static
io_cfg.c:424:6:ir_carrier_freq_on	24	static
io_cfg.c:443:6:ir_carrier_freq_off	24	static
io_cfg.c:465:6:ir_dir_io_config	24	static
io_cfg.c:485:6:ir_select_direction	8	static
io_cfg.c:515:6:sht1x_clk_input_mode	16	static
io_cfg.c:527:6:sht1x_clk_output_mode	16	static
io_cfg.c:541:6:sht1x_clk_digital_write_low	0	static
io_cfg.c:545:6:sht1x_clk_digital_write_high	0	static
io_cfg.c:549:6:sht1x_data_input_mode	16	static
io_cfg.c:561:6:sht1x_data_output_mode	16	static
io_cfg.c:572:6:sht1x_data_digital_write_low	0	static
io_cfg.c:576:6:sht1x_data_digital_write_high	0	static
io_cfg.c:580:5:sht1x_data_digital_read	8	static
io_cfg.c:588:6:ds1302_ce_input_mode	16	static
io_cfg.c:600:6:ds1302_ce_output_mode	16	static
io_cfg.c:612:6:ds1302_ce_digital_write_low	0	static
io_cfg.c:616:6:ds1302_ce_digital_write_high	0	static
io_cfg.c:621:6:ds1302_clk_input_mode	16	static
io_cfg.c:634:6:ds1302_clk_output_mode	16	static
io_cfg.c:647:6:ds1302_clk_digital_write_low	0	static
io_cfg.c:651:6:ds1302_clk_digital_write_high	0	static
io_cfg.c:656:6:ds1302_data_input_mode	16	static
io_cfg.c:668:6:ds1302_data_output_mode	16	static
io_cfg.c:679:6:ds1302_data_digital_write_low	0	static
io_cfg.c:683:6:ds1302_data_digital_write_high	0	static
io_cfg.c:687:9:ds1302_data_digital_read	0	static
io_cfg.c:695:6:io_cfg_dac_hs1101	24	static
io_cfg.c:717:6:io_cfg_comp_hs1101	40	static
io_cfg.c:743:6:io_cfg_timer3_hs1101	56	static
io_cfg.c:785:6:io_cfg_timer4_hs1101	48	static
io_cfg.c:822:10:io_timer4_get_capture	0	static
io_cfg.c:826:6:io_reset_timer4_capture	0	static
io_cfg.c:830:6:io_start_timer4_capture	0	static
io_cfg.c:834:6:io_hs1101_read_enable	8	static
io_cfg.c:849:6:io_hs1101_read_disable	8	static
io_cfg.c:872:6:io_cfg_adc1	32	static
io_cfg.c:888:6:adc_ct_io_cfg	16	static
io_cfg.c:898:6:adc_thermistor_io_cfg	16	static
io_cfg.c:908:10:adc_ct_io_read	8	static
io_cfg.c:917:10:adc_thermistor_io_read	8	static
io_cfg.c:929:6:ssd1306_clk_input_mode	16	static
io_cfg.c:941:6:ssd1306_clk_output_mode	16	static
io_cfg.c:954:6:ssd1306_clk_digital_write_low	0	static
io_cfg.c:958:6:ssd1306_clk_digital_write_high	0	static
io_cfg.c:962:6:ssd1306_data_input_mode	16	static
io_cfg.c:974:6:ssd1306_data_output_mode	16	static
io_cfg.c:985:6:ssd1306_data_digital_write_low	0	static
io_cfg.c:989:6:ssd1306_data_digital_write_high	0	static
io_cfg.c:993:5:ssd1306_data_digital_read	8	static
io_cfg.c:998:6:Dir_int	16	static
io_cfg.c:1010:6:PWM_int	40	static
io_cfg.c:1054:6:TIM11_PWM	40	static
io_cfg.c:1076:6:TIM3_Encoder_Config	48	static
io_cfg.c:1118:6:TIM2_Encoder_Config	48	static
io_cfg.c:1164:9:io_eeprom_read	16	static
io_cfg.c:1180:9:io_eeprom_write	24	static
io_cfg.c:1210:9:io_eeprom_erase	16	static
io_cfg.c:1243:6:internal_flash_unlock	8	static
io_cfg.c:1249:6:internal_flash_lock	0	static
io_cfg.c:1253:6:internal_flash_erase_pages_cal	16	static
io_cfg.c:1268:9:internal_flash_write_cal	32	static
io_cfg.c:1293:6:usb_cfg	8	static
io_cfg.c:1300:6:usb_fake_plug	24	static
io_cfg.c:1316:6:usb_send	0	static
