io_cfg.c:28:6:io_button_mode_init	16	static
io_cfg.c:41:6:io_button_up_init	16	static
io_cfg.c:54:6:io_button_down_init	16	static
io_cfg.c:67:9:io_button_mode_read	0	static
io_cfg.c:71:9:io_button_up_read	0	static
io_cfg.c:75:9:io_button_down_read	0	static
io_cfg.c:82:6:led_life_init	16	static
io_cfg.c:95:6:led_life_on	0	static
io_cfg.c:99:6:led_life_off	0	static
io_cfg.c:106:6:nrf24l01_io_ctrl_init	48	static
io_cfg.c:157:6:nrf24l01_spi_ctrl_init	48	static
io_cfg.c:209:6:nrf24l01_ce_low	0	static
io_cfg.c:213:6:nrf24l01_ce_high	0	static
io_cfg.c:217:6:nrf24l01_csn_low	0	static
io_cfg.c:221:6:nrf24l01_csn_high	0	static
io_cfg.c:255:6:flash_io_ctrl_init	16	static
io_cfg.c:268:6:flash_cs_low	0	static
io_cfg.c:272:6:flash_cs_high	0	static
io_cfg.c:276:9:flash_transfer	16	static
io_cfg.c:225:9:nrf24l01_spi_rw	0	static
io_cfg.c:306:6:timer_50us_init	32	static
io_cfg.c:328:6:timer_50us_enable	8	static
io_cfg.c:334:6:timer_50us_disable	8	static
io_cfg.c:340:6:ir_rev_io_init	40	static
io_cfg.c:369:6:ir_rev_io_irq_disable	16	static
io_cfg.c:378:6:ir_rev_io_irq_enable	16	static
io_cfg.c:387:6:ir_carrier_freq_init	40	static
io_cfg.c:415:6:ir_carrier_freq_on	24	static
io_cfg.c:434:6:ir_carrier_freq_off	24	static
io_cfg.c:456:6:ir_dir_io_config	24	static
io_cfg.c:476:6:ir_select_direction	8	static
io_cfg.c:506:6:sht1x_clk_input_mode	16	static
io_cfg.c:518:6:sht1x_clk_output_mode	16	static
io_cfg.c:532:6:sht1x_clk_digital_write_low	0	static
io_cfg.c:536:6:sht1x_clk_digital_write_high	0	static
io_cfg.c:540:6:sht1x_data_input_mode	16	static
io_cfg.c:552:6:sht1x_data_output_mode	16	static
io_cfg.c:563:6:sht1x_data_digital_write_low	0	static
io_cfg.c:567:6:sht1x_data_digital_write_high	0	static
io_cfg.c:571:5:sht1x_data_digital_read	8	static
io_cfg.c:579:6:ds1302_ce_input_mode	16	static
io_cfg.c:591:6:ds1302_ce_output_mode	16	static
io_cfg.c:603:6:ds1302_ce_digital_write_low	0	static
io_cfg.c:607:6:ds1302_ce_digital_write_high	0	static
io_cfg.c:612:6:ds1302_clk_input_mode	16	static
io_cfg.c:625:6:ds1302_clk_output_mode	16	static
io_cfg.c:638:6:ds1302_clk_digital_write_low	0	static
io_cfg.c:642:6:ds1302_clk_digital_write_high	0	static
io_cfg.c:647:6:ds1302_data_input_mode	16	static
io_cfg.c:659:6:ds1302_data_output_mode	16	static
io_cfg.c:670:6:ds1302_data_digital_write_low	0	static
io_cfg.c:674:6:ds1302_data_digital_write_high	0	static
io_cfg.c:678:9:ds1302_data_digital_read	0	static
io_cfg.c:686:6:io_cfg_dac_hs1101	24	static
io_cfg.c:708:6:io_cfg_comp_hs1101	40	static
io_cfg.c:734:6:io_cfg_timer3_hs1101	56	static
io_cfg.c:776:6:io_cfg_timer4_hs1101	48	static
io_cfg.c:813:10:io_timer4_get_capture	0	static
io_cfg.c:817:6:io_reset_timer4_capture	0	static
io_cfg.c:821:6:io_start_timer4_capture	0	static
io_cfg.c:825:6:io_hs1101_read_enable	8	static
io_cfg.c:840:6:io_hs1101_read_disable	8	static
io_cfg.c:863:6:io_cfg_adc1	32	static
io_cfg.c:879:6:adc_ct_io_cfg	16	static
io_cfg.c:889:6:adc_thermistor_io_cfg	16	static
io_cfg.c:908:10:adc_thermistor_io_read	8	static
io_cfg.c:899:10:adc_ct_io_read	0	static
io_cfg.c:920:6:ssd1306_clk_input_mode	16	static
io_cfg.c:932:6:ssd1306_clk_output_mode	16	static
io_cfg.c:945:6:ssd1306_clk_digital_write_low	0	static
io_cfg.c:949:6:ssd1306_clk_digital_write_high	0	static
io_cfg.c:953:6:ssd1306_data_input_mode	16	static
io_cfg.c:965:6:ssd1306_data_output_mode	16	static
io_cfg.c:976:6:ssd1306_data_digital_write_low	0	static
io_cfg.c:980:6:ssd1306_data_digital_write_high	0	static
io_cfg.c:984:5:ssd1306_data_digital_read	8	static
io_cfg.c:989:6:Dir_int	16	static
io_cfg.c:1003:6:timer9_int	32	static
io_cfg.c:1040:6:TIM11_PWM	64	static
io_cfg.c:1109:6:TIM3_Encoder_Config	48	static
io_cfg.c:1151:6:TIM2_Encoder_Config	48	static
io_cfg.c:1197:9:io_eeprom_read	16	static
io_cfg.c:1213:9:io_eeprom_write	24	static
io_cfg.c:1243:9:io_eeprom_erase	16	static
io_cfg.c:1276:6:internal_flash_unlock	8	static
io_cfg.c:1282:6:internal_flash_lock	0	static
io_cfg.c:1286:6:internal_flash_erase_pages_cal	16	static
io_cfg.c:1301:9:internal_flash_write_cal	32	static
io_cfg.c:1326:6:usb_cfg	8	static
io_cfg.c:1333:6:usb_fake_plug	24	static
io_cfg.c:1349:6:usb_send	0	static
