L3G4200D.cpp:38:1:L3G4200D::L3G4200D()	0	static
L3G4200D.cpp:47:1:L3G4200D::L3G4200D(uint8_t)	0	static
L3G4200D.cpp:59:6:void L3G4200D::initialize()	8	static
L3G4200D.cpp:82:9:uint8_t L3G4200D::getDeviceID()	8	static
L3G4200D.cpp:71:6:bool L3G4200D::testConnection()	8	static
L3G4200D.cpp:99:6:void L3G4200D::setOutputDataRate(uint16_t)	16	static
L3G4200D.cpp:126:10:uint16_t L3G4200D::getOutputDataRate()	16	static
L3G4200D.cpp:151:6:void L3G4200D::setBandwidthCutOffMode(uint8_t)	16	static
L3G4200D.cpp:166:9:uint8_t L3G4200D::getBandwidthCutOffMode()	16	static
L3G4200D.cpp:188:7:float L3G4200D::getBandwidthCutOff()	16	static
L3G4200D.cpp:236:6:void L3G4200D::setPowerOn(bool)	0	static
L3G4200D.cpp:245:6:bool L3G4200D::getPowerOn()	16	static
L3G4200D.cpp:255:6:void L3G4200D::setZEnabled(bool)	0	static
L3G4200D.cpp:264:6:bool L3G4200D::getZEnabled()	16	static
L3G4200D.cpp:274:6:void L3G4200D::setYEnabled(bool)	0	static
L3G4200D.cpp:283:6:bool L3G4200D::getYEnabled()	16	static
L3G4200D.cpp:293:6:void L3G4200D::setXEnabled(bool)	0	static
L3G4200D.cpp:302:6:bool L3G4200D::getXEnabled()	16	static
L3G4200D.cpp:319:6:void L3G4200D::setHighPassMode(uint8_t)	16	static
L3G4200D.cpp:334:9:uint8_t L3G4200D::getHighPassMode()	16	static
L3G4200D.cpp:356:6:void L3G4200D::setHighPassFilterCutOffFrequencyLevel(uint8_t)	16	static
L3G4200D.cpp:377:9:uint8_t L3G4200D::getHighPassFilterCutOffFrequencyLevel()	16	static
L3G4200D.cpp:390:6:void L3G4200D::setINT1InterruptEnabled(bool)	0	static
L3G4200D.cpp:400:6:bool L3G4200D::getINT1InterruptEnabled()	16	static
L3G4200D.cpp:411:6:void L3G4200D::setINT1BootStatusEnabled(bool)	0	static
L3G4200D.cpp:421:6:bool L3G4200D::getINT1BootStatusEnabled()	16	static
L3G4200D.cpp:431:6:void L3G4200D::interruptActiveINT1Config()	0	static
L3G4200D.cpp:442:6:void L3G4200D::setOutputMode(bool)	0	static
L3G4200D.cpp:454:6:bool L3G4200D::getOutputMode()	16	static
L3G4200D.cpp:465:6:void L3G4200D::setINT2DataReadyEnabled(bool)	0	static
L3G4200D.cpp:475:6:bool L3G4200D::getINT2DataReadyEnabled()	16	static
L3G4200D.cpp:490:6:void L3G4200D::setINT2FIFOWatermarkInterruptEnabled(bool)	0	static
L3G4200D.cpp:500:6:bool L3G4200D::getINT2FIFOWatermarkInterruptEnabled()	16	static
L3G4200D.cpp:511:6:void L3G4200D::setINT2FIFOOverrunInterruptEnabled(bool)	0	static
L3G4200D.cpp:521:6:bool L3G4200D::getINT2FIFOOverrunInterruptEnabled()	16	static
L3G4200D.cpp:532:6:void L3G4200D::setINT2FIFOEmptyInterruptEnabled(bool)	0	static
L3G4200D.cpp:542:6:bool L3G4200D::getINT2FIFOEmptyInterruptEnabled()	16	static
L3G4200D.cpp:555:6:void L3G4200D::setBlockDataUpdateEnabled(bool)	0	static
L3G4200D.cpp:564:6:bool L3G4200D::getBlockDataUpdateEnabled()	16	static
L3G4200D.cpp:579:6:void L3G4200D::setEndianMode(bool)	0	static
L3G4200D.cpp:591:6:bool L3G4200D::getEndianMode()	16	static
L3G4200D.cpp:606:6:void L3G4200D::setFullScale(uint16_t)	16	static
L3G4200D.cpp:630:10:uint16_t L3G4200D::getFullScale()	16	static
L3G4200D.cpp:653:6:void L3G4200D::setSelfTestMode(uint8_t)	16	static
L3G4200D.cpp:667:9:uint8_t L3G4200D::getSelfTestMode()	16	static
L3G4200D.cpp:680:6:void L3G4200D::setSPIMode(bool)	0	static
L3G4200D.cpp:691:6:bool L3G4200D::getSPIMode()	16	static
L3G4200D.cpp:703:6:void L3G4200D::rebootMemoryContent()	0	static
L3G4200D.cpp:712:6:void L3G4200D::setFIFOEnabled(bool)	0	static
L3G4200D.cpp:722:6:bool L3G4200D::getFIFOEnabled()	16	static
L3G4200D.cpp:733:6:void L3G4200D::setHighPassFilterEnabled(bool)	0	static
L3G4200D.cpp:743:6:bool L3G4200D::getHighPassFilterEnabled()	16	static
L3G4200D.cpp:767:6:void L3G4200D::setDataFilter(uint8_t)	24	static
L3G4200D.cpp:790:9:uint8_t L3G4200D::getDataFilter()	16	static
L3G4200D.cpp:812:6:void L3G4200D::setInterruptReference(uint8_t)	0	static
L3G4200D.cpp:820:9:uint8_t L3G4200D::getInterruptReference()	8	static
L3G4200D.cpp:831:9:uint8_t L3G4200D::getTemperature()	8	static
L3G4200D.cpp:844:6:bool L3G4200D::getXYZOverrun()	16	static
L3G4200D.cpp:856:6:bool L3G4200D::getZOverrun()	16	static
L3G4200D.cpp:868:6:bool L3G4200D::getYOverrun()	16	static
L3G4200D.cpp:880:6:bool L3G4200D::getXOverrun()	16	static
L3G4200D.cpp:891:6:bool L3G4200D::getXYZDataAvailable()	16	static
L3G4200D.cpp:902:6:bool L3G4200D::getZDataAvailable()	16	static
L3G4200D.cpp:913:6:bool L3G4200D::getYDataAvailable()	16	static
L3G4200D.cpp:924:6:bool L3G4200D::getXDataAvailable()	16	static
L3G4200D.cpp:952:9:int16_t L3G4200D::getAngularVelocityX()	40	static
L3G4200D.cpp:969:9:int16_t L3G4200D::getAngularVelocityY()	40	static
L3G4200D.cpp:986:9:int16_t L3G4200D::getAngularVelocityZ()	40	static
L3G4200D.cpp:941:6:void L3G4200D::getAngularVelocity(int16_t*, int16_t*, int16_t*)	24	static
L3G4200D.cpp:1011:6:void L3G4200D::setFIFOMode(uint8_t)	16	static
L3G4200D.cpp:1027:9:uint8_t L3G4200D::getFIFOMode()	16	static
L3G4200D.cpp:1039:6:void L3G4200D::setFIFOThreshold(uint8_t)	16	static
L3G4200D.cpp:1050:9:uint8_t L3G4200D::getFIFOThreshold()	16	static
L3G4200D.cpp:1065:6:bool L3G4200D::getFIFOAtWatermark()	16	static
L3G4200D.cpp:1076:6:bool L3G4200D::getFIFOOverrun()	16	static
L3G4200D.cpp:1087:6:bool L3G4200D::getFIFOEmpty()	16	static
L3G4200D.cpp:1099:9:uint8_t L3G4200D::getFIFOStoredDataLevel()	16	static
L3G4200D.cpp:1115:6:void L3G4200D::setInterruptCombination(bool)	0	static
L3G4200D.cpp:1128:6:bool L3G4200D::getInterruptCombination()	16	static
L3G4200D.cpp:1140:6:void L3G4200D::setInterruptRequestLatched(bool)	0	static
L3G4200D.cpp:1149:6:bool L3G4200D::getInterruptRequestLatched()	16	static
L3G4200D.cpp:1160:6:void L3G4200D::setZHighInterruptEnabled(bool)	0	static
L3G4200D.cpp:1169:6:bool L3G4200D::getZHighInterruptEnabled()	16	static
L3G4200D.cpp:1180:6:void L3G4200D::setZLowInterruptEnabled(bool)	0	static
L3G4200D.cpp:1189:6:bool L3G4200D::getZLowInterruptEnabled()	16	static
L3G4200D.cpp:1200:6:void L3G4200D::setYHighInterruptEnabled(bool)	0	static
L3G4200D.cpp:1209:6:bool L3G4200D::getYHighInterruptEnabled()	16	static
L3G4200D.cpp:1220:6:void L3G4200D::setYLowInterruptEnabled(bool)	0	static
L3G4200D.cpp:1229:6:bool L3G4200D::getYLowInterruptEnabled()	16	static
L3G4200D.cpp:1240:6:void L3G4200D::setXHighInterruptEnabled(bool)	0	static
L3G4200D.cpp:1249:6:bool L3G4200D::getXHighInterruptEnabled()	16	static
L3G4200D.cpp:1260:6:void L3G4200D::setXLowInterruptEnabled(bool)	0	static
L3G4200D.cpp:1269:6:bool L3G4200D::getXLowInterruptEnabled()	16	static
L3G4200D.cpp:1282:6:bool L3G4200D::getInterruptActive()	16	static
L3G4200D.cpp:1293:6:bool L3G4200D::getZHigh()	16	static
L3G4200D.cpp:1304:6:bool L3G4200D::getZLow()	16	static
L3G4200D.cpp:1315:6:bool L3G4200D::getYHigh()	16	static
L3G4200D.cpp:1326:6:bool L3G4200D::getYLow()	16	static
L3G4200D.cpp:1337:6:bool L3G4200D::getXHigh()	16	static
L3G4200D.cpp:1348:6:bool L3G4200D::getXLow()	16	static
L3G4200D.cpp:1360:6:void L3G4200D::setXHighThreshold(uint8_t)	0	static
L3G4200D.cpp:1368:9:uint8_t L3G4200D::getXHighThreshold()	8	static
L3G4200D.cpp:1377:6:void L3G4200D::setXLowThreshold(uint8_t)	0	static
L3G4200D.cpp:1385:9:uint8_t L3G4200D::getXLowThreshold()	8	static
L3G4200D.cpp:1394:6:void L3G4200D::setYHighThreshold(uint8_t)	0	static
L3G4200D.cpp:1402:9:uint8_t L3G4200D::getYHighThreshold()	8	static
L3G4200D.cpp:1411:6:void L3G4200D::setYLowThreshold(uint8_t)	0	static
L3G4200D.cpp:1419:9:uint8_t L3G4200D::getYLowThreshold()	8	static
L3G4200D.cpp:1428:6:void L3G4200D::setZHighThreshold(uint8_t)	0	static
L3G4200D.cpp:1436:9:uint8_t L3G4200D::getZHighThreshold()	8	static
L3G4200D.cpp:1445:6:void L3G4200D::setZLowThreshold(uint8_t)	0	static
L3G4200D.cpp:1453:9:uint8_t L3G4200D::getZLowThreshold()	8	static
L3G4200D.cpp:1468:6:void L3G4200D::setDuration(uint8_t)	16	static
L3G4200D.cpp:1479:9:uint8_t L3G4200D::getDuration()	16	static
L3G4200D.cpp:1494:6:void L3G4200D::setWaitEnabled(bool)	0	static
L3G4200D.cpp:1504:6:bool L3G4200D::getWaitEnabled()	16	static
