message.c:47:6:msg_init	20	static
message.c:90:6:msg_inc_ref_count	8	static
message.c:99:6:msg_dec_ref_count	8	static
message.c:58:6:msg_free	16	static
message.c:118:7:ak_malloc	16	static
message.c:137:6:ak_free	0	static
message.c:160:10:get_common_msg_pool_used	0	static
message.c:164:11:get_common_msg	8	static
message.c:197:9:set_data_common_msg	16	static
message.c:224:10:get_data_common_msg	8	static
message.c:242:9:get_data_len_common_msg	8	static
message.c:273:10:get_pure_msg_pool_used	0	static
message.c:277:11:get_pure_msg	8	static
message.c:358:11:get_dynamic_msg	8	static
message.c:389:10:get_dynamic_msg_pool_used	0	static
message.c:393:9:set_data_dynamic_msg	24	static
message.c:417:9:get_data_dynamic_msg	16	static
message.c:442:10:get_data_len_dynamic_msg	0	static
message.c:535:6:msg_dbg_dum	32	static
