MPU6050.cpp:42:1:MPU6050::MPU6050()	0	static
MPU6050.cpp:52:1:MPU6050::MPU6050(uint8_t)	0	static
MPU6050.cpp:86:9:uint8_t MPU6050::getAuxVDDIOLevel()	16	static
MPU6050.cpp:96:6:void MPU6050::setAuxVDDIOLevel(uint8_t)	0	static
MPU6050.cpp:123:9:uint8_t MPU6050::getRate()	8	static
MPU6050.cpp:132:6:void MPU6050::setRate(uint8_t)	0	static
MPU6050.cpp:165:9:uint8_t MPU6050::getExternalFrameSync()	16	static
MPU6050.cpp:174:6:void MPU6050::setExternalFrameSync(uint8_t)	16	static
MPU6050.cpp:205:9:uint8_t MPU6050::getDLPFMode()	16	static
MPU6050.cpp:217:6:void MPU6050::setDLPFMode(uint8_t)	16	static
MPU6050.cpp:240:9:uint8_t MPU6050::getFullScaleGyroRange()	16	static
MPU6050.cpp:252:6:void MPU6050::setFullScaleGyroRange(uint8_t)	16	static
MPU6050.cpp:262:9:uint8_t MPU6050::getAccelXSelfTestFactoryTrim()	16	static
MPU6050.cpp:272:9:uint8_t MPU6050::getAccelYSelfTestFactoryTrim()	16	static
MPU6050.cpp:282:9:uint8_t MPU6050::getAccelZSelfTestFactoryTrim()	16	static
MPU6050.cpp:291:9:uint8_t MPU6050::getGyroXSelfTestFactoryTrim()	8	static
MPU6050.cpp:300:9:uint8_t MPU6050::getGyroYSelfTestFactoryTrim()	8	static
MPU6050.cpp:309:9:uint8_t MPU6050::getGyroZSelfTestFactoryTrim()	8	static
MPU6050.cpp:320:6:bool MPU6050::getAccelXSelfTest()	16	static
MPU6050.cpp:328:6:void MPU6050::setAccelXSelfTest(bool)	0	static
MPU6050.cpp:335:6:bool MPU6050::getAccelYSelfTest()	16	static
MPU6050.cpp:343:6:void MPU6050::setAccelYSelfTest(bool)	0	static
MPU6050.cpp:350:6:bool MPU6050::getAccelZSelfTest()	16	static
MPU6050.cpp:358:6:void MPU6050::setAccelZSelfTest(bool)	0	static
MPU6050.cpp:378:9:uint8_t MPU6050::getFullScaleAccelRange()	16	static
MPU6050.cpp:386:6:void MPU6050::setFullScaleAccelRange(uint8_t)	16	static
MPU6050.cpp:424:9:uint8_t MPU6050::getDHPFMode()	16	static
MPU6050.cpp:434:6:void MPU6050::setDHPFMode(uint8_t)	16	static
MPU6050.cpp:455:9:uint8_t MPU6050::getFreefallDetectionThreshold()	8	static
MPU6050.cpp:464:6:void MPU6050::setFreefallDetectionThreshold(uint8_t)	0	static
MPU6050.cpp:487:9:uint8_t MPU6050::getFreefallDetectionDuration()	8	static
MPU6050.cpp:496:6:void MPU6050::setFreefallDetectionDuration(uint8_t)	0	static
MPU6050.cpp:521:9:uint8_t MPU6050::getMotionDetectionThreshold()	8	static
MPU6050.cpp:530:6:void MPU6050::setMotionDetectionThreshold(uint8_t)	0	static
MPU6050.cpp:551:9:uint8_t MPU6050::getMotionDetectionDuration()	8	static
MPU6050.cpp:560:6:void MPU6050::setMotionDetectionDuration(uint8_t)	0	static
MPU6050.cpp:591:9:uint8_t MPU6050::getZeroMotionDetectionThreshold()	8	static
MPU6050.cpp:600:6:void MPU6050::setZeroMotionDetectionThreshold(uint8_t)	0	static
MPU6050.cpp:622:9:uint8_t MPU6050::getZeroMotionDetectionDuration()	8	static
MPU6050.cpp:631:6:void MPU6050::setZeroMotionDetectionDuration(uint8_t)	0	static
MPU6050.cpp:643:6:bool MPU6050::getTempFIFOEnabled()	16	static
MPU6050.cpp:652:6:void MPU6050::setTempFIFOEnabled(bool)	0	static
MPU6050.cpp:661:6:bool MPU6050::getXGyroFIFOEnabled()	16	static
MPU6050.cpp:670:6:void MPU6050::setXGyroFIFOEnabled(bool)	0	static
MPU6050.cpp:679:6:bool MPU6050::getYGyroFIFOEnabled()	16	static
MPU6050.cpp:688:6:void MPU6050::setYGyroFIFOEnabled(bool)	0	static
MPU6050.cpp:697:6:bool MPU6050::getZGyroFIFOEnabled()	16	static
MPU6050.cpp:706:6:void MPU6050::setZGyroFIFOEnabled(bool)	0	static
MPU6050.cpp:716:6:bool MPU6050::getAccelFIFOEnabled()	16	static
MPU6050.cpp:725:6:void MPU6050::setAccelFIFOEnabled(bool)	0	static
MPU6050.cpp:734:6:bool MPU6050::getSlave2FIFOEnabled()	16	static
MPU6050.cpp:743:6:void MPU6050::setSlave2FIFOEnabled(bool)	0	static
MPU6050.cpp:752:6:bool MPU6050::getSlave1FIFOEnabled()	16	static
MPU6050.cpp:761:6:void MPU6050::setSlave1FIFOEnabled(bool)	0	static
MPU6050.cpp:770:6:bool MPU6050::getSlave0FIFOEnabled()	16	static
MPU6050.cpp:779:6:void MPU6050::setSlave0FIFOEnabled(bool)	0	static
MPU6050.cpp:800:6:bool MPU6050::getMultiMasterEnabled()	16	static
MPU6050.cpp:809:6:void MPU6050::setMultiMasterEnabled(bool)	0	static
MPU6050.cpp:823:6:bool MPU6050::getWaitForExternalSensorEnabled()	16	static
MPU6050.cpp:832:6:void MPU6050::setWaitForExternalSensorEnabled(bool)	0	static
MPU6050.cpp:841:6:bool MPU6050::getSlave3FIFOEnabled()	16	static
MPU6050.cpp:850:6:void MPU6050::setSlave3FIFOEnabled(bool)	0	static
MPU6050.cpp:863:6:bool MPU6050::getSlaveReadWriteTransitionEnabled()	16	static
MPU6050.cpp:872:6:void MPU6050::setSlaveReadWriteTransitionEnabled(bool)	0	static
MPU6050.cpp:904:9:uint8_t MPU6050::getMasterClockSpeed()	16	static
MPU6050.cpp:912:6:void MPU6050::setMasterClockSpeed(uint8_t)	16	static
MPU6050.cpp:959:9:uint8_t MPU6050::getSlaveAddress(uint8_t)	8	static
MPU6050.cpp:970:6:void MPU6050::setSlaveAddress(uint8_t, uint8_t)	0	static
MPU6050.cpp:985:9:uint8_t MPU6050::getSlaveRegister(uint8_t)	8	static
MPU6050.cpp:996:6:void MPU6050::setSlaveRegister(uint8_t, uint8_t)	0	static
MPU6050.cpp:1007:6:bool MPU6050::getSlaveEnabled(uint8_t)	16	static
MPU6050.cpp:1018:6:void MPU6050::setSlaveEnabled(uint8_t, bool)	0	static
MPU6050.cpp:1033:6:bool MPU6050::getSlaveWordByteSwap(uint8_t)	16	static
MPU6050.cpp:1044:6:void MPU6050::setSlaveWordByteSwap(uint8_t, bool)	0	static
MPU6050.cpp:1058:6:bool MPU6050::getSlaveWriteMode(uint8_t)	16	static
MPU6050.cpp:1069:6:void MPU6050::setSlaveWriteMode(uint8_t, bool)	0	static
MPU6050.cpp:1084:6:bool MPU6050::getSlaveWordGroupOffset(uint8_t)	16	static
MPU6050.cpp:1095:6:void MPU6050::setSlaveWordGroupOffset(uint8_t, bool)	0	static
MPU6050.cpp:1106:9:uint8_t MPU6050::getSlaveDataLength(uint8_t)	16	static
MPU6050.cpp:1117:6:void MPU6050::setSlaveDataLength(uint8_t, uint8_t)	16	static
MPU6050.cpp:1133:9:uint8_t MPU6050::getSlave4Address()	8	static
MPU6050.cpp:1142:6:void MPU6050::setSlave4Address(uint8_t)	0	static
MPU6050.cpp:1152:9:uint8_t MPU6050::getSlave4Register()	8	static
MPU6050.cpp:1161:6:void MPU6050::setSlave4Register(uint8_t)	0	static
MPU6050.cpp:1170:6:void MPU6050::setSlave4OutputByte(uint8_t)	0	static
MPU6050.cpp:1179:6:bool MPU6050::getSlave4Enabled()	16	static
MPU6050.cpp:1188:6:void MPU6050::setSlave4Enabled(bool)	0	static
MPU6050.cpp:1200:6:bool MPU6050::getSlave4InterruptEnabled()	16	static
MPU6050.cpp:1209:6:void MPU6050::setSlave4InterruptEnabled(bool)	0	static
MPU6050.cpp:1221:6:bool MPU6050::getSlave4WriteMode()	16	static
MPU6050.cpp:1230:6:void MPU6050::setSlave4WriteMode(bool)	0	static
MPU6050.cpp:1248:9:uint8_t MPU6050::getSlave4MasterDelay()	16	static
MPU6050.cpp:1257:6:void MPU6050::setSlave4MasterDelay(uint8_t)	16	static
MPU6050.cpp:1266:9:uint8_t MPU6050::getSlate4InputByte()	8	static
MPU6050.cpp:1282:6:bool MPU6050::getPassthroughStatus()	16	static
MPU6050.cpp:1294:6:bool MPU6050::getSlave4IsDone()	16	static
MPU6050.cpp:1305:6:bool MPU6050::getLostArbitration()	16	static
MPU6050.cpp:1316:6:bool MPU6050::getSlave4Nack()	16	static
MPU6050.cpp:1327:6:bool MPU6050::getSlave3Nack()	16	static
MPU6050.cpp:1338:6:bool MPU6050::getSlave2Nack()	16	static
MPU6050.cpp:1349:6:bool MPU6050::getSlave1Nack()	16	static
MPU6050.cpp:1360:6:bool MPU6050::getSlave0Nack()	16	static
MPU6050.cpp:1373:6:bool MPU6050::getInterruptMode()	16	static
MPU6050.cpp:1383:6:void MPU6050::setInterruptMode(bool)	0	static
MPU6050.cpp:1392:6:bool MPU6050::getInterruptDrive()	16	static
MPU6050.cpp:1402:6:void MPU6050::setInterruptDrive(bool)	0	static
MPU6050.cpp:1411:6:bool MPU6050::getInterruptLatch()	16	static
MPU6050.cpp:1421:6:void MPU6050::setInterruptLatch(bool)	0	static
MPU6050.cpp:1430:6:bool MPU6050::getInterruptLatchClear()	16	static
MPU6050.cpp:1440:6:void MPU6050::setInterruptLatchClear(bool)	0	static
MPU6050.cpp:1449:6:bool MPU6050::getFSyncInterruptLevel()	16	static
MPU6050.cpp:1459:6:void MPU6050::setFSyncInterruptLevel(bool)	0	static
MPU6050.cpp:1468:6:bool MPU6050::getFSyncInterruptEnabled()	16	static
MPU6050.cpp:1478:6:void MPU6050::setFSyncInterruptEnabled(bool)	0	static
MPU6050.cpp:1492:6:bool MPU6050::getI2CBypassEnabled()	16	static
MPU6050.cpp:1507:6:void MPU6050::setI2CBypassEnabled(bool)	0	static
MPU6050.cpp:1519:6:bool MPU6050::getClockOutputEnabled()	16	static
MPU6050.cpp:1532:6:void MPU6050::setClockOutputEnabled(bool)	0	static
MPU6050.cpp:1545:9:uint8_t MPU6050::getIntEnabled()	8	static
MPU6050.cpp:1557:6:void MPU6050::setIntEnabled(uint8_t)	0	static
MPU6050.cpp:1566:6:bool MPU6050::getIntFreefallEnabled()	16	static
MPU6050.cpp:1576:6:void MPU6050::setIntFreefallEnabled(bool)	0	static
MPU6050.cpp:1585:6:bool MPU6050::getIntMotionEnabled()	16	static
MPU6050.cpp:1595:6:void MPU6050::setIntMotionEnabled(bool)	0	static
MPU6050.cpp:1604:6:bool MPU6050::getIntZeroMotionEnabled()	16	static
MPU6050.cpp:1614:6:void MPU6050::setIntZeroMotionEnabled(bool)	0	static
MPU6050.cpp:1623:6:bool MPU6050::getIntFIFOBufferOverflowEnabled()	16	static
MPU6050.cpp:1633:6:void MPU6050::setIntFIFOBufferOverflowEnabled(bool)	0	static
MPU6050.cpp:1643:6:bool MPU6050::getIntI2CMasterEnabled()	16	static
MPU6050.cpp:1653:6:void MPU6050::setIntI2CMasterEnabled(bool)	0	static
MPU6050.cpp:1663:6:bool MPU6050::getIntDataReadyEnabled()	16	static
MPU6050.cpp:1673:6:void MPU6050::setIntDataReadyEnabled(bool)	0	static
MPU6050.cpp:1686:9:uint8_t MPU6050::getIntStatus()	8	static
MPU6050.cpp:1697:6:bool MPU6050::getIntFreefallStatus()	16	static
MPU6050.cpp:1708:6:bool MPU6050::getIntMotionStatus()	16	static
MPU6050.cpp:1719:6:bool MPU6050::getIntZeroMotionStatus()	16	static
MPU6050.cpp:1730:6:bool MPU6050::getIntFIFOBufferOverflowStatus()	16	static
MPU6050.cpp:1742:6:bool MPU6050::getIntI2CMasterStatus()	16	static
MPU6050.cpp:1753:6:bool MPU6050::getIntDataReadyStatus()	16	static
MPU6050.cpp:1795:6:void MPU6050::getMotion6(int16_t*, int16_t*, int16_t*, int16_t*, int16_t*, int16_t*)	32	static
MPU6050.cpp:1776:6:void MPU6050::getMotion9(int16_t*, int16_t*, int16_t*, int16_t*, int16_t*, int16_t*, int16_t*, int16_t*, int16_t*)	4	static
MPU6050.cpp:1840:6:void MPU6050::getAcceleration(int16_t*, int16_t*, int16_t*)	32	static
MPU6050.cpp:1851:9:int16_t MPU6050::getAccelerationX()	16	static
MPU6050.cpp:1860:9:int16_t MPU6050::getAccelerationY()	16	static
MPU6050.cpp:1869:9:int16_t MPU6050::getAccelerationZ()	16	static
MPU6050.cpp:1880:9:int16_t MPU6050::getTemperature()	16	static
MPU6050.cpp:1919:6:void MPU6050::getRotation(int16_t*, int16_t*, int16_t*)	32	static
MPU6050.cpp:1930:9:int16_t MPU6050::getRotationX()	16	static
MPU6050.cpp:1939:9:int16_t MPU6050::getRotationY()	16	static
MPU6050.cpp:1948:9:int16_t MPU6050::getRotationZ()	16	static
MPU6050.cpp:2029:9:uint8_t MPU6050::getExternalSensorByte(int)	8	static
MPU6050.cpp:2038:10:uint16_t MPU6050::getExternalSensorWord(int)	16	static
MPU6050.cpp:2047:10:uint32_t MPU6050::getExternalSensorDWord(int)	16	static
MPU6050.cpp:2058:9:uint8_t MPU6050::getMotionStatus()	8	static
MPU6050.cpp:2067:6:bool MPU6050::getXNegMotionDetected()	16	static
MPU6050.cpp:2076:6:bool MPU6050::getXPosMotionDetected()	16	static
MPU6050.cpp:2085:6:bool MPU6050::getYNegMotionDetected()	16	static
MPU6050.cpp:2094:6:bool MPU6050::getYPosMotionDetected()	16	static
MPU6050.cpp:2103:6:bool MPU6050::getZNegMotionDetected()	16	static
MPU6050.cpp:2112:6:bool MPU6050::getZPosMotionDetected()	16	static
MPU6050.cpp:2121:6:bool MPU6050::getZeroMotionDetected()	16	static
MPU6050.cpp:2136:6:void MPU6050::setSlaveOutputByte(uint8_t, uint8_t)	0	static
MPU6050.cpp:2151:6:bool MPU6050::getExternalShadowDelayEnabled()	16	static
MPU6050.cpp:2161:6:void MPU6050::setExternalShadowDelayEnabled(bool)	0	static
MPU6050.cpp:2182:6:bool MPU6050::getSlaveDelayEnabled(uint8_t)	16	static
MPU6050.cpp:2194:6:void MPU6050::setSlaveDelayEnabled(uint8_t, bool)	0	static
MPU6050.cpp:2206:6:void MPU6050::resetGyroscopePath()	0	static
MPU6050.cpp:2215:6:void MPU6050::resetAccelerometerPath()	0	static
MPU6050.cpp:2224:6:void MPU6050::resetTemperaturePath()	0	static
MPU6050.cpp:2244:9:uint8_t MPU6050::getAccelerometerPowerOnDelay()	16	static
MPU6050.cpp:2254:6:void MPU6050::setAccelerometerPowerOnDelay(uint8_t)	16	static
MPU6050.cpp:2283:9:uint8_t MPU6050::getFreefallDetectionCounterDecrement()	16	static
MPU6050.cpp:2293:6:void MPU6050::setFreefallDetectionCounterDecrement(uint8_t)	16	static
MPU6050.cpp:2319:9:uint8_t MPU6050::getMotionDetectionCounterDecrement()	16	static
MPU6050.cpp:2329:6:void MPU6050::setMotionDetectionCounterDecrement(uint8_t)	16	static
MPU6050.cpp:2343:6:bool MPU6050::getFIFOEnabled()	16	static
MPU6050.cpp:2353:6:void MPU6050::setFIFOEnabled(bool)	0	static
MPU6050.cpp:2367:6:bool MPU6050::getI2CMasterModeEnabled()	16	static
MPU6050.cpp:2377:6:void MPU6050::setI2CMasterModeEnabled(bool)	0	static
MPU6050.cpp:2384:6:void MPU6050::switchSPIEnabled(bool)	0	static
MPU6050.cpp:2393:6:void MPU6050::resetFIFO()	0	static
MPU6050.cpp:2402:6:void MPU6050::resetI2CMaster()	0	static
MPU6050.cpp:2417:6:void MPU6050::resetSensors()	0	static
MPU6050.cpp:2428:6:void MPU6050::reset()	0	static
MPU6050.cpp:2442:6:bool MPU6050::getSleepEnabled()	16	static
MPU6050.cpp:2452:6:void MPU6050::setSleepEnabled(bool)	0	static
MPU6050.cpp:2463:6:bool MPU6050::getWakeCycleEnabled()	16	static
MPU6050.cpp:2473:6:void MPU6050::setWakeCycleEnabled(bool)	0	static
MPU6050.cpp:2487:6:bool MPU6050::getTempSensorEnabled()	16	static
MPU6050.cpp:2501:6:void MPU6050::setTempSensorEnabled(bool)	0	static
MPU6050.cpp:2511:9:uint8_t MPU6050::getClockSource()	16	static
MPU6050.cpp:2545:6:void MPU6050::setClockSource(uint8_t)	16	static
MPU6050.cpp:63:6:void MPU6050::initialize()	8	static
MPU6050.cpp:2574:9:uint8_t MPU6050::getWakeFrequency()	16	static
MPU6050.cpp:2582:6:void MPU6050::setWakeFrequency(uint8_t)	16	static
MPU6050.cpp:2592:6:bool MPU6050::getStandbyXAccelEnabled()	16	static
MPU6050.cpp:2602:6:void MPU6050::setStandbyXAccelEnabled(bool)	0	static
MPU6050.cpp:2611:6:bool MPU6050::getStandbyYAccelEnabled()	16	static
MPU6050.cpp:2621:6:void MPU6050::setStandbyYAccelEnabled(bool)	0	static
MPU6050.cpp:2630:6:bool MPU6050::getStandbyZAccelEnabled()	16	static
MPU6050.cpp:2640:6:void MPU6050::setStandbyZAccelEnabled(bool)	0	static
MPU6050.cpp:2649:6:bool MPU6050::getStandbyXGyroEnabled()	16	static
MPU6050.cpp:2659:6:void MPU6050::setStandbyXGyroEnabled(bool)	0	static
MPU6050.cpp:2668:6:bool MPU6050::getStandbyYGyroEnabled()	16	static
MPU6050.cpp:2678:6:void MPU6050::setStandbyYGyroEnabled(bool)	0	static
MPU6050.cpp:2687:6:bool MPU6050::getStandbyZGyroEnabled()	16	static
MPU6050.cpp:2697:6:void MPU6050::setStandbyZGyroEnabled(bool)	0	static
MPU6050.cpp:2710:10:uint16_t MPU6050::getFIFOCount()	16	static
MPU6050.cpp:2742:9:uint8_t MPU6050::getFIFOByte()	8	static
MPU6050.cpp:2746:6:void MPU6050::getFIFOBytes(uint8_t*, uint8_t)	16	static
MPU6050.cpp:2757:6:void MPU6050::setFIFOByte(uint8_t)	0	static
MPU6050.cpp:2770:9:uint8_t MPU6050::getDeviceID()	16	static
MPU6050.cpp:74:6:bool MPU6050::testConnection()	8	static
MPU6050.cpp:2783:6:void MPU6050::setDeviceID(uint8_t)	16	static
MPU6050.cpp:2791:9:uint8_t MPU6050::getOTPBankValid()	16	static
MPU6050.cpp:2795:6:void MPU6050::setOTPBankValid(bool)	0	static
MPU6050.cpp:2798:8:int8_t MPU6050::getXGyroOffsetTC()	16	static
MPU6050.cpp:2802:6:void MPU6050::setXGyroOffsetTC(int8_t)	16	static
MPU6050.cpp:2808:8:int8_t MPU6050::getYGyroOffsetTC()	16	static
MPU6050.cpp:2812:6:void MPU6050::setYGyroOffsetTC(int8_t)	16	static
MPU6050.cpp:2818:8:int8_t MPU6050::getZGyroOffsetTC()	16	static
MPU6050.cpp:2822:6:void MPU6050::setZGyroOffsetTC(int8_t)	16	static
MPU6050.cpp:2828:8:int8_t MPU6050::getXFineGain()	8	static
MPU6050.cpp:2832:6:void MPU6050::setXFineGain(int8_t)	0	static
MPU6050.cpp:2838:8:int8_t MPU6050::getYFineGain()	8	static
MPU6050.cpp:2842:6:void MPU6050::setYFineGain(int8_t)	0	static
MPU6050.cpp:2848:8:int8_t MPU6050::getZFineGain()	8	static
MPU6050.cpp:2852:6:void MPU6050::setZFineGain(int8_t)	0	static
MPU6050.cpp:2858:9:int16_t MPU6050::getXAccelOffset()	16	static
MPU6050.cpp:2862:6:void MPU6050::setXAccelOffset(int16_t)	0	static
MPU6050.cpp:2868:9:int16_t MPU6050::getYAccelOffset()	16	static
MPU6050.cpp:2872:6:void MPU6050::setYAccelOffset(int16_t)	0	static
MPU6050.cpp:2878:9:int16_t MPU6050::getZAccelOffset()	16	static
MPU6050.cpp:2882:6:void MPU6050::setZAccelOffset(int16_t)	0	static
MPU6050.cpp:2888:9:int16_t MPU6050::getXGyroOffset()	16	static
MPU6050.cpp:2892:6:void MPU6050::setXGyroOffset(int16_t)	0	static
MPU6050.cpp:2898:9:int16_t MPU6050::getYGyroOffset()	16	static
MPU6050.cpp:2902:6:void MPU6050::setYGyroOffset(int16_t)	0	static
MPU6050.cpp:2908:9:int16_t MPU6050::getZGyroOffset()	16	static
MPU6050.cpp:2912:6:void MPU6050::setZGyroOffset(int16_t)	0	static
MPU6050.cpp:2918:6:bool MPU6050::getIntPLLReadyEnabled()	16	static
MPU6050.cpp:2922:6:void MPU6050::setIntPLLReadyEnabled(bool)	0	static
MPU6050.cpp:2925:6:bool MPU6050::getIntDMPEnabled()	16	static
MPU6050.cpp:2929:6:void MPU6050::setIntDMPEnabled(bool)	0	static
MPU6050.cpp:2935:6:bool MPU6050::getDMPInt5Status()	16	static
MPU6050.cpp:2939:6:bool MPU6050::getDMPInt4Status()	16	static
MPU6050.cpp:2943:6:bool MPU6050::getDMPInt3Status()	16	static
MPU6050.cpp:2947:6:bool MPU6050::getDMPInt2Status()	16	static
MPU6050.cpp:2951:6:bool MPU6050::getDMPInt1Status()	16	static
MPU6050.cpp:2955:6:bool MPU6050::getDMPInt0Status()	16	static
MPU6050.cpp:2962:6:bool MPU6050::getIntPLLReadyStatus()	16	static
MPU6050.cpp:2966:6:bool MPU6050::getIntDMPStatus()	16	static
MPU6050.cpp:2973:6:bool MPU6050::getDMPEnabled()	16	static
MPU6050.cpp:2977:6:void MPU6050::setDMPEnabled(bool)	0	static
MPU6050.cpp:2980:6:void MPU6050::resetDMP()	0	static
MPU6050.cpp:2986:6:void MPU6050::setMemoryBank(uint8_t, bool, bool)	0	static
MPU6050.cpp:2995:6:void MPU6050::setMemoryStartAddress(uint8_t)	0	static
MPU6050.cpp:3001:9:uint8_t MPU6050::readMemoryByte()	8	static
MPU6050.cpp:3005:6:void MPU6050::writeMemoryByte(uint8_t)	0	static
MPU6050.cpp:3008:6:void MPU6050::readMemoryBlock(uint8_t*, uint16_t, uint8_t, uint8_t)	48	static
MPU6050.cpp:3039:6:bool MPU6050::writeMemoryBlock(const uint8_t*, uint16_t, uint8_t, uint8_t, bool, bool)	64	static
MPU6050.cpp:3115:6:bool MPU6050::writeProgMemoryBlock(const uint8_t*, uint16_t, uint8_t, uint8_t, bool)	24	static
MPU6050.cpp:3118:6:bool MPU6050::writeDMPConfigurationSet(const uint8_t*, uint16_t, bool)	64	static
MPU6050.cpp:3194:6:bool MPU6050::writeProgDMPConfigurationSet(const uint8_t*, uint16_t)	0	static
MPU6050.cpp:3200:9:uint8_t MPU6050::getDMPConfig1()	8	static
MPU6050.cpp:3204:6:void MPU6050::setDMPConfig1(uint8_t)	0	static
MPU6050.cpp:3210:9:uint8_t MPU6050::getDMPConfig2()	8	static
MPU6050.cpp:3214:6:void MPU6050::setDMPConfig2(uint8_t)	0	static
