nrf_data.cpp:16:6:void nrf_nwk_pdu_init()	0	static
nrf_data.cpp:32:16:nrf_nwk_pdu_t* nrf_nwk_pdu_malloc()	16	static
nrf_data.cpp:47:6:void nrf_nwk_pdu_free(nrf_nwk_pdu_t*)	8	static
nrf_data.cpp:56:16:nrf_nwk_pdu_t* nrf_nwk_pdu_get(uint32_t)	0	static
nrf_data.cpp:61:6:void nrf_nwk_pdu_free(uint32_t)	8	static
nrf_data.cpp:75:6:void nrf_set_static_nwk_addr(uint16_t)	0	static
nrf_data.cpp:86:10:uint16_t nrf_get_static_nwk_addr()	8	static
nrf_data.cpp:99:6:void nrf_set_des_nwk_addr(uint16_t)	0	static
nrf_data.cpp:110:10:uint16_t nrf_get_des_nwk_addr()	8	static
nrf_data.cpp:123:10:uint8_t* nrf_get_des_phy_addr()	0	static
nrf_data.cpp:133:10:uint8_t* nrf_get_src_phy_addr()	0	static
