shell.cpp:148:7:char* str_parser_get_attr(uint8_t)	0	static
shell.cpp:376:9:int32_t shell_epi(uint8_t*)	0	static
shell.cpp:866:9:int32_t shell_psv(uint8_t*)	0	static
shell.cpp:192:9:int32_t shell_help(uint8_t*)	8	static
shell.cpp:557:9:int32_t shell_dbg(uint8_t*)	80	static
shell.cpp:852:9:int32_t shell_svc(uint8_t*)	8	static
shell.cpp:835:9:int32_t shell_fwu(uint8_t*)	96	static
shell.cpp:206:9:int32_t shell_reboot(uint8_t*)	8	static
shell.cpp:122:9:uint8_t str_parser(char*)	24	static
shell.cpp:434:9:int32_t shell_flash(uint8_t*)	24	static
shell.cpp:381:9:int32_t shell_eps(uint8_t*)	16	static
shell.cpp:368:9:int32_t shell_stt(uint8_t*)	8	static
shell.cpp:212:9:int32_t shell_fatal(uint8_t*)	120	static
shell.cpp:628:9:int32_t shell_ram(uint8_t*)	24	static
shell.cpp:165:9:int32_t shell_ver(uint8_t*)	24	static
shell.cpp:159:9:int32_t shell_reset(uint8_t*)	8	static
shell.cpp:769:9:int32_t shell_boot(uint8_t*)	104	static
shell.cpp:507:9:int32_t shell_lcd(uint8_t*)	8	static
