sys_cfg.c:38:6:sys_cfg_clock	8	static
sys_cfg.c:49:6:sys_cfg_tick	24	static
sys_cfg.c:68:6:sys_cfg_console	56	static
sys_cfg.c:121:6:sys_cfg_svc	16	static
sys_cfg.c:130:6:sys_cfg_pendsv	16	static
sys_cfg.c:139:6:sys_cfg_update_info	40	static
sys_cfg.c:210:6:sys_ctrl_shell_put_char	8	static
sys_cfg.c:199:6:xputchar	0	static
sys_cfg.c:221:9:sys_ctrl_shell_get_char	16	static
sys_cfg.c:232:6:sys_ctrl_reset	0	static
sys_cfg.c:236:6:sys_ctrl_delay_us	16	static
sys_cfg.c:242:6:sys_ctrl_delay_ms	24	static
sys_cfg.c:266:6:sys_ctr_sleep_wait_for_irq	0	static
sys_cfg.c:270:10:sys_ctr_get_exception_number	8	static
sys_cfg.c:275:6:sys_ctr_restart_app	24	static
sys_cfg.c:301:6:sys_ctrl_independent_watchdog_init	8	static
sys_cfg.c:312:6:sys_ctrl_independent_watchdog_reset	8	static
sys_cfg.c:321:6:sys_ctrl_soft_watchdog_init	32	static
sys_cfg.c:345:6:sys_ctrl_soft_watchdog_reset	8	static
sys_cfg.c:351:6:sys_ctrl_soft_watchdog_enable	8	static
sys_cfg.c:357:6:sys_ctrl_soft_watchdog_disable	8	static
sys_cfg.c:363:6:sys_ctrl_soft_watchdog_increase_counter	8	static
sys_cfg.c:371:6:sys_ctrl_get_firmware_info	12	static
sys_cfg.c:389:6:ak_irq_io_entry_trigger	0	static
sys_cfg.c:395:6:ak_irq_io_exit_trigger	0	static
