sys_cfg.c:36:6:sys_cfg_clock	8	static
sys_cfg.c:47:6:sys_cfg_tick	24	static
sys_cfg.c:66:6:sys_cfg_console	56	static
sys_cfg.c:119:6:sys_cfg_svc	16	static
sys_cfg.c:128:6:sys_cfg_pendsv	16	static
sys_cfg.c:137:6:sys_cfg_update_info	40	static
sys_cfg.c:209:6:sys_ctrl_shell_put_char	8	static
sys_cfg.c:198:6:xputchar	0	static
sys_cfg.c:220:9:sys_ctrl_shell_get_char	16	static
sys_cfg.c:231:6:sys_ctrl_reset	0	static
sys_cfg.c:235:6:timer9_int	32	static
sys_cfg.c:269:6:sys_ctrl_delay_us	16	static
sys_cfg.c:275:6:sys_ctrl_delay_ms	24	static
sys_cfg.c:299:6:sys_ctr_sleep_wait_for_irq	0	static
sys_cfg.c:303:10:sys_ctr_get_exception_number	8	static
sys_cfg.c:308:6:sys_ctr_restart_app	24	static
sys_cfg.c:334:6:sys_ctrl_independent_watchdog_init	8	static
sys_cfg.c:345:6:sys_ctrl_independent_watchdog_reset	8	static
sys_cfg.c:354:6:sys_ctrl_soft_watchdog_init	32	static
sys_cfg.c:378:6:sys_ctrl_soft_watchdog_reset	8	static
sys_cfg.c:384:6:sys_ctrl_soft_watchdog_enable	8	static
sys_cfg.c:390:6:sys_ctrl_soft_watchdog_disable	8	static
sys_cfg.c:396:6:sys_ctrl_soft_watchdog_increase_counter	8	static
sys_cfg.c:404:6:sys_ctrl_get_firmware_info	12	static
sys_cfg.c:422:6:ak_irq_io_entry_trigger	0	static
sys_cfg.c:428:6:ak_irq_io_exit_trigger	0	static
