system.c:328:30:svc_handler	0	static
system.c:338:30:pendsv_handler	0	static
system.c:191:6:default_handler	8	static
system.c:248:6:nmi_handler	8	static
system.c:252:6:hard_fault_handler	8	static
system.c:256:6:mem_manage_handler	8	static
system.c:260:6:bus_fault_handler	8	static
system.c:264:6:usage_fault_handler	8	static
system.c:273:6:systick_handler	8	static
system.c:351:6:shell_handler	8	static
system.c:362:6:exti_line1_irq	8	static
system.c:412:6:timer9_irq	8	static
system.c:423:6:usb_lp_irq	8	static
system.c:395:6:timer7_irq	8	static
system.c:166:1:sys_ctrl_delay	0	static
system.c:195:6:reset_handler	16	static
system.c:176:10:sys_ctrl_millis	16	static
system.c:184:6:_init	0	static
system.c:323:6:pendsv_exe	8	static
system.c:299:6:svc_exe	0	static
system.c:373:6:exti_line15_irq	8	static
system.c:384:6:timer6_irq	8	static
system.c:402:6:timer4_irq	8	static
