system.c:326:30:svc_handler	0	static
system.c:336:30:pendsv_handler	0	static
system.c:189:6:default_handler	8	static
system.c:246:6:nmi_handler	8	static
system.c:250:6:hard_fault_handler	8	static
system.c:254:6:mem_manage_handler	8	static
system.c:258:6:bus_fault_handler	8	static
system.c:262:6:usage_fault_handler	8	static
system.c:271:6:systick_handler	8	static
system.c:349:6:shell_handler	8	static
system.c:360:6:exti_line1_irq	8	static
system.c:382:6:timer6_irq	8	static
system.c:428:6:usb_lp_irq	8	static
system.c:393:6:timer7_irq	8	static
system.c:164:1:sys_ctrl_delay	0	static
system.c:193:6:reset_handler	16	static
system.c:174:10:sys_ctrl_millis	16	static
system.c:182:6:_init	0	static
system.c:321:6:pendsv_exe	8	static
system.c:297:6:svc_exe	0	static
system.c:371:6:exti_line15_irq	8	static
system.c:400:6:timer4_irq	8	static
system.c:417:6:rtos_irq	8	static
