usb_regs.c:66:6:SetCNTR	0	static
usb_regs.c:78:10:GetCNTR	0	static
usb_regs.c:90:6:SetISTR	0	static
usb_regs.c:102:10:GetISTR	0	static
usb_regs.c:114:10:GetFNR	0	static
usb_regs.c:126:6:SetDADDR	0	static
usb_regs.c:161:10:GetDADDR	0	static
usb_regs.c:173:6:SetBTABLE	0	static
usb_regs.c:185:10:GetBTABLE	0	static
usb_regs.c:198:6:SetENDPOINT	0	static
usb_regs.c:210:10:GetENDPOINT	0	static
usb_regs.c:223:6:SetEPType	0	static
usb_regs.c:235:10:GetEPType	0	static
usb_regs.c:248:6:SetEPTxStatus	0	static
usb_regs.c:261:6:SetEPRxStatus	0	static
usb_regs.c:274:6:SetDouBleBuffEPStall	0	static
usb_regs.c:295:10:GetEPTxStatus	0	static
usb_regs.c:307:10:GetEPRxStatus	0	static
usb_regs.c:319:6:SetEPTxValid	0	static
usb_regs.c:331:6:SetEPRxValid	0	static
usb_regs.c:391:6:SetEPDoubleBuff	0	static
usb_regs.c:379:6:Set_Status_Out	0	static
usb_regs.c:343:6:SetEP_KIND	0	static
usb_regs.c:403:6:ClearEPDoubleBuff	0	static
usb_regs.c:367:6:Clear_Status_Out	0	static
usb_regs.c:355:6:ClearEP_KIND	0	static
usb_regs.c:415:10:GetTxStallStatus	0	static
usb_regs.c:427:10:GetRxStallStatus	0	static
usb_regs.c:439:6:ClearEP_CTR_RX	0	static
usb_regs.c:451:6:ClearEP_CTR_TX	0	static
usb_regs.c:463:6:ToggleDTOG_RX	0	static
usb_regs.c:475:6:ToggleDTOG_TX	0	static
usb_regs.c:487:6:ClearDTOG_RX	0	static
usb_regs.c:499:6:ClearDTOG_TX	0	static
usb_regs.c:512:6:SetEPAddress	0	static
usb_regs.c:524:9:GetEPAddress	0	static
usb_regs.c:587:6:SetEPTxCount	0	static
usb_regs.c:606:6:SetEPCountRxReg	0	static
usb_regs.c:620:6:SetEPRxCount	0	static
usb_regs.c:658:6:SetEPDblBuffAddr	8	static
usb_regs.c:671:6:SetEPDblBuf0Addr	0	static
usb_regs.c:537:6:SetEPTxAddr	0	static
usb_regs.c:684:6:SetEPDblBuf1Addr	0	static
usb_regs.c:550:6:SetEPRxAddr	0	static
usb_regs.c:695:10:GetEPDblBuf0Addr	0	static
usb_regs.c:562:10:GetEPTxAddr	0	static
usb_regs.c:707:10:GetEPDblBuf1Addr	0	static
usb_regs.c:574:10:GetEPRxAddr	0	static
usb_regs.c:720:6:SetEPDblBuffCount	8	static
usb_regs.c:733:6:SetEPDblBuf0Count	0	static
usb_regs.c:746:6:SetEPDblBuf1Count	0	static
usb_regs.c:759:10:GetEPDblBuf0Count	0	static
usb_regs.c:632:10:GetEPTxCount	0	static
usb_regs.c:772:10:GetEPDblBuf1Count	0	static
usb_regs.c:644:10:GetEPRxCount	0	static
usb_regs.c:785:13:GetEPDblBufDir	0	static
usb_regs.c:803:6:FreeUserBuffer	0	static
usb_regs.c:822:10:ToWord	0	static
usb_regs.c:836:10:ByteSwap	0	static
